Archive member included to satisfy reference by file (symbol)

/home/ry/.local/share/pebble-sdk/SDKs/current/sdk-core/pebble/basalt/lib/libpebble.a(tmpFRPTsFpebble.o)
                              src/c/main.c.56.o (app_event_loop)
/home/ry/.local/share/pebble-sdk/SDKs/4.17/toolchain/arm-none-eabi/bin/../lib/gcc/arm-none-eabi/14.2.1/thumb/v7-m/nofp/libgcc.a(_aeabi_ldivmod.o)
                              src/c/ui.c.56.o (__aeabi_ldivmod)
/home/ry/.local/share/pebble-sdk/SDKs/4.17/toolchain/arm-none-eabi/bin/../lib/gcc/arm-none-eabi/14.2.1/thumb/v7-m/nofp/libgcc.a(_udivmoddi4.o)
                              /home/ry/.local/share/pebble-sdk/SDKs/4.17/toolchain/arm-none-eabi/bin/../lib/gcc/arm-none-eabi/14.2.1/thumb/v7-m/nofp/libgcc.a(_aeabi_ldivmod.o) (__udivmoddi4)
/home/ry/.local/share/pebble-sdk/SDKs/4.17/toolchain/arm-none-eabi/bin/../lib/gcc/arm-none-eabi/14.2.1/thumb/v7-m/nofp/libgcc.a(_dvmd_tls.o)
                              /home/ry/.local/share/pebble-sdk/SDKs/4.17/toolchain/arm-none-eabi/bin/../lib/gcc/arm-none-eabi/14.2.1/thumb/v7-m/nofp/libgcc.a(_aeabi_ldivmod.o) (__aeabi_ldiv0)
/home/ry/.local/share/pebble-sdk/SDKs/4.17/toolchain/arm-none-eabi/bin/../lib/gcc/arm-none-eabi/14.2.1/../../../../arm-none-eabi/lib/thumb/v7-m/nofp/libc.a(libc_a-atexit.o)
                              /home/ry/.local/share/pebble-sdk/SDKs/4.17/toolchain/arm-none-eabi/bin/../lib/gcc/arm-none-eabi/14.2.1/../../../../arm-none-eabi/lib/thumb/v7-m/nofp/crt0.o (atexit)
/home/ry/.local/share/pebble-sdk/SDKs/4.17/toolchain/arm-none-eabi/bin/../lib/gcc/arm-none-eabi/14.2.1/../../../../arm-none-eabi/lib/thumb/v7-m/nofp/libc.a(libc_a-exit.o)
                              /home/ry/.local/share/pebble-sdk/SDKs/4.17/toolchain/arm-none-eabi/bin/../lib/gcc/arm-none-eabi/14.2.1/../../../../arm-none-eabi/lib/thumb/v7-m/nofp/crt0.o (exit)
/home/ry/.local/share/pebble-sdk/SDKs/4.17/toolchain/arm-none-eabi/bin/../lib/gcc/arm-none-eabi/14.2.1/../../../../arm-none-eabi/lib/thumb/v7-m/nofp/libc.a(libc_a-findfp.o)
                              /home/ry/.local/share/pebble-sdk/SDKs/4.17/toolchain/arm-none-eabi/bin/../lib/gcc/arm-none-eabi/14.2.1/../../../../arm-none-eabi/lib/thumb/v7-m/nofp/libc.a(libc_a-exit.o) (__stdio_exit_handler)
/home/ry/.local/share/pebble-sdk/SDKs/4.17/toolchain/arm-none-eabi/bin/../lib/gcc/arm-none-eabi/14.2.1/../../../../arm-none-eabi/lib/thumb/v7-m/nofp/libc.a(libc_a-fwalk.o)
                              /home/ry/.local/share/pebble-sdk/SDKs/4.17/toolchain/arm-none-eabi/bin/../lib/gcc/arm-none-eabi/14.2.1/../../../../arm-none-eabi/lib/thumb/v7-m/nofp/libc.a(libc_a-findfp.o) (_fwalk_sglue)
/home/ry/.local/share/pebble-sdk/SDKs/4.17/toolchain/arm-none-eabi/bin/../lib/gcc/arm-none-eabi/14.2.1/../../../../arm-none-eabi/lib/thumb/v7-m/nofp/libc.a(libc_a-stdio.o)
                              /home/ry/.local/share/pebble-sdk/SDKs/4.17/toolchain/arm-none-eabi/bin/../lib/gcc/arm-none-eabi/14.2.1/../../../../arm-none-eabi/lib/thumb/v7-m/nofp/libc.a(libc_a-findfp.o) (__sread)
/home/ry/.local/share/pebble-sdk/SDKs/4.17/toolchain/arm-none-eabi/bin/../lib/gcc/arm-none-eabi/14.2.1/../../../../arm-none-eabi/lib/thumb/v7-m/nofp/libc.a(libc_a-closer.o)
                              /home/ry/.local/share/pebble-sdk/SDKs/4.17/toolchain/arm-none-eabi/bin/../lib/gcc/arm-none-eabi/14.2.1/../../../../arm-none-eabi/lib/thumb/v7-m/nofp/libc.a(libc_a-stdio.o) (_close_r)
/home/ry/.local/share/pebble-sdk/SDKs/4.17/toolchain/arm-none-eabi/bin/../lib/gcc/arm-none-eabi/14.2.1/../../../../arm-none-eabi/lib/thumb/v7-m/nofp/libc.a(libc_a-reent.o)
                              /home/ry/.local/share/pebble-sdk/SDKs/4.17/toolchain/arm-none-eabi/bin/../lib/gcc/arm-none-eabi/14.2.1/../../../../arm-none-eabi/lib/thumb/v7-m/nofp/libc.a(libc_a-closer.o) (errno)
/home/ry/.local/share/pebble-sdk/SDKs/4.17/toolchain/arm-none-eabi/bin/../lib/gcc/arm-none-eabi/14.2.1/../../../../arm-none-eabi/lib/thumb/v7-m/nofp/libc.a(libc_a-impure.o)
                              /home/ry/.local/share/pebble-sdk/SDKs/4.17/toolchain/arm-none-eabi/bin/../lib/gcc/arm-none-eabi/14.2.1/../../../../arm-none-eabi/lib/thumb/v7-m/nofp/libc.a(libc_a-reent.o) (_impure_ptr)
/home/ry/.local/share/pebble-sdk/SDKs/4.17/toolchain/arm-none-eabi/bin/../lib/gcc/arm-none-eabi/14.2.1/../../../../arm-none-eabi/lib/thumb/v7-m/nofp/libc.a(libc_a-lseekr.o)
                              /home/ry/.local/share/pebble-sdk/SDKs/4.17/toolchain/arm-none-eabi/bin/../lib/gcc/arm-none-eabi/14.2.1/../../../../arm-none-eabi/lib/thumb/v7-m/nofp/libc.a(libc_a-stdio.o) (_lseek_r)
/home/ry/.local/share/pebble-sdk/SDKs/4.17/toolchain/arm-none-eabi/bin/../lib/gcc/arm-none-eabi/14.2.1/../../../../arm-none-eabi/lib/thumb/v7-m/nofp/libc.a(libc_a-readr.o)
                              /home/ry/.local/share/pebble-sdk/SDKs/4.17/toolchain/arm-none-eabi/bin/../lib/gcc/arm-none-eabi/14.2.1/../../../../arm-none-eabi/lib/thumb/v7-m/nofp/libc.a(libc_a-stdio.o) (_read_r)
[...]
Memory Configuration

Name             Origin             Length             Attributes
APP              0x00000000         0x00010000         xrw
*default*        0x00000000         0xffffffff

Linker script and memory map

LOAD /home/ry/.local/share/pebble-sdk/SDKs/4.17/toolchain/arm-none-eabi/bin/../lib/gcc/arm-none-eabi/14.2.1/thumb/v7-m/nofp/crti.o
LOAD /home/ry/.local/share/pebble-sdk/SDKs/4.17/toolchain/arm-none-eabi/bin/../lib/gcc/arm-none-eabi/14.2.1/thumb/v7-m/nofp/crtbegin.o
LOAD /home/ry/.local/share/pebble-sdk/SDKs/4.17/toolchain/arm-none-eabi/bin/../lib/gcc/arm-none-eabi/14.2.1/../../../../arm-none-eabi/lib/thumb/v7-m/nofp/crt0.o
LOAD src/c/comm.c.56.o
LOAD src/c/controls.c.56.o
LOAD src/c/list.c.56.o
LOAD src/c/main.c.56.o
LOAD src/c/marquee.c.56.o
LOAD src/c/menu.c.56.o
LOAD src/c/more.c.56.o
LOAD src/c/touch_input.c.56.o
LOAD src/c/tutorial.c.56.o
LOAD src/c/ui.c.56.o
LOAD basalt/appinfo.auto.c.56.o
LOAD basalt/src/resource_ids.auto.c.56.o
LOAD src/message_keys.auto.c.56.o
LOAD /home/ry/.local/share/pebble-sdk/SDKs/current/sdk-core/pebble/basalt/lib/libpebble.a
START GROUP
LOAD /home/ry/.local/share/pebble-sdk/SDKs/4.17/toolchain/arm-none-eabi/bin/../lib/gcc/arm-none-eabi/14.2.1/thumb/v7-m/nofp/libgcc.a
LOAD /home/ry/.local/share/pebble-sdk/SDKs/4.17/toolchain/arm-none-eabi/bin/../lib/gcc/arm-none-eabi/14.2.1/../../../../arm-none-eabi/lib/thumb/v7-m/nofp/libc.a
END GROUP
LOAD /home/ry/.local/share/pebble-sdk/SDKs/4.17/toolchain/arm-none-eabi/bin/../lib/gcc/arm-none-eabi/14.2.1/thumb/v7-m/nofp/crtend.o
LOAD /home/ry/.local/share/pebble-sdk/SDKs/4.17/toolchain/arm-none-eabi/bin/../lib/gcc/arm-none-eabi/14.2.1/thumb/v7-m/nofp/crtn.o

.header         0x00000000       0x82
 *(.pbl_header)
 .pbl_header    0x00000000       0x82 basalt/appinfo.auto.c.56.o
                0x00000000                __pbl_app_info

.note.gnu.build-id
                0x00000082       0x26
                [!provide]                        PROVIDE (BUILD_ID = .)
 *(.note.gnu.build-id)
 *fill*         0x00000082        0x2 
 .note.gnu.build-id
                0x00000084       0x24 linker stubs

.text           0x000000a8     0x4990
 *(.text)
 .text          0x000000a8       0x14 /home/ry/.local/share/pebble-sdk/SDKs/current/sdk-core/pebble/basalt/lib/libpebble.a(tmpFRPTsFpebble.o)
 .text          0x000000bc       0xa0 /home/ry/.local/share/pebble-sdk/SDKs/4.17/toolchain/arm-none-eabi/bin/../lib/gcc/arm-none-eabi/14.2.1/thumb/v7-m/nofp/libgcc.a(_aeabi_ldivmod.o)
                0x000000bc                __aeabi_ldivmod
 .text          0x0000015c        0x4 /home/ry/.local/share/pebble-sdk/SDKs/4.17/toolchain/arm-none-eabi/bin/../lib/gcc/arm-none-eabi/14.2.1/thumb/v7-m/nofp/libgcc.a(_dvmd_tls.o)
                0x0000015c                __aeabi_ldiv0
                0x0000015c                __aeabi_idiv0
 *(.text.*)
 .text.outbox_sent_handler
                0x00000160       0x1c src/c/comm.c.56.o
 .text.outbox_failed_handler
                0x0000017c       0x54 src/c/comm.c.56.o
 .text.inbox_dropped_handler
                0x000001d0       0x54 src/c/comm.c.56.o
 .text.send_command_msg
                0x00000224       0x7c src/c/comm.c.56.o
 .text.inbox_received_handler
                0x000002a0      0x8c8 src/c/comm.c.56.o
 .text.comm_init
                0x00000b68       0x8c src/c/comm.c.56.o
                0x00000b68                comm_init
 .text.comm_release_old_art
                0x00000bf4       0x18 src/c/comm.c.56.o
                0x00000bf4                comm_release_old_art
 .text.comm_deinit
                0x00000c0c       0x44 src/c/comm.c.56.o
                0x00000c0c                comm_deinit
 .text.comm_send_command
                0x00000c50       0x90 src/c/comm.c.56.o
                0x00000c50                comm_send_command
 .text.comm_get_cached_art
                0x00000ce0        0xc src/c/comm.c.56.o
                0x00000ce0                comm_get_cached_art
 .text.controls_init
                0x00000cec       0x24 src/c/controls.c.56.o
                0x00000cec                controls_init
 .text.controls_deinit
                0x00000d10       0x18 src/c/controls.c.56.o
                0x00000d10                controls_deinit
 .text.get_num_sections
                0x00000d28        0x4 src/c/list.c.56.o
 .text.get_num_rows
                0x00000d2c       0x28 src/c/list.c.56.o
 .text.empty_text_for_type
                0x00000d54       0x4c src/c/list.c.56.o
 .text.get_header_height
                0x00000da0        0x4 src/c/list.c.56.o
 .text.window_unload
                0x00000da4       0x50 src/c/list.c.56.o
 .text.reset_dismiss_timer
                0x00000df4       0x38 src/c/list.c.56.o
 .text.dismiss_timer_cb
                0x00000e2c       0x20 src/c/list.c.56.o
 .text.draw_header
                0x00000e4c       0x30 src/c/list.c.56.o
 .text.draw_scrolling_row
                0x00000e7c       0xc0 src/c/list.c.56.o
 .text.draw_row
                0x00000f3c      0x130 src/c/list.c.56.o
 .text.row_marquee_redraw
                0x0000106c       0x1c src/c/list.c.56.o
 .text.list_status_clear_cb
                0x00001088       0x34 src/c/list.c.56.o
 .text.refresh_row_marquee
                0x000010bc      0x128 src/c/list.c.56.o
 .text.window_load
                0x000011e4       0xe0 src/c/list.c.56.o
 .text.selection_changed
                0x000012c4       0x10 src/c/list.c.56.o
 .text.select_callback
                0x000012d4       0xa0 src/c/list.c.56.o
 .text.list_window_push
                0x00001374       0x90 src/c/list.c.56.o
                0x00001374                list_window_push
 .text.list_add_item
                0x00001404       0x90 src/c/list.c.56.o
                0x00001404                list_add_item
 .text.list_set_count
                0x00001494        0x2 src/c/list.c.56.o
                0x00001494                list_set_count
 *fill*         0x00001496        0x2 
 .text.list_mark_done
                0x00001498       0x48 src/c/list.c.56.o
                0x00001498                list_mark_done
 .text.list_set_status
                0x000014e0       0x6c src/c/list.c.56.o
                0x000014e0                list_set_status
 .text.select_long_callback
                0x0000154c       0x44 src/c/list.c.56.o
 .text.list_set_queue_current_track
                0x00001590       0x34 src/c/list.c.56.o
                0x00001590                list_set_queue_current_track
 .text.list_set_auto_dismiss
                0x000015c4       0x10 src/c/list.c.56.o
                0x000015c4                list_set_auto_dismiss
 .text.tutorial_done
                0x000015d4        0x2 src/c/main.c.56.o
 *fill*         0x000015d6        0x2 
 .text.stop_ticking
                0x000015d8       0x18 src/c/main.c.56.o
 .text.np_window_unload
                0x000015f0       0x1c src/c/main.c.56.o
 .text.np_window_load
                0x0000160c       0x34 src/c/main.c.56.o
 .text.image_ready_cb
                0x00001640        0x4 src/c/main.c.56.o
 .text.np_click_config_provider
                0x00001644       0x58 src/c/main.c.56.o
 .text.np_down_click
                0x0000169c       0x14 src/c/main.c.56.o
 .text.np_up_click
                0x000016b0       0x14 src/c/main.c.56.o
 .text.music_command_cb
                0x000016c4      0x120 src/c/main.c.56.o
 .text.np_down_long_click
                0x000017e4       0x18 src/c/main.c.56.o
 .text.np_up_long_click
                0x000017fc       0x18 src/c/main.c.56.o
 .text.np_select_click
                0x00001814       0x30 src/c/main.c.56.o
 .text.list_done_cb
                0x00001844        0x4 src/c/main.c.56.o
 .text.list_item_cb
                0x00001848       0x22 src/c/main.c.56.o
 *fill*         0x0000186a        0x2 
 .text.track_info_cb
                0x0000186c      0x148 src/c/main.c.56.o
 .text.status_cb
                0x000019b4       0x28 src/c/main.c.56.o
 .text.mode_changed_cb
                0x000019dc       0x1c src/c/main.c.56.o
 .text.auth_status_cb
                0x000019f8       0x2c src/c/main.c.56.o
 .text.tick_cb  0x00001a24       0x50 src/c/main.c.56.o
 .text.main_get_shuffle
                0x00001a74        0xc src/c/main.c.56.o
                0x00001a74                main_get_shuffle
 .text.main_get_repeat
                0x00001a80        0xc src/c/main.c.56.o
                0x00001a80                main_get_repeat
 .text.long_press_mode_get
                0x00001a8c        0xc src/c/main.c.56.o
                0x00001a8c                long_press_mode_get
 .text.long_press_mode_toggle
                0x00001a98       0x18 src/c/main.c.56.o
                0x00001a98                long_press_mode_toggle
 .text.now_playing_window_push
                0x00001ab0       0x4c src/c/main.c.56.o
                0x00001ab0                now_playing_window_push
 .text.startup.main
                0x00001afc       0x90 src/c/main.c.56.o
                0x00001afc                main
 .text.ml_update_proc
                0x00001b8c       0x7e src/c/marquee.c.56.o
 .text.ml_redraw_cb
                0x00001c0a        0xc src/c/marquee.c.56.o
 *fill*         0x00001c16        0x2 
 .text.schedule_timer
                0x00001c18       0x2c src/c/marquee.c.56.o
 .text.tick_cb  0x00001c44       0x7c src/c/marquee.c.56.o
 .text.marquee_unregister
                0x00001cc0       0x70 src/c/marquee.c.56.o
                0x00001cc0                marquee_unregister
 .text.marquee_set
                0x00001d30       0xf8 src/c/marquee.c.56.o
                0x00001d30                marquee_set
 .text.marquee_layer_create
                0x00001e28       0x5c src/c/marquee.c.56.o
                0x00001e28                marquee_layer_create
 .text.marquee_layer_destroy
                0x00001e84       0x20 src/c/marquee.c.56.o
                0x00001e84                marquee_layer_destroy
 .text.marquee_layer_get_layer
                0x00001ea4        0x6 src/c/marquee.c.56.o
                0x00001ea4                marquee_layer_get_layer
 *fill*         0x00001eaa        0x2 
 .text.marquee_layer_set_font
                0x00001eac       0x3c src/c/marquee.c.56.o
                0x00001eac                marquee_layer_set_font
 .text.marquee_layer_set_text_color
                0x00001ee8       0x10 src/c/marquee.c.56.o
                0x00001ee8                marquee_layer_set_text_color
 .text.marquee_layer_set_alignment
                0x00001ef8       0x10 src/c/marquee.c.56.o
                0x00001ef8                marquee_layer_set_alignment
 .text.marquee_layer_set_text
                0x00001f08       0x30 src/c/marquee.c.56.o
                0x00001f08                marquee_layer_set_text
 .text.marquee_layer_stop
                0x00001f38       0x1e src/c/marquee.c.56.o
                0x00001f38                marquee_layer_stop
 .text.tutorial_restart_done
                0x00001f56        0x2 src/c/menu.c.56.o
 .text.about_get_num_rows
                0x00001f58        0x4 src/c/menu.c.56.o
 .text.get_num_sections
                0x00001f5c        0x4 src/c/menu.c.56.o
 .text.get_num_rows
                0x00001f60        0x4 src/c/menu.c.56.o
 .text.get_header_height
                0x00001f64        0x4 src/c/menu.c.56.o
 .text.window_unload
                0x00001f68       0x2c src/c/menu.c.56.o
 .text.about_unload
                0x00001f94       0x18 src/c/menu.c.56.o
 .text.about_load
                0x00001fac       0xac src/c/menu.c.56.o
 .text.select_long_callback
                0x00002058        0xa src/c/menu.c.56.o
 *fill*         0x00002062        0x2 
 .text.select_callback
                0x00002064       0xb0 src/c/menu.c.56.o
 .text.about_draw_row
                0x00002114       0x88 src/c/menu.c.56.o
 .text.refresh_np_marquee
                0x0000219c       0x74 src/c/menu.c.56.o
 .text.window_load
                0x00002210       0xe4 src/c/menu.c.56.o
 .text.menu_selection_changed
                0x000022f4       0x1c src/c/menu.c.56.o
 .text.np_marquee_redraw
                0x00002310       0x1c src/c/menu.c.56.o
 .text.about_select
                0x0000232c       0x34 src/c/menu.c.56.o
 .text.draw_row
                0x00002360       0xe4 src/c/menu.c.56.o
 .text.menu_window_push
                0x00002444       0x4c src/c/menu.c.56.o
                0x00002444                menu_window_push
 .text.menu_set_now_playing_subtitle
                0x00002490       0x34 src/c/menu.c.56.o
                0x00002490                menu_set_now_playing_subtitle
 .text.get_num_rows
                0x000024c4        0x4 src/c/more.c.56.o
 .text.window_unload
                0x000024c8       0x18 src/c/more.c.56.o
 .text.window_load
                0x000024e0       0xc8 src/c/more.c.56.o
 .text.select_click
                0x000025a8       0x50 src/c/more.c.56.o
 .text.draw_row
                0x000025f8       0x78 src/c/more.c.56.o
 .text.more_window_push
                0x00002670       0x4c src/c/more.c.56.o
                0x00002670                more_window_push
 .text.touch_input_init
                0x000026bc        0x2 src/c/touch_input.c.56.o
                0x000026bc                touch_input_init
 .text.touch_input_deinit
                0x000026be        0x2 src/c/touch_input.c.56.o
                0x000026be                touch_input_deinit
 .text.window_unload
                0x000026c0       0x40 src/c/tutorial.c.56.o
 .text.click_config
                0x00002700       0x30 src/c/tutorial.c.56.o
 .text.update_page
                0x00002730       0x6c src/c/tutorial.c.56.o
 .text.window_load
                0x0000279c      0x188 src/c/tutorial.c.56.o
 .text.up_handler
                0x00002924       0x18 src/c/tutorial.c.56.o
 .text.down_handler
                0x0000293c       0x18 src/c/tutorial.c.56.o
 .text.select_handler
                0x00002954       0x40 src/c/tutorial.c.56.o
 .text.tutorial_needed
                0x00002994       0x10 src/c/tutorial.c.56.o
                0x00002994                tutorial_needed
 .text.tutorial_show
                0x000029a4       0x58 src/c/tutorial.c.56.o
                0x000029a4                tutorial_show
 .text.hint_clear_cb
                0x000029fc       0x1c src/c/ui.c.56.o
 .text.update_clock_from_tm
                0x00002a18       0x68 src/c/ui.c.56.o
 .text.clock_tick_handler
                0x00002a80        0x4 src/c/ui.c.56.o
 .text.progress_update_proc
                0x00002a84       0x88 src/c/ui.c.56.o
 .text.overlay_update_proc
                0x00002b0c      0x294 src/c/ui.c.56.o
 .text.marquee_stop_cb
                0x00002da0       0x1c src/c/ui.c.56.o
 .text.apply_art_content
                0x00002dbc       0x30 src/c/ui.c.56.o
 .text.set_art_x
                0x00002dec       0x40 src/c/ui.c.56.o
 .text.art_anim_stopped
                0x00002e2c       0x34 src/c/ui.c.56.o
 .text.set_text_x_delta
                0x00002e60       0x7c src/c/ui.c.56.o
 .text.start_text_transition
                0x00002edc       0x8c src/c/ui.c.56.o
 .text.text_debounce_cb
                0x00002f68       0x10 src/c/ui.c.56.o
 .text.reset_marquee_timer
                0x00002f78       0x30 src/c/ui.c.56.o
 .text.apply_text_content
                0x00002fa8       0x58 src/c/ui.c.56.o
 .text.text_anim_stopped
                0x00003000       0x28 src/c/ui.c.56.o
 .text.no_track_timeout_cb
                0x00003028       0x68 src/c/ui.c.56.o
 .text.moook_enter_dx.part.0
                0x00003090       0x68 src/c/ui.c.56.o
 .text.text_anim_update
                0x000030f8       0xc8 src/c/ui.c.56.o
 .text.art_anim_update
                0x000031c0       0xe0 src/c/ui.c.56.o
 .text.ui_init  0x000032a0      0x3c0 src/c/ui.c.56.o
                0x000032a0                ui_init
 .text.ui_deinit
                0x00003660       0xd4 src/c/ui.c.56.o
                0x00003660                ui_deinit
 .text.ui_clear_album_art_instant
                0x00003734       0x40 src/c/ui.c.56.o
                0x00003734                ui_clear_album_art_instant
 .text.ui_set_album_art
                0x00003774       0xb8 src/c/ui.c.56.o
                0x00003774                ui_set_album_art
 .text.ui_set_status
                0x0000382c        0x2 src/c/ui.c.56.o
                0x0000382c                ui_set_status
 *fill*         0x0000382e        0x2 
 .text.ui_start_loading
                0x00003830       0x74 src/c/ui.c.56.o
                0x00003830                ui_start_loading
 .text.ui_set_track_info
                0x000038a4       0xb0 src/c/ui.c.56.o
                0x000038a4                ui_set_track_info
 .text.ui_set_shuffle
                0x00003954       0x24 src/c/ui.c.56.o
                0x00003954                ui_set_shuffle
 .text.ui_set_repeat
                0x00003978       0x24 src/c/ui.c.56.o
                0x00003978                ui_set_repeat
 .text.ui_hint_animation_dir
                0x0000399c       0x44 src/c/ui.c.56.o
                0x0000399c                ui_hint_animation_dir
 .text.ui_set_progress
                0x000039e0       0x8c src/c/ui.c.56.o
                0x000039e0                ui_set_progress
 .text.app_event_loop
                0x00003a6c        0xc /home/ry/.local/share/pebble-sdk/SDKs/current/sdk-core/pebble/basalt/lib/libpebble.a(tmpFRPTsFpebble.o)
                0x00003a6c                app_event_loop
 .text.app_log  0x00003a78        0xc /home/ry/.local/share/pebble-sdk/SDKs/current/sdk-core/pebble/basalt/lib/libpebble.a(tmpFRPTsFpebble.o)
                0x00003a78                app_log
 .text.app_message_deregister_callbacks
                0x00003a84        0xc /home/ry/.local/share/pebble-sdk/SDKs/current/sdk-core/pebble/basalt/lib/libpebble.a(tmpFRPTsFpebble.o)
                0x00003a84                app_message_deregister_callbacks
 .text.app_message_open
                0x00003a90        0xc /home/ry/.local/share/pebble-sdk/SDKs/current/sdk-core/pebble/basalt/lib/libpebble.a(tmpFRPTsFpebble.o)
                0x00003a90                app_message_open
 .text.app_timer_cancel
                0x00003a9c        0xc /home/ry/.local/share/pebble-sdk/SDKs/current/sdk-core/pebble/basalt/lib/libpebble.a(tmpFRPTsFpebble.o)
                0x00003a9c                app_timer_cancel
 .text.app_timer_register
                0x00003aa8        0xc /home/ry/.local/share/pebble-sdk/SDKs/current/sdk-core/pebble/basalt/lib/libpebble.a(tmpFRPTsFpebble.o)
                0x00003aa8                app_timer_register
 .text.app_timer_reschedule
                0x00003ab4        0xc /home/ry/.local/share/pebble-sdk/SDKs/current/sdk-core/pebble/basalt/lib/libpebble.a(tmpFRPTsFpebble.o)
                0x00003ab4                app_timer_reschedule
 .text.bitmap_layer_create
                0x00003ac0        0xc /home/ry/.local/share/pebble-sdk/SDKs/current/sdk-core/pebble/basalt/lib/libpebble.a(tmpFRPTsFpebble.o)
                0x00003ac0                bitmap_layer_create
 .text.bitmap_layer_destroy
                0x00003acc        0xc /home/ry/.local/share/pebble-sdk/SDKs/current/sdk-core/pebble/basalt/lib/libpebble.a(tmpFRPTsFpebble.o)
                0x00003acc                bitmap_layer_destroy
 .text.bitmap_layer_get_layer
                0x00003ad8        0xc /home/ry/.local/share/pebble-sdk/SDKs/current/sdk-core/pebble/basalt/lib/libpebble.a(tmpFRPTsFpebble.o)
                0x00003ad8                bitmap_layer_get_layer
 .text.bitmap_layer_set_alignment
                0x00003ae4        0xc /home/ry/.local/share/pebble-sdk/SDKs/current/sdk-core/pebble/basalt/lib/libpebble.a(tmpFRPTsFpebble.o)
                0x00003ae4                bitmap_layer_set_alignment
 .text.bitmap_layer_set_bitmap
                0x00003af0        0xc /home/ry/.local/share/pebble-sdk/SDKs/current/sdk-core/pebble/basalt/lib/libpebble.a(tmpFRPTsFpebble.o)
                0x00003af0                bitmap_layer_set_bitmap
 .text.bitmap_layer_set_compositing_mode
                0x00003afc        0xc /home/ry/.local/share/pebble-sdk/SDKs/current/sdk-core/pebble/basalt/lib/libpebble.a(tmpFRPTsFpebble.o)
                0x00003afc                bitmap_layer_set_compositing_mode
 .text.clock_is_24h_style
                0x00003b08        0xc /home/ry/.local/share/pebble-sdk/SDKs/current/sdk-core/pebble/basalt/lib/libpebble.a(tmpFRPTsFpebble.o)
                0x00003b08                clock_is_24h_style
 .text.dict_find
                0x00003b14        0xc /home/ry/.local/share/pebble-sdk/SDKs/current/sdk-core/pebble/basalt/lib/libpebble.a(tmpFRPTsFpebble.o)
                0x00003b14                dict_find
 .text.dict_write_cstring
                0x00003b20        0xc /home/ry/.local/share/pebble-sdk/SDKs/current/sdk-core/pebble/basalt/lib/libpebble.a(tmpFRPTsFpebble.o)
                0x00003b20                dict_write_cstring
 .text.dict_write_int32
                0x00003b2c        0xc /home/ry/.local/share/pebble-sdk/SDKs/current/sdk-core/pebble/basalt/lib/libpebble.a(tmpFRPTsFpebble.o)
                0x00003b2c                dict_write_int32
 .text.fonts_get_system_font
                0x00003b38        0xc /home/ry/.local/share/pebble-sdk/SDKs/current/sdk-core/pebble/basalt/lib/libpebble.a(tmpFRPTsFpebble.o)
                0x00003b38                fonts_get_system_font
 .text.free     0x00003b44        0xc /home/ry/.local/share/pebble-sdk/SDKs/current/sdk-core/pebble/basalt/lib/libpebble.a(tmpFRPTsFpebble.o)
                0x00003b44                free
 .text.gbitmap_destroy
                0x00003b50        0xc /home/ry/.local/share/pebble-sdk/SDKs/current/sdk-core/pebble/basalt/lib/libpebble.a(tmpFRPTsFpebble.o)
                0x00003b50                gbitmap_destroy
 .text.graphics_draw_line
                0x00003b5c        0xc /home/ry/.local/share/pebble-sdk/SDKs/current/sdk-core/pebble/basalt/lib/libpebble.a(tmpFRPTsFpebble.o)
                0x00003b5c                graphics_draw_line
 .text.graphics_draw_pixel
                0x00003b68        0xc /home/ry/.local/share/pebble-sdk/SDKs/current/sdk-core/pebble/basalt/lib/libpebble.a(tmpFRPTsFpebble.o)
                0x00003b68                graphics_draw_pixel
 .text.graphics_fill_rect
                0x00003b74        0xc /home/ry/.local/share/pebble-sdk/SDKs/current/sdk-core/pebble/basalt/lib/libpebble.a(tmpFRPTsFpebble.o)
                0x00003b74                graphics_fill_rect
 .text.layer_add_child
                0x00003b80        0xc /home/ry/.local/share/pebble-sdk/SDKs/current/sdk-core/pebble/basalt/lib/libpebble.a(tmpFRPTsFpebble.o)
                0x00003b80                layer_add_child
 .text.layer_create
                0x00003b8c        0xc /home/ry/.local/share/pebble-sdk/SDKs/current/sdk-core/pebble/basalt/lib/libpebble.a(tmpFRPTsFpebble.o)
                0x00003b8c                layer_create
 .text.layer_create_with_data
                0x00003b98        0xc /home/ry/.local/share/pebble-sdk/SDKs/current/sdk-core/pebble/basalt/lib/libpebble.a(tmpFRPTsFpebble.o)
                0x00003b98                layer_create_with_data
 .text.layer_destroy
                0x00003ba4        0xc /home/ry/.local/share/pebble-sdk/SDKs/current/sdk-core/pebble/basalt/lib/libpebble.a(tmpFRPTsFpebble.o)
                0x00003ba4                layer_destroy
 .text.layer_get_bounds
                0x00003bb0        0xc /home/ry/.local/share/pebble-sdk/SDKs/current/sdk-core/pebble/basalt/lib/libpebble.a(tmpFRPTsFpebble.o)
                0x00003bb0                layer_get_bounds
 .text.layer_get_data
                0x00003bbc        0xc /home/ry/.local/share/pebble-sdk/SDKs/current/sdk-core/pebble/basalt/lib/libpebble.a(tmpFRPTsFpebble.o)
                0x00003bbc                layer_get_data
 .text.layer_get_frame
                0x00003bc8        0xc /home/ry/.local/share/pebble-sdk/SDKs/current/sdk-core/pebble/basalt/lib/libpebble.a(tmpFRPTsFpebble.o)
                0x00003bc8                layer_get_frame
 .text.layer_mark_dirty
                0x00003bd4        0xc /home/ry/.local/share/pebble-sdk/SDKs/current/sdk-core/pebble/basalt/lib/libpebble.a(tmpFRPTsFpebble.o)
                0x00003bd4                layer_mark_dirty
 .text.layer_set_frame
                0x00003be0        0xc /home/ry/.local/share/pebble-sdk/SDKs/current/sdk-core/pebble/basalt/lib/libpebble.a(tmpFRPTsFpebble.o)
                0x00003be0                layer_set_frame
 .text.layer_set_update_proc
                0x00003bec        0xc /home/ry/.local/share/pebble-sdk/SDKs/current/sdk-core/pebble/basalt/lib/libpebble.a(tmpFRPTsFpebble.o)
                0x00003bec                layer_set_update_proc
 .text.malloc   0x00003bf8        0xc /home/ry/.local/share/pebble-sdk/SDKs/current/sdk-core/pebble/basalt/lib/libpebble.a(tmpFRPTsFpebble.o)
                0x00003bf8                malloc
 .text.memcpy   0x00003c04        0xc /home/ry/.local/share/pebble-sdk/SDKs/current/sdk-core/pebble/basalt/lib/libpebble.a(tmpFRPTsFpebble.o)
                0x00003c04                memcpy
 .text.memmove  0x00003c10        0xc /home/ry/.local/share/pebble-sdk/SDKs/current/sdk-core/pebble/basalt/lib/libpebble.a(tmpFRPTsFpebble.o)
                0x00003c10                memmove
 .text.memset   0x00003c1c        0xc /home/ry/.local/share/pebble-sdk/SDKs/current/sdk-core/pebble/basalt/lib/libpebble.a(tmpFRPTsFpebble.o)
                0x00003c1c                memset
 .text.menu_cell_basic_draw
                0x00003c28        0xc /home/ry/.local/share/pebble-sdk/SDKs/current/sdk-core/pebble/basalt/lib/libpebble.a(tmpFRPTsFpebble.o)
                0x00003c28                menu_cell_basic_draw
 .text.menu_cell_basic_header_draw
                0x00003c34        0xc /home/ry/.local/share/pebble-sdk/SDKs/current/sdk-core/pebble/basalt/lib/libpebble.a(tmpFRPTsFpebble.o)
                0x00003c34                menu_cell_basic_header_draw
 .text.menu_layer_destroy
                0x00003c40        0xc /home/ry/.local/share/pebble-sdk/SDKs/current/sdk-core/pebble/basalt/lib/libpebble.a(tmpFRPTsFpebble.o)
                0x00003c40                menu_layer_destroy
 .text.menu_layer_get_layer
                0x00003c4c        0xc /home/ry/.local/share/pebble-sdk/SDKs/current/sdk-core/pebble/basalt/lib/libpebble.a(tmpFRPTsFpebble.o)
                0x00003c4c                menu_layer_get_layer
 .text.menu_layer_get_selected_index
                0x00003c58        0xc /home/ry/.local/share/pebble-sdk/SDKs/current/sdk-core/pebble/basalt/lib/libpebble.a(tmpFRPTsFpebble.o)
                0x00003c58                menu_layer_get_selected_index
 .text.menu_layer_reload_data
                0x00003c64        0xc /home/ry/.local/share/pebble-sdk/SDKs/current/sdk-core/pebble/basalt/lib/libpebble.a(tmpFRPTsFpebble.o)
                0x00003c64                menu_layer_reload_data
 .text.menu_layer_set_click_config_onto_window
                0x00003c70        0xc /home/ry/.local/share/pebble-sdk/SDKs/current/sdk-core/pebble/basalt/lib/libpebble.a(tmpFRPTsFpebble.o)
                0x00003c70                menu_layer_set_click_config_onto_window
 .text.persist_read_bool
                0x00003c7c        0xc /home/ry/.local/share/pebble-sdk/SDKs/current/sdk-core/pebble/basalt/lib/libpebble.a(tmpFRPTsFpebble.o)
                0x00003c7c                persist_read_bool
 .text.persist_read_int
                0x00003c88        0xc /home/ry/.local/share/pebble-sdk/SDKs/current/sdk-core/pebble/basalt/lib/libpebble.a(tmpFRPTsFpebble.o)
                0x00003c88                persist_read_int
 .text.persist_write_bool
                0x00003c94        0xc /home/ry/.local/share/pebble-sdk/SDKs/current/sdk-core/pebble/basalt/lib/libpebble.a(tmpFRPTsFpebble.o)
                0x00003c94                persist_write_bool
 .text.persist_write_int
                0x00003ca0        0xc /home/ry/.local/share/pebble-sdk/SDKs/current/sdk-core/pebble/basalt/lib/libpebble.a(tmpFRPTsFpebble.o)
                0x00003ca0                persist_write_int
 .text.snprintf
                0x00003cac        0xc /home/ry/.local/share/pebble-sdk/SDKs/current/sdk-core/pebble/basalt/lib/libpebble.a(tmpFRPTsFpebble.o)
                0x00003cac                snprintf
 .text.strcmp   0x00003cb8        0xc /home/ry/.local/share/pebble-sdk/SDKs/current/sdk-core/pebble/basalt/lib/libpebble.a(tmpFRPTsFpebble.o)
                0x00003cb8                strcmp
 .text.strcpy   0x00003cc4        0xc /home/ry/.local/share/pebble-sdk/SDKs/current/sdk-core/pebble/basalt/lib/libpebble.a(tmpFRPTsFpebble.o)
                0x00003cc4                strcpy
 .text.strftime
                0x00003cd0        0xc /home/ry/.local/share/pebble-sdk/SDKs/current/sdk-core/pebble/basalt/lib/libpebble.a(tmpFRPTsFpebble.o)
                0x00003cd0                strftime
 .text.strlen   0x00003cdc        0xc /home/ry/.local/share/pebble-sdk/SDKs/current/sdk-core/pebble/basalt/lib/libpebble.a(tmpFRPTsFpebble.o)
                0x00003cdc                strlen
 .text.strncmp  0x00003ce8        0xc /home/ry/.local/share/pebble-sdk/SDKs/current/sdk-core/pebble/basalt/lib/libpebble.a(tmpFRPTsFpebble.o)
                0x00003ce8                strncmp
 .text.strncpy  0x00003cf4        0xc /home/ry/.local/share/pebble-sdk/SDKs/current/sdk-core/pebble/basalt/lib/libpebble.a(tmpFRPTsFpebble.o)
                0x00003cf4                strncpy
 .text.tick_timer_service_subscribe
                0x00003d00        0xc /home/ry/.local/share/pebble-sdk/SDKs/current/sdk-core/pebble/basalt/lib/libpebble.a(tmpFRPTsFpebble.o)
                0x00003d00                tick_timer_service_subscribe
 .text.tick_timer_service_unsubscribe
                0x00003d0c        0xc /home/ry/.local/share/pebble-sdk/SDKs/current/sdk-core/pebble/basalt/lib/libpebble.a(tmpFRPTsFpebble.o)
                0x00003d0c                tick_timer_service_unsubscribe
 .text.vibes_short_pulse
                0x00003d18        0xc /home/ry/.local/share/pebble-sdk/SDKs/current/sdk-core/pebble/basalt/lib/libpebble.a(tmpFRPTsFpebble.o)
                0x00003d18                vibes_short_pulse
 .text.window_create
                0x00003d24        0xc /home/ry/.local/share/pebble-sdk/SDKs/current/sdk-core/pebble/basalt/lib/libpebble.a(tmpFRPTsFpebble.o)
                0x00003d24                window_create
 .text.window_destroy
                0x00003d30        0xc /home/ry/.local/share/pebble-sdk/SDKs/current/sdk-core/pebble/basalt/lib/libpebble.a(tmpFRPTsFpebble.o)
                0x00003d30                window_destroy
 .text.window_get_root_layer
                0x00003d3c        0xc /home/ry/.local/share/pebble-sdk/SDKs/current/sdk-core/pebble/basalt/lib/libpebble.a(tmpFRPTsFpebble.o)
                0x00003d3c                window_get_root_layer
 .text.window_set_click_config_provider
                0x00003d48        0xc /home/ry/.local/share/pebble-sdk/SDKs/current/sdk-core/pebble/basalt/lib/libpebble.a(tmpFRPTsFpebble.o)
                0x00003d48                window_set_click_config_provider
 .text.window_set_window_handlers
                0x00003d54        0xc /home/ry/.local/share/pebble-sdk/SDKs/current/sdk-core/pebble/basalt/lib/libpebble.a(tmpFRPTsFpebble.o)
                0x00003d54                window_set_window_handlers
 .text.window_stack_pop
                0x00003d60        0xc /home/ry/.local/share/pebble-sdk/SDKs/current/sdk-core/pebble/basalt/lib/libpebble.a(tmpFRPTsFpebble.o)
                0x00003d60                window_stack_pop
 .text.window_stack_push
                0x00003d6c        0xc /home/ry/.local/share/pebble-sdk/SDKs/current/sdk-core/pebble/basalt/lib/libpebble.a(tmpFRPTsFpebble.o)
                0x00003d6c                window_stack_push
 .text.window_stack_remove
                0x00003d78        0xc /home/ry/.local/share/pebble-sdk/SDKs/current/sdk-core/pebble/basalt/lib/libpebble.a(tmpFRPTsFpebble.o)
                0x00003d78                window_stack_remove
 .text.app_message_inbox_size_maximum
                0x00003d84        0xc /home/ry/.local/share/pebble-sdk/SDKs/current/sdk-core/pebble/basalt/lib/libpebble.a(tmpFRPTsFpebble.o)
                0x00003d84                app_message_inbox_size_maximum
 .text.app_message_outbox_begin
                0x00003d90        0xc /home/ry/.local/share/pebble-sdk/SDKs/current/sdk-core/pebble/basalt/lib/libpebble.a(tmpFRPTsFpebble.o)
                0x00003d90                app_message_outbox_begin
 .text.app_message_outbox_send
                0x00003d9c        0xc /home/ry/.local/share/pebble-sdk/SDKs/current/sdk-core/pebble/basalt/lib/libpebble.a(tmpFRPTsFpebble.o)
                0x00003d9c                app_message_outbox_send
 .text.app_message_outbox_size_maximum
                0x00003da8        0xc /home/ry/.local/share/pebble-sdk/SDKs/current/sdk-core/pebble/basalt/lib/libpebble.a(tmpFRPTsFpebble.o)
                0x00003da8                app_message_outbox_size_maximum
 .text.app_message_register_inbox_dropped
                0x00003db4        0xc /home/ry/.local/share/pebble-sdk/SDKs/current/sdk-core/pebble/basalt/lib/libpebble.a(tmpFRPTsFpebble.o)
                0x00003db4                app_message_register_inbox_dropped
 .text.app_message_register_inbox_received
                0x00003dc0        0xc /home/ry/.local/share/pebble-sdk/SDKs/current/sdk-core/pebble/basalt/lib/libpebble.a(tmpFRPTsFpebble.o)
                0x00003dc0                app_message_register_inbox_received
 .text.app_message_register_outbox_failed
                0x00003dcc        0xc /home/ry/.local/share/pebble-sdk/SDKs/current/sdk-core/pebble/basalt/lib/libpebble.a(tmpFRPTsFpebble.o)
                0x00003dcc                app_message_register_outbox_failed
 .text.app_message_register_outbox_sent
                0x00003dd8        0xc /home/ry/.local/share/pebble-sdk/SDKs/current/sdk-core/pebble/basalt/lib/libpebble.a(tmpFRPTsFpebble.o)
                0x00003dd8                app_message_register_outbox_sent
 .text.window_long_click_subscribe
                0x00003de4        0xc /home/ry/.local/share/pebble-sdk/SDKs/current/sdk-core/pebble/basalt/lib/libpebble.a(tmpFRPTsFpebble.o)
                0x00003de4                window_long_click_subscribe
 .text.window_single_click_subscribe
                0x00003df0        0xc /home/ry/.local/share/pebble-sdk/SDKs/current/sdk-core/pebble/basalt/lib/libpebble.a(tmpFRPTsFpebble.o)
                0x00003df0                window_single_click_subscribe
 .text.graphics_draw_text
                0x00003dfc        0xc /home/ry/.local/share/pebble-sdk/SDKs/current/sdk-core/pebble/basalt/lib/libpebble.a(tmpFRPTsFpebble.o)
                0x00003dfc                graphics_draw_text
 .text.graphics_text_layout_get_content_size
                0x00003e08        0xc /home/ry/.local/share/pebble-sdk/SDKs/current/sdk-core/pebble/basalt/lib/libpebble.a(tmpFRPTsFpebble.o)
                0x00003e08                graphics_text_layout_get_content_size
 .text.launch_reason
                0x00003e14        0xc /home/ry/.local/share/pebble-sdk/SDKs/current/sdk-core/pebble/basalt/lib/libpebble.a(tmpFRPTsFpebble.o)
                0x00003e14                launch_reason
 .text.bitmap_layer_set_background_color
                0x00003e20        0xc /home/ry/.local/share/pebble-sdk/SDKs/current/sdk-core/pebble/basalt/lib/libpebble.a(tmpFRPTsFpebble.o)
                0x00003e20                bitmap_layer_set_background_color
 .text.graphics_context_set_fill_color
                0x00003e2c        0xc /home/ry/.local/share/pebble-sdk/SDKs/current/sdk-core/pebble/basalt/lib/libpebble.a(tmpFRPTsFpebble.o)
                0x00003e2c                graphics_context_set_fill_color
 .text.graphics_context_set_stroke_color
                0x00003e38        0xc /home/ry/.local/share/pebble-sdk/SDKs/current/sdk-core/pebble/basalt/lib/libpebble.a(tmpFRPTsFpebble.o)
                0x00003e38                graphics_context_set_stroke_color
 .text.graphics_context_set_text_color
                0x00003e44        0xc /home/ry/.local/share/pebble-sdk/SDKs/current/sdk-core/pebble/basalt/lib/libpebble.a(tmpFRPTsFpebble.o)
                0x00003e44                graphics_context_set_text_color
 .text.window_set_background_color
                0x00003e50        0xc /home/ry/.local/share/pebble-sdk/SDKs/current/sdk-core/pebble/basalt/lib/libpebble.a(tmpFRPTsFpebble.o)
                0x00003e50                window_set_background_color
 .text.localtime
                0x00003e5c        0xc /home/ry/.local/share/pebble-sdk/SDKs/current/sdk-core/pebble/basalt/lib/libpebble.a(tmpFRPTsFpebble.o)
                0x00003e5c                localtime
 .text.animation_create
                0x00003e68        0xc /home/ry/.local/share/pebble-sdk/SDKs/current/sdk-core/pebble/basalt/lib/libpebble.a(tmpFRPTsFpebble.o)
                0x00003e68                animation_create
 .text.animation_schedule
                0x00003e74        0xc /home/ry/.local/share/pebble-sdk/SDKs/current/sdk-core/pebble/basalt/lib/libpebble.a(tmpFRPTsFpebble.o)
                0x00003e74                animation_schedule
 .text.animation_set_curve
                0x00003e80        0xc /home/ry/.local/share/pebble-sdk/SDKs/current/sdk-core/pebble/basalt/lib/libpebble.a(tmpFRPTsFpebble.o)
                0x00003e80                animation_set_curve
 .text.animation_set_duration
                0x00003e8c        0xc /home/ry/.local/share/pebble-sdk/SDKs/current/sdk-core/pebble/basalt/lib/libpebble.a(tmpFRPTsFpebble.o)
                0x00003e8c                animation_set_duration
 .text.animation_set_handlers
                0x00003e98        0xc /home/ry/.local/share/pebble-sdk/SDKs/current/sdk-core/pebble/basalt/lib/libpebble.a(tmpFRPTsFpebble.o)
                0x00003e98                animation_set_handlers
 .text.animation_set_implementation
                0x00003ea4        0xc /home/ry/.local/share/pebble-sdk/SDKs/current/sdk-core/pebble/basalt/lib/libpebble.a(tmpFRPTsFpebble.o)
                0x00003ea4                animation_set_implementation
 .text.animation_unschedule
                0x00003eb0        0xc /home/ry/.local/share/pebble-sdk/SDKs/current/sdk-core/pebble/basalt/lib/libpebble.a(tmpFRPTsFpebble.o)
                0x00003eb0                animation_unschedule
 .text.gbitmap_create_blank
                0x00003ebc        0xc /home/ry/.local/share/pebble-sdk/SDKs/current/sdk-core/pebble/basalt/lib/libpebble.a(tmpFRPTsFpebble.o)
                0x00003ebc                gbitmap_create_blank
 .text.gbitmap_get_bytes_per_row
                0x00003ec8        0xc /home/ry/.local/share/pebble-sdk/SDKs/current/sdk-core/pebble/basalt/lib/libpebble.a(tmpFRPTsFpebble.o)
                0x00003ec8                gbitmap_get_bytes_per_row
 .text.gbitmap_get_data
                0x00003ed4        0xc /home/ry/.local/share/pebble-sdk/SDKs/current/sdk-core/pebble/basalt/lib/libpebble.a(tmpFRPTsFpebble.o)
                0x00003ed4                gbitmap_get_data
 .text.menu_layer_create
                0x00003ee0        0xc /home/ry/.local/share/pebble-sdk/SDKs/current/sdk-core/pebble/basalt/lib/libpebble.a(tmpFRPTsFpebble.o)
                0x00003ee0                menu_layer_create
 .text.text_layer_create
                0x00003eec        0xc /home/ry/.local/share/pebble-sdk/SDKs/current/sdk-core/pebble/basalt/lib/libpebble.a(tmpFRPTsFpebble.o)
                0x00003eec                text_layer_create
 .text.text_layer_destroy
                0x00003ef8        0xc /home/ry/.local/share/pebble-sdk/SDKs/current/sdk-core/pebble/basalt/lib/libpebble.a(tmpFRPTsFpebble.o)
                0x00003ef8                text_layer_destroy
 .text.text_layer_get_layer
                0x00003f04        0xc /home/ry/.local/share/pebble-sdk/SDKs/current/sdk-core/pebble/basalt/lib/libpebble.a(tmpFRPTsFpebble.o)
                0x00003f04                text_layer_get_layer
 .text.text_layer_set_background_color
                0x00003f10        0xc /home/ry/.local/share/pebble-sdk/SDKs/current/sdk-core/pebble/basalt/lib/libpebble.a(tmpFRPTsFpebble.o)
                0x00003f10                text_layer_set_background_color
 .text.text_layer_set_font
                0x00003f1c        0xc /home/ry/.local/share/pebble-sdk/SDKs/current/sdk-core/pebble/basalt/lib/libpebble.a(tmpFRPTsFpebble.o)
                0x00003f1c                text_layer_set_font
 .text.text_layer_set_overflow_mode
                0x00003f28        0xc /home/ry/.local/share/pebble-sdk/SDKs/current/sdk-core/pebble/basalt/lib/libpebble.a(tmpFRPTsFpebble.o)
                0x00003f28                text_layer_set_overflow_mode
 .text.text_layer_set_text
                0x00003f34        0xc /home/ry/.local/share/pebble-sdk/SDKs/current/sdk-core/pebble/basalt/lib/libpebble.a(tmpFRPTsFpebble.o)
                0x00003f34                text_layer_set_text
 .text.text_layer_set_text_alignment
                0x00003f40        0xc /home/ry/.local/share/pebble-sdk/SDKs/current/sdk-core/pebble/basalt/lib/libpebble.a(tmpFRPTsFpebble.o)
                0x00003f40                text_layer_set_text_alignment
 .text.text_layer_set_text_color
                0x00003f4c        0xc /home/ry/.local/share/pebble-sdk/SDKs/current/sdk-core/pebble/basalt/lib/libpebble.a(tmpFRPTsFpebble.o)
                0x00003f4c                text_layer_set_text_color
 .text.time     0x00003f58        0xc /home/ry/.local/share/pebble-sdk/SDKs/current/sdk-core/pebble/basalt/lib/libpebble.a(tmpFRPTsFpebble.o)
                0x00003f58                time
 .text.menu_layer_set_highlight_colors
                0x00003f64        0xc /home/ry/.local/share/pebble-sdk/SDKs/current/sdk-core/pebble/basalt/lib/libpebble.a(tmpFRPTsFpebble.o)
                0x00003f64                menu_layer_set_highlight_colors
 .text.menu_layer_set_normal_colors
                0x00003f70        0xc /home/ry/.local/share/pebble-sdk/SDKs/current/sdk-core/pebble/basalt/lib/libpebble.a(tmpFRPTsFpebble.o)
                0x00003f70                menu_layer_set_normal_colors
 .text.menu_layer_set_callbacks
                0x00003f7c        0xc /home/ry/.local/share/pebble-sdk/SDKs/current/sdk-core/pebble/basalt/lib/libpebble.a(tmpFRPTsFpebble.o)
                0x00003f7c                menu_layer_set_callbacks
 .text.__udivmoddi4
                0x00003f88      0x2f4 /home/ry/.local/share/pebble-sdk/SDKs/4.17/toolchain/arm-none-eabi/bin/../lib/gcc/arm-none-eabi/14.2.1/thumb/v7-m/nofp/libgcc.a(_udivmoddi4.o)
                0x00003f88                __udivmoddi4
 *(.rodata)
 *(.rodata*)
 .rodata.outbox_sent_handler.str1.1
                0x0000427c      0x7a7 src/c/comm.c.56.o
                                 0x16 (size before relaxing)
 .rodata.outbox_failed_handler.str1.1
                0x00004a23       0x22 src/c/comm.c.56.o
 .rodata.inbox_dropped_handler.str1.1
                0x00004a23       0x24 src/c/comm.c.56.o
 .rodata.send_command_msg.str1.1
                0x00004a23       0x2f src/c/comm.c.56.o
 .rodata.inbox_received_handler.str1.1
                0x00004a23      0x23c src/c/comm.c.56.o
 .rodata.comm_init.str1.1
                0x00004a23       0x26 src/c/comm.c.56.o
 .rodata.comm_send_command.str1.1
                0x00004a23       0x36 src/c/comm.c.56.o
 .rodata.empty_text_for_type.str1.1
                0x00004a23       0x5b src/c/list.c.56.o
 .rodata.draw_scrolling_row.str1.1
                0x00004a23       0x31 src/c/list.c.56.o
 .rodata.draw_row.str1.1
                0x00004a23       0x17 src/c/list.c.56.o
 .rodata.select_long_callback.str1.1
                0x00004a23       0x12 src/c/list.c.56.o
 .rodata.str1.1
                0x00004a23       0x34 src/c/list.c.56.o
 .rodata.music_command_cb.str1.1
                0x00004a23       0x51 src/c/main.c.56.o
 .rodata.track_info_cb.str1.1
                0x00004a23       0x79 src/c/main.c.56.o
 .rodata.status_cb.str1.1
                0x00004a23        0xf src/c/main.c.56.o
 .rodata.mode_changed_cb.str1.1
                0x00004a23       0x17 src/c/main.c.56.o
 .rodata.auth_status_cb.str1.1
                0x00004a23       0x29 src/c/main.c.56.o
 .rodata.marquee_set.str1.1
                0x00004a23        0x1 src/c/marquee.c.56.o
 .rodata.about_draw_row.str1.1
                0x00004a23       0x5f src/c/menu.c.56.o
 .rodata.refresh_np_marquee.str1.1
                0x00004a23       0x16 src/c/menu.c.56.o
 .rodata.draw_row.str1.1
                0x00004a23       0x27 src/c/menu.c.56.o
 .rodata.str1.1
                0x00004a23       0x34 src/c/menu.c.56.o
 .rodata.draw_row.str1.1
                0x00004a23       0x24 src/c/more.c.56.o
 .rodata.update_page.str1.1
                0x00004a23       0x1e src/c/tutorial.c.56.o
 .rodata.window_load.str1.1
                0x00004a23       0x47 src/c/tutorial.c.56.o
 .rodata.str1.1
                0x00004a23      0x196 src/c/tutorial.c.56.o
 .rodata.update_clock_from_tm.str1.1
                0x00004a23        0xc src/c/ui.c.56.o
 .rodata.overlay_update_proc.str1.1
                0x00004a23       0x16 src/c/ui.c.56.o
 .rodata.no_track_timeout_cb.str1.1
                0x00004a23       0x1a src/c/ui.c.56.o
 .rodata.ui_init.str1.1
                0x00004a23       0x27 src/c/ui.c.56.o
 .rodata.ui_set_progress.str1.1
                0x00004a23       0x12 src/c/ui.c.56.o
 *fill*         0x00004a23        0x1 
 .rodata.s_moook_enter_out
                0x00004a24       0x14 src/c/ui.c.56.o

.glue_7         0x00004a38        0x0
 .glue_7        0x00004a38        0x0 linker stubs

.glue_7t        0x00004a38        0x0
 .glue_7t       0x00004a38        0x0 linker stubs

.vfp11_veneer   0x00004a38        0x0
 .vfp11_veneer  0x00004a38        0x0 linker stubs

.v4_bx          0x00004a38        0x0
 .v4_bx         0x00004a38        0x0 linker stubs

.init           0x00004a38        0x4
 .init          0x00004a38        0x4 /home/ry/.local/share/pebble-sdk/SDKs/4.17/toolchain/arm-none-eabi/bin/../lib/gcc/arm-none-eabi/14.2.1/thumb/v7-m/nofp/crti.o
                0x00004a38                _init

.fini           0x00004a3c        0x4
 .fini          0x00004a3c        0x4 /home/ry/.local/share/pebble-sdk/SDKs/4.17/toolchain/arm-none-eabi/bin/../lib/gcc/arm-none-eabi/14.2.1/thumb/v7-m/nofp/crti.o
                0x00004a3c                _fini

.iplt           0x00004a40        0x0
 .iplt          0x00004a40        0x0 src/c/comm.c.56.o

.rel.dyn        0x00004a40        0x0
 .rel.iplt      0x00004a40        0x0 src/c/comm.c.56.o
 .rel.got       0x00004a40        0x0 src/c/comm.c.56.o

.ARM.exidx.text.__udivmoddi4
                0x00004a40        0x8
 .ARM.exidx.text.__udivmoddi4
                0x00004a40        0x8 /home/ry/.local/share/pebble-sdk/SDKs/4.17/toolchain/arm-none-eabi/bin/../lib/gcc/arm-none-eabi/14.2.1/thumb/v7-m/nofp/libgcc.a(_udivmoddi4.o)

.data           0x00004a48      0x144
 *(.data)
 .data          0x00004a48        0x0 /home/ry/.local/share/pebble-sdk/SDKs/4.17/toolchain/arm-none-eabi/bin/../lib/gcc/arm-none-eabi/14.2.1/thumb/v7-m/nofp/crti.o
 .data          0x00004a48        0x0 /home/ry/.local/share/pebble-sdk/SDKs/4.17/toolchain/arm-none-eabi/bin/../lib/gcc/arm-none-eabi/14.2.1/thumb/v7-m/nofp/crtbegin.o
 .data          0x00004a48        0x0 /home/ry/.local/share/pebble-sdk/SDKs/4.17/toolchain/arm-none-eabi/bin/../lib/gcc/arm-none-eabi/14.2.1/../../../../arm-none-eabi/lib/thumb/v7-m/nofp/crt0.o
 .data          0x00004a48        0x0 src/c/comm.c.56.o
 .data          0x00004a48        0x0 src/c/controls.c.56.o
 .data          0x00004a48        0x0 src/c/list.c.56.o
 .data          0x00004a48       0x18 src/c/main.c.56.o
 .data          0x00004a60        0x0 src/c/marquee.c.56.o
 .data          0x00004a60        0x0 src/c/menu.c.56.o
 .data          0x00004a60        0x0 src/c/more.c.56.o
 .data          0x00004a60        0x0 src/c/touch_input.c.56.o
 .data          0x00004a60        0x0 src/c/tutorial.c.56.o
 .data          0x00004a60        0x0 src/c/ui.c.56.o
 .data          0x00004a60        0x0 basalt/appinfo.auto.c.56.o
 .data          0x00004a60        0x0 basalt/src/resource_ids.auto.c.56.o
 .data          0x00004a60        0x0 src/message_keys.auto.c.56.o
 .data          0x00004a60        0x0 /home/ry/.local/share/pebble-sdk/SDKs/current/sdk-core/pebble/basalt/lib/libpebble.a(tmpFRPTsFpebble.o)
 .data          0x00004a60        0x0 /home/ry/.local/share/pebble-sdk/SDKs/4.17/toolchain/arm-none-eabi/bin/../lib/gcc/arm-none-eabi/14.2.1/thumb/v7-m/nofp/libgcc.a(_aeabi_ldivmod.o)
 .data          0x00004a60        0x0 /home/ry/.local/share/pebble-sdk/SDKs/4.17/toolchain/arm-none-eabi/bin/../lib/gcc/arm-none-eabi/14.2.1/thumb/v7-m/nofp/libgcc.a(_udivmoddi4.o)
 .data          0x00004a60        0x0 /home/ry/.local/share/pebble-sdk/SDKs/4.17/toolchain/arm-none-eabi/bin/../lib/gcc/arm-none-eabi/14.2.1/thumb/v7-m/nofp/libgcc.a(_dvmd_tls.o)
 .data          0x00004a60        0x0 /home/ry/.local/share/pebble-sdk/SDKs/4.17/toolchain/arm-none-eabi/bin/../lib/gcc/arm-none-eabi/14.2.1/../../../../arm-none-eabi/lib/thumb/v7-m/nofp/libc.a(libc_a-atexit.o)
 .data          0x00004a60        0x0 /home/ry/.local/share/pebble-sdk/SDKs/4.17/toolchain/arm-none-eabi/bin/../lib/gcc/arm-none-eabi/14.2.1/../../../../arm-none-eabi/lib/thumb/v7-m/nofp/libc.a(libc_a-exit.o)
 .data          0x00004a60        0x0 /home/ry/.local/share/pebble-sdk/SDKs/4.17/toolchain/arm-none-eabi/bin/../lib/gcc/arm-none-eabi/14.2.1/../../../../arm-none-eabi/lib/thumb/v7-m/nofp/libc.a(libc_a-findfp.o)
 .data          0x00004a60        0x0 /home/ry/.local/share/pebble-sdk/SDKs/4.17/toolchain/arm-none-eabi/bin/../lib/gcc/arm-none-eabi/14.2.1/../../../../arm-none-eabi/lib/thumb/v7-m/nofp/libc.a(libc_a-fwalk.o)
 .data          0x00004a60        0x0 /home/ry/.local/share/pebble-sdk/SDKs/4.17/toolchain/arm-none-eabi/bin/../lib/gcc/arm-none-eabi/14.2.1/../../../../arm-none-eabi/lib/thumb/v7-m/nofp/libc.a(libc_a-stdio.o)
 .data          0x00004a60        0x0 /home/ry/.local/share/pebble-sdk/SDKs/4.17/toolchain/arm-none-eabi/bin/../lib/gcc/arm-none-eabi/14.2.1/../../../../arm-none-eabi/lib/thumb/v7-m/nofp/libc.a(libc_a-closer.o)
 .data          0x00004a60        0x0 /home/ry/.local/share/pebble-sdk/SDKs/4.17/toolchain/arm-none-eabi/bin/../lib/gcc/arm-none-eabi/14.2.1/../../../../arm-none-eabi/lib/thumb/v7-m/nofp/libc.a(libc_a-reent.o)
 .data          0x00004a60        0x0 /home/ry/.local/share/pebble-sdk/SDKs/4.17/toolchain/arm-none-eabi/bin/../lib/gcc/arm-none-eabi/14.2.1/../../../../arm-none-eabi/lib/thumb/v7-m/nofp/libc.a(libc_a-impure.o)
 .data          0x00004a60        0x0 /home/ry/.local/share/pebble-sdk/SDKs/4.17/toolchain/arm-none-eabi/bin/../lib/gcc/arm-none-eabi/14.2.1/../../../../arm-none-eabi/lib/thumb/v7-m/nofp/libc.a(libc_a-lseekr.o)
 .data          0x00004a60        0x0 /home/ry/.local/share/pebble-sdk/SDKs/4.17/toolchain/arm-none-eabi/bin/../lib/gcc/arm-none-eabi/14.2.1/../../../../arm-none-eabi/lib/thumb/v7-m/nofp/libc.a(libc_a-readr.o)
 .data          0x00004a60        0x0 /home/ry/.local/share/pebble-sdk/SDKs/4.17/toolchain/arm-none-eabi/bin/../lib/gcc/arm-none-eabi/14.2.1/../../../../arm-none-eabi/lib/thumb/v7-m/nofp/libc.a(libc_a-writer.o)
 .data          0x00004a60        0x0 /home/ry/.local/share/pebble-sdk/SDKs/4.17/toolchain/arm-none-eabi/bin/../lib/gcc/arm-none-eabi/14.2.1/../../../../arm-none-eabi/lib/thumb/v7-m/nofp/libc.a(libc_a-init.o)
 .data          0x00004a60        0x0 /home/ry/.local/share/pebble-sdk/SDKs/4.17/toolchain/arm-none-eabi/bin/../lib/gcc/arm-none-eabi/14.2.1/../../../../arm-none-eabi/lib/thumb/v7-m/nofp/libc.a(libc_a-fini.o)
 .data          0x00004a60        0x0 /home/ry/.local/share/pebble-sdk/SDKs/4.17/toolchain/arm-none-eabi/bin/../lib/gcc/arm-none-eabi/14.2.1/../../../../arm-none-eabi/lib/thumb/v7-m/nofp/libc.a(libc_a-lock.o)
 .data          0x00004a60        0x0 /home/ry/.local/share/pebble-sdk/SDKs/4.17/toolchain/arm-none-eabi/bin/../lib/gcc/arm-none-eabi/14.2.1/../../../../arm-none-eabi/lib/thumb/v7-m/nofp/libc.a(libc_a-__atexit.o)
 .data          0x00004a60        0x0 /home/ry/.local/share/pebble-sdk/SDKs/4.17/toolchain/arm-none-eabi/bin/../lib/gcc/arm-none-eabi/14.2.1/../../../../arm-none-eabi/lib/thumb/v7-m/nofp/libc.a(libc_a-__call_atexit.o)
 .data          0x00004a60        0x0 /home/ry/.local/share/pebble-sdk/SDKs/4.17/toolchain/arm-none-eabi/bin/../lib/gcc/arm-none-eabi/14.2.1/../../../../arm-none-eabi/lib/thumb/v7-m/nofp/libc.a(libc_a-freer.o)
 .data          0x00004a60        0x0 /home/ry/.local/share/pebble-sdk/SDKs/4.17/toolchain/arm-none-eabi/bin/../lib/gcc/arm-none-eabi/14.2.1/../../../../arm-none-eabi/lib/thumb/v7-m/nofp/libc.a(libc_a-mallocr.o)
 .data          0x00004a60        0x0 /home/ry/.local/share/pebble-sdk/SDKs/4.17/toolchain/arm-none-eabi/bin/../lib/gcc/arm-none-eabi/14.2.1/../../../../arm-none-eabi/lib/thumb/v7-m/nofp/libc.a(libc_a-mlock.o)
 .data          0x00004a60        0x0 /home/ry/.local/share/pebble-sdk/SDKs/4.17/toolchain/arm-none-eabi/bin/../lib/gcc/arm-none-eabi/14.2.1/../../../../arm-none-eabi/lib/thumb/v7-m/nofp/libc.a(libc_a-fclose.o)
 .data          0x00004a60        0x0 /home/ry/.local/share/pebble-sdk/SDKs/4.17/toolchain/arm-none-eabi/bin/../lib/gcc/arm-none-eabi/14.2.1/../../../../arm-none-eabi/lib/thumb/v7-m/nofp/libc.a(libc_a-fflush.o)
 .data          0x00004a60        0x0 /home/ry/.local/share/pebble-sdk/SDKs/4.17/toolchain/arm-none-eabi/bin/../lib/gcc/arm-none-eabi/14.2.1/../../../../arm-none-eabi/lib/thumb/v7-m/nofp/libc.a(libc_a-sbrkr.o)
 .data          0x00004a60        0x0 /home/ry/.local/share/pebble-sdk/SDKs/4.17/toolchain/arm-none-eabi/bin/../lib/gcc/arm-none-eabi/14.2.1/../../../../arm-none-eabi/lib/thumb/v7-m/nofp/libc.a(libc_a-sysconf.o)
 .data          0x00004a60        0x0 /home/ry/.local/share/pebble-sdk/SDKs/4.17/toolchain/arm-none-eabi/bin/../lib/gcc/arm-none-eabi/14.2.1/../../../../arm-none-eabi/lib/thumb/v7-m/nofp/libc.a(libc_a-errno.o)
 .data          0x00004a60        0x0 /home/ry/.local/share/pebble-sdk/SDKs/4.17/toolchain/arm-none-eabi/bin/../lib/gcc/arm-none-eabi/14.2.1/thumb/v7-m/nofp/crtend.o
 .data          0x00004a60        0x0 /home/ry/.local/share/pebble-sdk/SDKs/4.17/toolchain/arm-none-eabi/bin/../lib/gcc/arm-none-eabi/14.2.1/thumb/v7-m/nofp/crtn.o
 *(.data.*)
 .data.rel.ro.local.s_type_titles
                0x00004a60       0x18 src/c/list.c.56.o
 .data.s_marquee_row
                0x00004a78        0x4 src/c/list.c.56.o
 .data.s_loading
                0x00004a7c        0x1 src/c/list.c.56.o
 *fill*         0x00004a7d        0x3 
 .data.rel.ro.local.s_titles
                0x00004a80       0x1c src/c/menu.c.56.o
 .data.s_now_playing_subtitle
                0x00004a9c       0x40 src/c/menu.c.56.o
 .data.rel.ro.local.s_bodies
                0x00004adc       0x14 src/c/tutorial.c.56.o
 .data.rel.ro.local.s_titles
                0x00004af0       0x14 src/c/tutorial.c.56.o
 .data.rel.ro.local.s_art_anim_impl
                0x00004b04        0xc src/c/ui.c.56.o
 .data.rel.ro.local.s_text_anim_impl
                0x00004b10        0xc src/c/ui.c.56.o
 .data.s_art_anim_dir
                0x00004b1c        0x1 src/c/ui.c.56.o
 .data.s_text_anim_dir
                0x00004b1d        0x1 src/c/ui.c.56.o
 .data.s_hint_dir
                0x00004b1e        0x1 src/c/ui.c.56.o
 *fill*         0x00004b1f        0x1 
 .data.MESSAGE_KEY_TrackTitle
                0x00004b20        0x4 src/message_keys.auto.c.56.o
                0x00004b20                MESSAGE_KEY_TrackTitle
 .data.MESSAGE_KEY_TrackIsPlaying
                0x00004b24        0x4 src/message_keys.auto.c.56.o
                0x00004b24                MESSAGE_KEY_TrackIsPlaying
 .data.MESSAGE_KEY_TrackElapsed
                0x00004b28        0x4 src/message_keys.auto.c.56.o
                0x00004b28                MESSAGE_KEY_TrackElapsed
 .data.MESSAGE_KEY_TrackDuration
                0x00004b2c        0x4 src/message_keys.auto.c.56.o
                0x00004b2c                MESSAGE_KEY_TrackDuration
 .data.MESSAGE_KEY_TrackArtist
                0x00004b30        0x4 src/message_keys.auto.c.56.o
                0x00004b30                MESSAGE_KEY_TrackArtist
 .data.MESSAGE_KEY_StatusMsg
                0x00004b34        0x4 src/message_keys.auto.c.56.o
                0x00004b34                MESSAGE_KEY_StatusMsg
 .data.MESSAGE_KEY_ShuffleState
                0x00004b38        0x4 src/message_keys.auto.c.56.o
                0x00004b38                MESSAGE_KEY_ShuffleState
 .data.MESSAGE_KEY_RepeatState
                0x00004b3c        0x4 src/message_keys.auto.c.56.o
                0x00004b3c                MESSAGE_KEY_RepeatState
 .data.MESSAGE_KEY_ListType
                0x00004b40        0x4 src/message_keys.auto.c.56.o
                0x00004b40                MESSAGE_KEY_ListType
 .data.MESSAGE_KEY_ListItemUri
                0x00004b44        0x4 src/message_keys.auto.c.56.o
                0x00004b44                MESSAGE_KEY_ListItemUri
 .data.MESSAGE_KEY_ListItemTitle
                0x00004b48        0x4 src/message_keys.auto.c.56.o
                0x00004b48                MESSAGE_KEY_ListItemTitle
 .data.MESSAGE_KEY_ListItemSubtitle
                0x00004b4c        0x4 src/message_keys.auto.c.56.o
                0x00004b4c                MESSAGE_KEY_ListItemSubtitle
 .data.MESSAGE_KEY_ListIndex
                0x00004b50        0x4 src/message_keys.auto.c.56.o
                0x00004b50                MESSAGE_KEY_ListIndex
 .data.MESSAGE_KEY_ListDone
                0x00004b54        0x4 src/message_keys.auto.c.56.o
                0x00004b54                MESSAGE_KEY_ListDone
 .data.MESSAGE_KEY_ListCount
                0x00004b58        0x4 src/message_keys.auto.c.56.o
                0x00004b58                MESSAGE_KEY_ListCount
 .data.MESSAGE_KEY_JsReady
                0x00004b5c        0x4 src/message_keys.auto.c.56.o
                0x00004b5c                MESSAGE_KEY_JsReady
 .data.MESSAGE_KEY_ImageSlot
                0x00004b60        0x4 src/message_keys.auto.c.56.o
                0x00004b60                MESSAGE_KEY_ImageSlot
 .data.MESSAGE_KEY_ImagePromote
                0x00004b64        0x4 src/message_keys.auto.c.56.o
                0x00004b64                MESSAGE_KEY_ImagePromote
 .data.MESSAGE_KEY_ImageHeight
                0x00004b68        0x4 src/message_keys.auto.c.56.o
                0x00004b68                MESSAGE_KEY_ImageHeight
 .data.MESSAGE_KEY_ImageDataSize
                0x00004b6c        0x4 src/message_keys.auto.c.56.o
                0x00004b6c                MESSAGE_KEY_ImageDataSize
 .data.MESSAGE_KEY_ImageChunksTotal
                0x00004b70        0x4 src/message_keys.auto.c.56.o
                0x00004b70                MESSAGE_KEY_ImageChunksTotal
 .data.MESSAGE_KEY_ImageChunkIndex
                0x00004b74        0x4 src/message_keys.auto.c.56.o
                0x00004b74                MESSAGE_KEY_ImageChunkIndex
 .data.MESSAGE_KEY_ImageChunkData
                0x00004b78        0x4 src/message_keys.auto.c.56.o
                0x00004b78                MESSAGE_KEY_ImageChunkData
 .data.MESSAGE_KEY_ErrorMsg
                0x00004b7c        0x4 src/message_keys.auto.c.56.o
                0x00004b7c                MESSAGE_KEY_ErrorMsg
 .data.MESSAGE_KEY_CommandContext
                0x00004b80        0x4 src/message_keys.auto.c.56.o
                0x00004b80                MESSAGE_KEY_CommandContext
 .data.MESSAGE_KEY_Command
                0x00004b84        0x4 src/message_keys.auto.c.56.o
                0x00004b84                MESSAGE_KEY_Command
 .data.MESSAGE_KEY_AuthStatus
                0x00004b88        0x4 src/message_keys.auto.c.56.o
                0x00004b88                MESSAGE_KEY_AuthStatus

.igot.plt       0x00004b8c        0x0
 .igot.plt      0x00004b8c        0x0 src/c/comm.c.56.o

.got            0x00004b8c       0x70
 .got           0x00004b8c       0x70 src/c/comm.c.56.o

.got.plt        0x00004bfc        0xc
 .got.plt       0x00004bfc        0xc src/c/comm.c.56.o
                0x00004bfc                _GLOBAL_OFFSET_TABLE_

.bss            0x00004c08     0x2290
 *(.bss)
 *(.bss.*)
 .bss.s_status_buf
                0x00004c08       0x40 src/c/comm.c.56.o
 .bss.s_queued_context
                0x00004c48       0x80 src/c/comm.c.56.o
 .bss.s_queued_cmd
                0x00004cc8        0x1 src/c/comm.c.56.o
 .bss.s_has_queued_command
                0x00004cc9        0x1 src/c/comm.c.56.o
 .bss.s_js_ready
                0x00004cca        0x1 src/c/comm.c.56.o
 *fill*         0x00004ccb        0x1 
 .bss.s_bytes_received
                0x00004ccc        0x4 src/c/comm.c.56.o
 .bss.s_received_chunks
                0x00004cd0        0x2 src/c/comm.c.56.o
 .bss.s_total_chunks
                0x00004cd2        0x2 src/c/comm.c.56.o
 .bss.s_image_data_size
                0x00004cd4        0x4 src/c/comm.c.56.o
 .bss.s_art_data
                0x00004cd8        0x4 src/c/comm.c.56.o
 .bss.s_art_pending
                0x00004cdc        0x4 src/c/comm.c.56.o
 .bss.s_art_bitmap_prev
                0x00004ce0        0x4 src/c/comm.c.56.o
 .bss.s_art_bitmap
                0x00004ce4        0x4 src/c/comm.c.56.o
 .bss.s_callbacks
                0x00004ce8       0x18 src/c/comm.c.56.o
 .bss.s_revert_timer
                0x00004d00        0x4 src/c/controls.c.56.o
 .bss.s_mode_cb
                0x00004d04        0x4 src/c/controls.c.56.o
 .bss.s_cmd_cb  0x00004d08        0x4 src/c/controls.c.56.o
 .bss.s_mode    0x00004d0c        0x1 src/c/controls.c.56.o
 *fill*         0x00004d0d        0x3 
 .bss.s_list_status_timer
                0x00004d10        0x4 src/c/list.c.56.o
 .bss.s_showing_list_status
                0x00004d14        0x1 src/c/list.c.56.o
 .bss.s_status_buf_list
                0x00004d15       0x40 src/c/list.c.56.o
 *fill*         0x00004d55        0x3 
 .bss.s_row_marquee
                0x00004d58       0x88 src/c/list.c.56.o
 .bss.s_dismiss_ms
                0x00004de0        0x4 src/c/list.c.56.o
 .bss.s_dismiss_timer
                0x00004de4        0x4 src/c/list.c.56.o
 .bss.s_queue_staged
                0x00004de8        0x1 src/c/list.c.56.o
 .bss.s_queue_current_artist
                0x00004de9       0x20 src/c/list.c.56.o
 .bss.s_queue_current_title
                0x00004e09       0x28 src/c/list.c.56.o
 .bss.s_current_type
                0x00004e31        0x1 src/c/list.c.56.o
 *fill*         0x00004e32        0x2 
 .bss.s_items_received
                0x00004e34        0x4 src/c/list.c.56.o
 .bss.s_items   0x00004e38     0x1db0 src/c/list.c.56.o
 .bss.s_list_menu
                0x00006be8        0x4 src/c/list.c.56.o
 .bss.s_list_window
                0x00006bec        0x4 src/c/list.c.56.o
 .bss.s_long_press_mode
                0x00006bf0        0x1 src/c/main.c.56.o
 .bss.s_current_artist
                0x00006bf1       0x20 src/c/main.c.56.o
 .bss.s_current_title
                0x00006c11       0x28 src/c/main.c.56.o
 *fill*         0x00006c39        0x3 
 .bss.s_tick_timer
                0x00006c3c        0x4 src/c/main.c.56.o
 .bss.s_repeat_state
                0x00006c40        0x4 src/c/main.c.56.o
 .bss.s_shuffle
                0x00006c44        0x1 src/c/main.c.56.o
 *fill*         0x00006c45        0x3 
 .bss.s_total   0x00006c48        0x4 src/c/main.c.56.o
 .bss.s_elapsed
                0x00006c4c        0x4 src/c/main.c.56.o
 .bss.s_playing
                0x00006c50        0x1 src/c/main.c.56.o
 .bss.s_np_visible
                0x00006c51        0x1 src/c/main.c.56.o
 *fill*         0x00006c52        0x2 
 .bss.s_np_window
                0x00006c54        0x4 src/c/main.c.56.o
 .bss.s_timer   0x00006c58        0x4 src/c/marquee.c.56.o
 .bss.s_active_count
                0x00006c5c        0x4 src/c/marquee.c.56.o
 .bss.s_active  0x00006c60       0x20 src/c/marquee.c.56.o
 .bss.s_np_row_highlighted
                0x00006c80        0x1 src/c/menu.c.56.o
 *fill*         0x00006c81        0x3 
 .bss.s_np_subtitle_marquee
                0x00006c84       0x88 src/c/menu.c.56.o
 .bss.s_menu_layer
                0x00006d0c        0x4 src/c/menu.c.56.o
 .bss.s_menu_window
                0x00006d10        0x4 src/c/menu.c.56.o
 .bss.s_about_menu
                0x00006d14        0x4 src/c/menu.c.56.o
 .bss.s_about_window
                0x00006d18        0x4 src/c/menu.c.56.o
 .bss.s_repeat  0x00006d1c        0x4 src/c/more.c.56.o
 .bss.s_shuffle
                0x00006d20        0x1 src/c/more.c.56.o
 *fill*         0x00006d21        0x3 
 .bss.s_menu    0x00006d24        0x4 src/c/more.c.56.o
 .bss.s_window  0x00006d28        0x4 src/c/more.c.56.o
 .bss.s_done_cb
                0x00006d2c        0x4 src/c/tutorial.c.56.o
 .bss.s_page    0x00006d30        0x4 src/c/tutorial.c.56.o
 .bss.s_hint_layer
                0x00006d34        0x4 src/c/tutorial.c.56.o
 .bss.s_body_layer
                0x00006d38        0x4 src/c/tutorial.c.56.o
 .bss.s_title_layer
                0x00006d3c        0x4 src/c/tutorial.c.56.o
 .bss.s_window  0x00006d40        0x4 src/c/tutorial.c.56.o
 .bss.s_art_anim
                0x00006d44        0x4 src/c/ui.c.56.o
 .bss.s_text_anim
                0x00006d48        0x4 src/c/ui.c.56.o
 .bss.s_art_mid_done
                0x00006d4c        0x1 src/c/ui.c.56.o
 *fill*         0x00006d4d        0x3 
 .bss.s_art_pending_bmp
                0x00006d50        0x4 src/c/ui.c.56.o
 .bss.s_text_mid_done
                0x00006d54        0x1 src/c/ui.c.56.o
 *fill*         0x00006d55        0x1 
 .bss.s_art_home
                0x00006d56        0x8 src/c/ui.c.56.o
 .bss.s_artist_home
                0x00006d5e        0x8 src/c/ui.c.56.o
 .bss.s_title_home
                0x00006d66        0x8 src/c/ui.c.56.o
 *fill*         0x00006d6e        0x2 
 .bss.s_screen_w
                0x00006d70        0x4 src/c/ui.c.56.o
 .bss.s_track_received
                0x00006d74        0x1 src/c/ui.c.56.o
 *fill*         0x00006d75        0x3 
 .bss.s_text_debounce_timer
                0x00006d78        0x4 src/c/ui.c.56.o
 .bss.s_no_track_timer
                0x00006d7c        0x4 src/c/ui.c.56.o
 .bss.s_marquee_timer
                0x00006d80        0x4 src/c/ui.c.56.o
 .bss.s_hint_timer
                0x00006d84        0x4 src/c/ui.c.56.o
 .bss.s_repeat_state
                0x00006d88        0x4 src/c/ui.c.56.o
 .bss.s_shuffle_on
                0x00006d8c        0x1 src/c/ui.c.56.o
 *fill*         0x00006d8d        0x3 
 .bss.s_total_sec
                0x00006d90        0x4 src/c/ui.c.56.o
 .bss.s_elapsed_sec
                0x00006d94        0x4 src/c/ui.c.56.o
 .bss.s_clock_buf
                0x00006d98        0x8 src/c/ui.c.56.o
 .bss.s_time_buf
                0x00006da0       0x18 src/c/ui.c.56.o
 .bss.s_artist_display_buf
                0x00006db8       0x40 src/c/ui.c.56.o
 .bss.s_artist_buf
                0x00006df8       0x40 src/c/ui.c.56.o
 .bss.s_title_pending
                0x00006e38       0x40 src/c/ui.c.56.o
 .bss.s_progress_layer
                0x00006e78        0x4 src/c/ui.c.56.o
 .bss.s_overlay_layer
                0x00006e7c        0x4 src/c/ui.c.56.o
 .bss.s_clock_layer
                0x00006e80        0x4 src/c/ui.c.56.o
 .bss.s_time_layer
                0x00006e84        0x4 src/c/ui.c.56.o
 .bss.s_artist_layer
                0x00006e88        0x4 src/c/ui.c.56.o
 .bss.s_title_layer
                0x00006e8c        0x4 src/c/ui.c.56.o
 .bss.s_art_layer
                0x00006e90        0x4 src/c/ui.c.56.o
 .bss.MESSAGE_KEY_ImageWidth
                0x00006e94        0x4 src/message_keys.auto.c.56.o
                0x00006e94                MESSAGE_KEY_ImageWidth

DISCARD
 libc.a(*)
 libm.a(*)
 libgcc.a(*)
 *(.eh_frame)
OUTPUT(/tmp/Playback-for-Spotify/build/basalt/pebble-app.elf elf32-littlearm)
LOAD linker stubs
LOAD /home/ry/.local/share/pebble-sdk/SDKs/4.17/toolchain/arm-none-eabi/bin/../lib/gcc/arm-none-eabi/14.2.1/../../../../arm-none-eabi/lib/thumb/v7-m/nofp/libc.a
LOAD /home/ry/.local/share/pebble-sdk/SDKs/4.17/toolchain/arm-none-eabi/bin/../lib/gcc/arm-none-eabi/14.2.1/../../../../arm-none-eabi/lib/thumb/v7-m/nofp/libm.a
LOAD /home/ry/.local/share/pebble-sdk/SDKs/4.17/toolchain/arm-none-eabi/bin/../lib/gcc/arm-none-eabi/14.2.1/thumb/v7-m/nofp/libgcc.a

.ARM.attributes
                0x00000000       0x29
 .ARM.attributes
                0x00000000       0x1d /home/ry/.local/share/pebble-sdk/SDKs/4.17/toolchain/arm-none-eabi/bin/../lib/gcc/arm-none-eabi/14.2.1/thumb/v7-m/nofp/crti.o
 .ARM.attributes
                0x0000001d       0x2d /home/ry/.local/share/pebble-sdk/SDKs/4.17/toolchain/arm-none-eabi/bin/../lib/gcc/arm-none-eabi/14.2.1/thumb/v7-m/nofp/crtbegin.o
 .ARM.attributes
                0x0000004a       0x1b /home/ry/.local/share/pebble-sdk/SDKs/4.17/toolchain/arm-none-eabi/bin/../lib/gcc/arm-none-eabi/14.2.1/../../../../arm-none-eabi/lib/thumb/v7-m/nofp/crt0.o
 .ARM.attributes
                0x00000065       0x2d src/c/comm.c.56.o
 .ARM.attributes
                0x00000092       0x2d src/c/controls.c.56.o
 .ARM.attributes
                0x000000bf       0x2d src/c/list.c.56.o
 .ARM.attributes
                0x000000ec       0x2d src/c/main.c.56.o
 .ARM.attributes
                0x00000119       0x2d src/c/marquee.c.56.o
 .ARM.attributes
                0x00000146       0x2d src/c/menu.c.56.o
 .ARM.attributes
                0x00000173       0x2d src/c/more.c.56.o
 .ARM.attributes
                0x000001a0       0x2d src/c/touch_input.c.56.o
 .ARM.attributes
                0x000001cd       0x2d src/c/tutorial.c.56.o
 .ARM.attributes
                0x000001fa       0x2d src/c/ui.c.56.o
 .ARM.attributes
                0x00000227       0x2d basalt/appinfo.auto.c.56.o
 .ARM.attributes
                0x00000254       0x2d basalt/src/resource_ids.auto.c.56.o
 .ARM.attributes
                0x00000281       0x2d src/message_keys.auto.c.56.o
 .ARM.attributes
                0x000002ae       0x21 /home/ry/.local/share/pebble-sdk/SDKs/current/sdk-core/pebble/basalt/lib/libpebble.a(tmpFRPTsFpebble.o)
 .ARM.attributes
                0x000002cf       0x1d /home/ry/.local/share/pebble-sdk/SDKs/4.17/toolchain/arm-none-eabi/bin/../lib/gcc/arm-none-eabi/14.2.1/thumb/v7-m/nofp/libgcc.a(_aeabi_ldivmod.o)
 .ARM.attributes
                0x000002ec       0x2d /home/ry/.local/share/pebble-sdk/SDKs/4.17/toolchain/arm-none-eabi/bin/../lib/gcc/arm-none-eabi/14.2.1/thumb/v7-m/nofp/libgcc.a(_udivmoddi4.o)
 .ARM.attributes
                0x00000319       0x1d /home/ry/.local/share/pebble-sdk/SDKs/4.17/toolchain/arm-none-eabi/bin/../lib/gcc/arm-none-eabi/14.2.1/thumb/v7-m/nofp/libgcc.a(_dvmd_tls.o)
 .ARM.attributes
                0x00000336       0x2d /home/ry/.local/share/pebble-sdk/SDKs/4.17/toolchain/arm-none-eabi/bin/../lib/gcc/arm-none-eabi/14.2.1/../../../../arm-none-eabi/lib/thumb/v7-m/nofp/libc.a(libc_a-atexit.o)
 .ARM.attributes
                0x00000363       0x2d /home/ry/.local/share/pebble-sdk/SDKs/4.17/toolchain/arm-none-eabi/bin/../lib/gcc/arm-none-eabi/14.2.1/../../../../arm-none-eabi/lib/thumb/v7-m/nofp/libc.a(libc_a-exit.o)
 .ARM.attributes
                0x00000390       0x2d /home/ry/.local/share/pebble-sdk/SDKs/4.17/toolchain/arm-none-eabi/bin/../lib/gcc/arm-none-eabi/14.2.1/../../../../arm-none-eabi/lib/thumb/v7-m/nofp/libc.a(libc_a-findfp.o)
 .ARM.attributes
                0x000003bd       0x2d /home/ry/.local/share/pebble-sdk/SDKs/4.17/toolchain/arm-none-eabi/bin/../lib/gcc/arm-none-eabi/14.2.1/../../../../arm-none-eabi/lib/thumb/v7-m/nofp/libc.a(libc_a-fwalk.o)
 .ARM.attributes
                0x000003ea       0x2d /home/ry/.local/share/pebble-sdk/SDKs/4.17/toolchain/arm-none-eabi/bin/../lib/gcc/arm-none-eabi/14.2.1/../../../../arm-none-eabi/lib/thumb/v7-m/nofp/libc.a(libc_a-stdio.o)
 .ARM.attributes
                0x00000417       0x2d /home/ry/.local/share/pebble-sdk/SDKs/4.17/toolchain/arm-none-eabi/bin/../lib/gcc/arm-none-eabi/14.2.1/../../../../arm-none-eabi/lib/thumb/v7-m/nofp/libc.a(libc_a-closer.o)
 .ARM.attributes
                0x00000444       0x2d /home/ry/.local/share/pebble-sdk/SDKs/4.17/toolchain/arm-none-eabi/bin/../lib/gcc/arm-none-eabi/14.2.1/../../../../arm-none-eabi/lib/thumb/v7-m/nofp/libc.a(libc_a-reent.o)
 .ARM.attributes
                0x00000471       0x2d /home/ry/.local/share/pebble-sdk/SDKs/4.17/toolchain/arm-none-eabi/bin/../lib/gcc/arm-none-eabi/14.2.1/../../../../arm-none-eabi/lib/thumb/v7-m/nofp/libc.a(libc_a-impure.o)
 .ARM.attributes
                0x0000049e       0x2d /home/ry/.local/share/pebble-sdk/SDKs/4.17/toolchain/arm-none-eabi/bin/../lib/gcc/arm-none-eabi/14.2.1/../../../../arm-none-eabi/lib/thumb/v7-m/nofp/libc.a(libc_a-lseekr.o)
 .ARM.attributes
                0x000004cb       0x2d /home/ry/.local/share/pebble-sdk/SDKs/4.17/toolchain/arm-none-eabi/bin/../lib/gcc/arm-none-eabi/14.2.1/../../../../arm-none-eabi/lib/thumb/v7-m/nofp/libc.a(libc_a-readr.o)
 .ARM.attributes
                0x000004f8       0x2d /home/ry/.local/share/pebble-sdk/SDKs/4.17/toolchain/arm-none-eabi/bin/../lib/gcc/arm-none-eabi/14.2.1/../../../../arm-none-eabi/lib/thumb/v7-m/nofp/libc.a(libc_a-writer.o)
 .ARM.attributes
                0x00000525       0x2d /home/ry/.local/share/pebble-sdk/SDKs/4.17/toolchain/arm-none-eabi/bin/../lib/gcc/arm-none-eabi/14.2.1/../../../../arm-none-eabi/lib/thumb/v7-m/nofp/libc.a(libc_a-init.o)
 .ARM.attributes
                0x00000552       0x2d /home/ry/.local/share/pebble-sdk/SDKs/4.17/toolchain/arm-none-eabi/bin/../lib/gcc/arm-none-eabi/14.2.1/../../../../arm-none-eabi/lib/thumb/v7-m/nofp/libc.a(libc_a-fini.o)
 .ARM.attributes
                0x0000057f       0x2d /home/ry/.local/share/pebble-sdk/SDKs/4.17/toolchain/arm-none-eabi/bin/../lib/gcc/arm-none-eabi/14.2.1/../../../../arm-none-eabi/lib/thumb/v7-m/nofp/libc.a(libc_a-lock.o)
 .ARM.attributes
                0x000005ac       0x2d /home/ry/.local/share/pebble-sdk/SDKs/4.17/toolchain/arm-none-eabi/bin/../lib/gcc/arm-none-eabi/14.2.1/../../../../arm-none-eabi/lib/thumb/v7-m/nofp/libc.a(libc_a-__atexit.o)
 .ARM.attributes
                0x000005d9       0x2d /home/ry/.local/share/pebble-sdk/SDKs/4.17/toolchain/arm-none-eabi/bin/../lib/gcc/arm-none-eabi/14.2.1/../../../../arm-none-eabi/lib/thumb/v7-m/nofp/libc.a(libc_a-__call_atexit.o)
 .ARM.attributes
                0x00000606       0x2d /home/ry/.local/share/pebble-sdk/SDKs/4.17/toolchain/arm-none-eabi/bin/../lib/gcc/arm-none-eabi/14.2.1/../../../../arm-none-eabi/lib/thumb/v7-m/nofp/libc.a(libc_a-freer.o)
 .ARM.attributes
                0x00000633       0x2d /home/ry/.local/share/pebble-sdk/SDKs/4.17/toolchain/arm-none-eabi/bin/../lib/gcc/arm-none-eabi/14.2.1/../../../../arm-none-eabi/lib/thumb/v7-m/nofp/libc.a(libc_a-mallocr.o)
 .ARM.attributes
                0x00000660       0x2d /home/ry/.local/share/pebble-sdk/SDKs/4.17/toolchain/arm-none-eabi/bin/../lib/gcc/arm-none-eabi/14.2.1/../../../../arm-none-eabi/lib/thumb/v7-m/nofp/libc.a(libc_a-mlock.o)
 .ARM.attributes
                0x0000068d       0x2d /home/ry/.local/share/pebble-sdk/SDKs/4.17/toolchain/arm-none-eabi/bin/../lib/gcc/arm-none-eabi/14.2.1/../../../../arm-none-eabi/lib/thumb/v7-m/nofp/libc.a(libc_a-fclose.o)
 .ARM.attributes
                0x000006ba       0x2d /home/ry/.local/share/pebble-sdk/SDKs/4.17/toolchain/arm-none-eabi/bin/../lib/gcc/arm-none-eabi/14.2.1/../../../../arm-none-eabi/lib/thumb/v7-m/nofp/libc.a(libc_a-fflush.o)
 .ARM.attributes
                0x000006e7       0x2d /home/ry/.local/share/pebble-sdk/SDKs/4.17/toolchain/arm-none-eabi/bin/../lib/gcc/arm-none-eabi/14.2.1/../../../../arm-none-eabi/lib/thumb/v7-m/nofp/libc.a(libc_a-sbrkr.o)
 .ARM.attributes
                0x00000714       0x2d /home/ry/.local/share/pebble-sdk/SDKs/4.17/toolchain/arm-none-eabi/bin/../lib/gcc/arm-none-eabi/14.2.1/../../../../arm-none-eabi/lib/thumb/v7-m/nofp/libc.a(libc_a-sysconf.o)
 .ARM.attributes
                0x00000741       0x2d /home/ry/.local/share/pebble-sdk/SDKs/4.17/toolchain/arm-none-eabi/bin/../lib/gcc/arm-none-eabi/14.2.1/../../../../arm-none-eabi/lib/thumb/v7-m/nofp/libc.a(libc_a-errno.o)
 .ARM.attributes
                0x0000076e       0x2d /home/ry/.local/share/pebble-sdk/SDKs/4.17/toolchain/arm-none-eabi/bin/../lib/gcc/arm-none-eabi/14.2.1/thumb/v7-m/nofp/crtend.o
 .ARM.attributes
                0x0000079b       0x1d /home/ry/.local/share/pebble-sdk/SDKs/4.17/toolchain/arm-none-eabi/bin/../lib/gcc/arm-none-eabi/14.2.1/thumb/v7-m/nofp/crtn.o

.comment        0x00000000       0x39
 .comment       0x00000000       0x39 /home/ry/.local/share/pebble-sdk/SDKs/4.17/toolchain/arm-none-eabi/bin/../lib/gcc/arm-none-eabi/14.2.1/thumb/v7-m/nofp/crtbegin.o
                                 0x3a (size before relaxing)
 .comment       0x00000039       0x3a src/c/comm.c.56.o
 .comment       0x00000039       0x3a src/c/controls.c.56.o
 .comment       0x00000039       0x3a src/c/list.c.56.o
 .comment       0x00000039       0x3a src/c/main.c.56.o
 .comment       0x00000039       0x3a src/c/marquee.c.56.o
 .comment       0x00000039       0x3a src/c/menu.c.56.o
 .comment       0x00000039       0x3a src/c/more.c.56.o
 .comment       0x00000039       0x3a src/c/touch_input.c.56.o
 .comment       0x00000039       0x3a src/c/tutorial.c.56.o
 .comment       0x00000039       0x3a src/c/ui.c.56.o
 .comment       0x00000039       0x3a basalt/appinfo.auto.c.56.o
 .comment       0x00000039       0x3a basalt/src/resource_ids.auto.c.56.o
 .comment       0x00000039       0x3a src/message_keys.auto.c.56.o
 .comment       0x00000039       0x3a /home/ry/.local/share/pebble-sdk/SDKs/4.17/toolchain/arm-none-eabi/bin/../lib/gcc/arm-none-eabi/14.2.1/thumb/v7-m/nofp/libgcc.a(_udivmoddi4.o)
 .comment       0x00000039       0x3a /home/ry/.local/share/pebble-sdk/SDKs/4.17/toolchain/arm-none-eabi/bin/../lib/gcc/arm-none-eabi/14.2.1/../../../../arm-none-eabi/lib/thumb/v7-m/nofp/libc.a(libc_a-atexit.o)
 .comment       0x00000039       0x3a /home/ry/.local/share/pebble-sdk/SDKs/4.17/toolchain/arm-none-eabi/bin/../lib/gcc/arm-none-eabi/14.2.1/../../../../arm-none-eabi/lib/thumb/v7-m/nofp/libc.a(libc_a-exit.o)
 .comment       0x00000039       0x3a /home/ry/.local/share/pebble-sdk/SDKs/4.17/toolchain/arm-none-eabi/bin/../lib/gcc/arm-none-eabi/14.2.1/../../../../arm-none-eabi/lib/thumb/v7-m/nofp/libc.a(libc_a-findfp.o)
 .comment       0x00000039       0x3a /home/ry/.local/share/pebble-sdk/SDKs/4.17/toolchain/arm-none-eabi/bin/../lib/gcc/arm-none-eabi/14.2.1/../../../../arm-none-eabi/lib/thumb/v7-m/nofp/libc.a(libc_a-fwalk.o)
 .comment       0x00000039       0x3a /home/ry/.local/share/pebble-sdk/SDKs/4.17/toolchain/arm-none-eabi/bin/../lib/gcc/arm-none-eabi/14.2.1/../../../../arm-none-eabi/lib/thumb/v7-m/nofp/libc.a(libc_a-stdio.o)
 .comment       0x00000039       0x3a /home/ry/.local/share/pebble-sdk/SDKs/4.17/toolchain/arm-none-eabi/bin/../lib/gcc/arm-none-eabi/14.2.1/../../../../arm-none-eabi/lib/thumb/v7-m/nofp/libc.a(libc_a-closer.o)
 .comment       0x00000039       0x3a /home/ry/.local/share/pebble-sdk/SDKs/4.17/toolchain/arm-none-eabi/bin/../lib/gcc/arm-none-eabi/14.2.1/../../../../arm-none-eabi/lib/thumb/v7-m/nofp/libc.a(libc_a-reent.o)
 .comment       0x00000039       0x3a /home/ry/.local/share/pebble-sdk/SDKs/4.17/toolchain/arm-none-eabi/bin/../lib/gcc/arm-none-eabi/14.2.1/../../../../arm-none-eabi/lib/thumb/v7-m/nofp/libc.a(libc_a-impure.o)
 .comment       0x00000039       0x3a /home/ry/.local/share/pebble-sdk/SDKs/4.17/toolchain/arm-none-eabi/bin/../lib/gcc/arm-none-eabi/14.2.1/../../../../arm-none-eabi/lib/thumb/v7-m/nofp/libc.a(libc_a-lseekr.o)
 .comment       0x00000039       0x3a /home/ry/.local/share/pebble-sdk/SDKs/4.17/toolchain/arm-none-eabi/bin/../lib/gcc/arm-none-eabi/14.2.1/../../../../arm-none-eabi/lib/thumb/v7-m/nofp/libc.a(libc_a-readr.o)
 .comment       0x00000039       0x3a /home/ry/.local/share/pebble-sdk/SDKs/4.17/toolchain/arm-none-eabi/bin/../lib/gcc/arm-none-eabi/14.2.1/../../../../arm-none-eabi/lib/thumb/v7-m/nofp/libc.a(libc_a-writer.o)
 .comment       0x00000039       0x3a /home/ry/.local/share/pebble-sdk/SDKs/4.17/toolchain/arm-none-eabi/bin/../lib/gcc/arm-none-eabi/14.2.1/../../../../arm-none-eabi/lib/thumb/v7-m/nofp/libc.a(libc_a-init.o)
 .comment       0x00000039       0x3a /home/ry/.local/share/pebble-sdk/SDKs/4.17/toolchain/arm-none-eabi/bin/../lib/gcc/arm-none-eabi/14.2.1/../../../../arm-none-eabi/lib/thumb/v7-m/nofp/libc.a(libc_a-fini.o)
 .comment       0x00000039       0x3a /home/ry/.local/share/pebble-sdk/SDKs/4.17/toolchain/arm-none-eabi/bin/../lib/gcc/arm-none-eabi/14.2.1/../../../../arm-none-eabi/lib/thumb/v7-m/nofp/libc.a(libc_a-lock.o)
 .comment       0x00000039       0x3a /home/ry/.local/share/pebble-sdk/SDKs/4.17/toolchain/arm-none-eabi/bin/../lib/gcc/arm-none-eabi/14.2.1/../../../../arm-none-eabi/lib/thumb/v7-m/nofp/libc.a(libc_a-__atexit.o)
 .comment       0x00000039       0x3a /home/ry/.local/share/pebble-sdk/SDKs/4.17/toolchain/arm-none-eabi/bin/../lib/gcc/arm-none-eabi/14.2.1/../../../../arm-none-eabi/lib/thumb/v7-m/nofp/libc.a(libc_a-__call_atexit.o)
 .comment       0x00000039       0x3a /home/ry/.local/share/pebble-sdk/SDKs/4.17/toolchain/arm-none-eabi/bin/../lib/gcc/arm-none-eabi/14.2.1/../../../../arm-none-eabi/lib/thumb/v7-m/nofp/libc.a(libc_a-freer.o)
 .comment       0x00000039       0x3a /home/ry/.local/share/pebble-sdk/SDKs/4.17/toolchain/arm-none-eabi/bin/../lib/gcc/arm-none-eabi/14.2.1/../../../../arm-none-eabi/lib/thumb/v7-m/nofp/libc.a(libc_a-mallocr.o)
 .comment       0x00000039       0x3a /home/ry/.local/share/pebble-sdk/SDKs/4.17/toolchain/arm-none-eabi/bin/../lib/gcc/arm-none-eabi/14.2.1/../../../../arm-none-eabi/lib/thumb/v7-m/nofp/libc.a(libc_a-mlock.o)
 .comment       0x00000039       0x3a /home/ry/.local/share/pebble-sdk/SDKs/4.17/toolchain/arm-none-eabi/bin/../lib/gcc/arm-none-eabi/14.2.1/../../../../arm-none-eabi/lib/thumb/v7-m/nofp/libc.a(libc_a-fclose.o)
 .comment       0x00000039       0x3a /home/ry/.local/share/pebble-sdk/SDKs/4.17/toolchain/arm-none-eabi/bin/../lib/gcc/arm-none-eabi/14.2.1/../../../../arm-none-eabi/lib/thumb/v7-m/nofp/libc.a(libc_a-fflush.o)
 .comment       0x00000039       0x3a /home/ry/.local/share/pebble-sdk/SDKs/4.17/toolchain/arm-none-eabi/bin/../lib/gcc/arm-none-eabi/14.2.1/../../../../arm-none-eabi/lib/thumb/v7-m/nofp/libc.a(libc_a-sbrkr.o)
 .comment       0x00000039       0x3a /home/ry/.local/share/pebble-sdk/SDKs/4.17/toolchain/arm-none-eabi/bin/../lib/gcc/arm-none-eabi/14.2.1/../../../../arm-none-eabi/lib/thumb/v7-m/nofp/libc.a(libc_a-sysconf.o)
 .comment       0x00000039       0x3a /home/ry/.local/share/pebble-sdk/SDKs/4.17/toolchain/arm-none-eabi/bin/../lib/gcc/arm-none-eabi/14.2.1/../../../../arm-none-eabi/lib/thumb/v7-m/nofp/libc.a(libc_a-errno.o)
 .comment       0x00000039       0x3a /home/ry/.local/share/pebble-sdk/SDKs/4.17/toolchain/arm-none-eabi/bin/../lib/gcc/arm-none-eabi/14.2.1/thumb/v7-m/nofp/crtend.o

.debug_info     0x00000000     0xbc34
 .debug_info    0x00000000     0x1b97 src/c/comm.c.56.o
 .debug_info    0x00001b97      0x783 src/c/controls.c.56.o
 .debug_info    0x0000231a     0x1a37 src/c/list.c.56.o
 .debug_info    0x00003d51     0x154d src/c/main.c.56.o
 .debug_info    0x0000529e      0xd70 src/c/marquee.c.56.o
 .debug_info    0x0000600e     0x1570 src/c/menu.c.56.o
 .debug_info    0x0000757e      0xb42 src/c/more.c.56.o
 .debug_info    0x000080c0      0x16a src/c/touch_input.c.56.o
 .debug_info    0x0000822a      0xb02 src/c/tutorial.c.56.o
 .debug_info    0x00008d2c     0x28ce src/c/ui.c.56.o
 .debug_info    0x0000b5fa      0x33e basalt/appinfo.auto.c.56.o
 .debug_info    0x0000b938       0x8f basalt/src/resource_ids.auto.c.56.o
 .debug_info    0x0000b9c7      0x26d src/message_keys.auto.c.56.o

.debug_abbrev   0x00000000     0x281f
 .debug_abbrev  0x00000000      0x49d src/c/comm.c.56.o
 .debug_abbrev  0x0000049d      0x294 src/c/controls.c.56.o
 .debug_abbrev  0x00000731      0x538 src/c/list.c.56.o
 .debug_abbrev  0x00000c69      0x490 src/c/main.c.56.o
 .debug_abbrev  0x000010f9      0x428 src/c/marquee.c.56.o
 .debug_abbrev  0x00001521      0x4b1 src/c/menu.c.56.o
 .debug_abbrev  0x000019d2      0x323 src/c/more.c.56.o
 .debug_abbrev  0x00001cf5      0x103 src/c/touch_input.c.56.o
 .debug_abbrev  0x00001df8      0x31e src/c/tutorial.c.56.o
 .debug_abbrev  0x00002116      0x5be src/c/ui.c.56.o
 .debug_abbrev  0x000026d4       0xb9 basalt/appinfo.auto.c.56.o
 .debug_abbrev  0x0000278d       0x48 basalt/src/resource_ids.auto.c.56.o
 .debug_abbrev  0x000027d5       0x4a src/message_keys.auto.c.56.o

.debug_loclists
                0x00000000     0x3a2a
 .debug_loclists
                0x00000000      0x960 src/c/comm.c.56.o
 .debug_loclists
                0x00000960      0x360 src/c/controls.c.56.o
 .debug_loclists
                0x00000cc0      0x98d src/c/list.c.56.o
 .debug_loclists
                0x0000164d      0x4a7 src/c/main.c.56.o
 .debug_loclists
                0x00001af4      0x502 src/c/marquee.c.56.o
 .debug_loclists
                0x00001ff6      0x6d8 src/c/menu.c.56.o
 .debug_loclists
                0x000026ce      0x229 src/c/more.c.56.o
 .debug_loclists
                0x000028f7      0x286 src/c/tutorial.c.56.o
 .debug_loclists
                0x00002b7d      0xead src/c/ui.c.56.o

.debug_aranges  0x00000000      0x618
 .debug_aranges
                0x00000000       0x80 src/c/comm.c.56.o
 .debug_aranges
                0x00000080       0x78 src/c/controls.c.56.o
 .debug_aranges
                0x000000f8       0xd8 src/c/list.c.56.o
 .debug_aranges
                0x000001d0       0xe0 src/c/main.c.56.o
 .debug_aranges
                0x000002b0       0x88 src/c/marquee.c.56.o
 .debug_aranges
                0x00000338       0xb0 src/c/menu.c.56.o
 .debug_aranges
                0x000003e8       0x48 src/c/more.c.56.o
 .debug_aranges
                0x00000430       0x38 src/c/touch_input.c.56.o
 .debug_aranges
                0x00000468       0x60 src/c/tutorial.c.56.o
 .debug_aranges
                0x000004c8      0x108 src/c/ui.c.56.o
 .debug_aranges
                0x000005d0       0x18 basalt/appinfo.auto.c.56.o
 .debug_aranges
                0x000005e8       0x18 basalt/src/resource_ids.auto.c.56.o
 .debug_aranges
                0x00000600       0x18 src/message_keys.auto.c.56.o

.debug_rnglists
                0x00000000      0x66e
 .debug_rnglists
                0x00000000       0xc5 src/c/comm.c.56.o
 .debug_rnglists
                0x000000c5       0x6d src/c/controls.c.56.o
 .debug_rnglists
                0x00000132      0x100 src/c/list.c.56.o
 .debug_rnglists
                0x00000232       0xc1 src/c/main.c.56.o
 .debug_rnglists
                0x000002f3       0xce src/c/marquee.c.56.o
 .debug_rnglists
                0x000003c1       0x9c src/c/menu.c.56.o
 .debug_rnglists
                0x0000045d       0x56 src/c/more.c.56.o
 .debug_rnglists
                0x000004b3       0x25 src/c/touch_input.c.56.o
 .debug_rnglists
                0x000004d8       0x5c src/c/tutorial.c.56.o
 .debug_rnglists
                0x00000534      0x13a src/c/ui.c.56.o

.debug_line     0x00000000     0x52e0
 .debug_line    0x00000000      0xc1d src/c/comm.c.56.o
 .debug_line    0x00000c1d      0x4b5 src/c/controls.c.56.o
 .debug_line    0x000010d2      0xc3b src/c/list.c.56.o
 .debug_line    0x00001d0d      0x7c7 src/c/main.c.56.o
 .debug_line    0x000024d4      0x8d0 src/c/marquee.c.56.o
 .debug_line    0x00002da4      0x754 src/c/menu.c.56.o
 .debug_line    0x000034f8      0x3aa src/c/more.c.56.o
 .debug_line    0x000038a2      0x100 src/c/touch_input.c.56.o
 .debug_line    0x000039a2      0x412 src/c/tutorial.c.56.o
 .debug_line    0x00003db4     0x117c src/c/ui.c.56.o
 .debug_line    0x00004f30      0x17b basalt/appinfo.auto.c.56.o
 .debug_line    0x000050ab      0x11e basalt/src/resource_ids.auto.c.56.o
 .debug_line    0x000051c9      0x117 src/message_keys.auto.c.56.o

.debug_str      0x00000000     0x351b
 .debug_str     0x00000000     0x351b src/c/comm.c.56.o
                               0x104d (size before relaxing)
 .debug_str     0x0000351b      0x47d src/c/controls.c.56.o
 .debug_str     0x0000351b      0xdec src/c/list.c.56.o
 .debug_str     0x0000351b      0xd72 src/c/main.c.56.o
 .debug_str     0x0000351b      0x62f src/c/marquee.c.56.o
 .debug_str     0x0000351b      0xc6b src/c/menu.c.56.o
 .debug_str     0x0000351b      0x848 src/c/more.c.56.o
 .debug_str     0x0000351b      0x23a src/c/touch_input.c.56.o
 .debug_str     0x0000351b      0x5ef src/c/tutorial.c.56.o
 .debug_str     0x0000351b     0x1248 src/c/ui.c.56.o
 .debug_str     0x0000351b      0x4c2 basalt/appinfo.auto.c.56.o
 .debug_str     0x0000351b      0x186 basalt/src/resource_ids.auto.c.56.o
 .debug_str     0x0000351b      0x454 src/message_keys.auto.c.56.o

.debug_frame    0x00000000     0x12b4
 .debug_frame   0x00000000      0x1e0 src/c/comm.c.56.o
 .debug_frame   0x000001e0      0x14c src/c/controls.c.56.o
 .debug_frame   0x0000032c      0x2c4 src/c/list.c.56.o
 .debug_frame   0x000005f0      0x2a0 src/c/main.c.56.o
 .debug_frame   0x00000890      0x1cc src/c/marquee.c.56.o
 .debug_frame   0x00000a5c      0x258 src/c/menu.c.56.o
 .debug_frame   0x00000cb4       0xd0 src/c/more.c.56.o
 .debug_frame   0x00000d84       0x50 src/c/touch_input.c.56.o
 .debug_frame   0x00000dd4      0x120 src/c/tutorial.c.56.o
 .debug_frame   0x00000ef4      0x3c0 src/c/ui.c.56.o
