Archive member included to satisfy reference by file (symbol)

/home/ry/.local/share/pebble-sdk/SDKs/current/sdk-core/pebble/aplite/lib/libpebble.a(tmp7jpKUopebble.o)
                              src/c/main.c.57.o (app_event_loop)
/home/ry/.local/share/pebble-sdk/SDKs/4.17/toolchain/arm-none-eabi/bin/../lib/gcc/arm-none-eabi/14.2.1/thumb/v7-m/nofp/libgcc.a(_aeabi_ldivmod.o)
                              src/c/ui.c.57.o (__aeabi_ldivmod)
/home/ry/.local/share/pebble-sdk/SDKs/4.17/toolchain/arm-none-eabi/bin/../lib/gcc/arm-none-eabi/14.2.1/thumb/v7-m/nofp/libgcc.a(_udivmoddi4.o)
                              /home/ry/.local/share/pebble-sdk/SDKs/4.17/toolchain/arm-none-eabi/bin/../lib/gcc/arm-none-eabi/14.2.1/thumb/v7-m/nofp/libgcc.a(_aeabi_ldivmod.o) (__udivmoddi4)
/home/ry/.local/share/pebble-sdk/SDKs/4.17/toolchain/arm-none-eabi/bin/../lib/gcc/arm-none-eabi/14.2.1/thumb/v7-m/nofp/libgcc.a(_dvmd_tls.o)
                              /home/ry/.local/share/pebble-sdk/SDKs/4.17/toolchain/arm-none-eabi/bin/../lib/gcc/arm-none-eabi/14.2.1/thumb/v7-m/nofp/libgcc.a(_aeabi_ldivmod.o) (__aeabi_ldiv0)
/home/ry/.local/share/pebble-sdk/SDKs/4.17/toolchain/arm-none-eabi/bin/../lib/gcc/arm-none-eabi/14.2.1/../../../../arm-none-eabi/lib/thumb/v7-m/nofp/libc.a(libc_a-atexit.o)
                              /home/ry/.local/share/pebble-sdk/SDKs/4.17/toolchain/arm-none-eabi/bin/../lib/gcc/arm-none-eabi/14.2.1/../../../../arm-none-eabi/lib/thumb/v7-m/nofp/crt0.o (atexit)
/home/ry/.local/share/pebble-sdk/SDKs/4.17/toolchain/arm-none-eabi/bin/../lib/gcc/arm-none-eabi/14.2.1/../../../../arm-none-eabi/lib/thumb/v7-m/nofp/libc.a(libc_a-exit.o)
                              /home/ry/.local/share/pebble-sdk/SDKs/4.17/toolchain/arm-none-eabi/bin/../lib/gcc/arm-none-eabi/14.2.1/../../../../arm-none-eabi/lib/thumb/v7-m/nofp/crt0.o (exit)
/home/ry/.local/share/pebble-sdk/SDKs/4.17/toolchain/arm-none-eabi/bin/../lib/gcc/arm-none-eabi/14.2.1/../../../../arm-none-eabi/lib/thumb/v7-m/nofp/libc.a(libc_a-findfp.o)
                              /home/ry/.local/share/pebble-sdk/SDKs/4.17/toolchain/arm-none-eabi/bin/../lib/gcc/arm-none-eabi/14.2.1/../../../../arm-none-eabi/lib/thumb/v7-m/nofp/libc.a(libc_a-exit.o) (__stdio_exit_handler)
/home/ry/.local/share/pebble-sdk/SDKs/4.17/toolchain/arm-none-eabi/bin/../lib/gcc/arm-none-eabi/14.2.1/../../../../arm-none-eabi/lib/thumb/v7-m/nofp/libc.a(libc_a-fwalk.o)
                              /home/ry/.local/share/pebble-sdk/SDKs/4.17/toolchain/arm-none-eabi/bin/../lib/gcc/arm-none-eabi/14.2.1/../../../../arm-none-eabi/lib/thumb/v7-m/nofp/libc.a(libc_a-findfp.o) (_fwalk_sglue)
/home/ry/.local/share/pebble-sdk/SDKs/4.17/toolchain/arm-none-eabi/bin/../lib/gcc/arm-none-eabi/14.2.1/../../../../arm-none-eabi/lib/thumb/v7-m/nofp/libc.a(libc_a-stdio.o)
                              /home/ry/.local/share/pebble-sdk/SDKs/4.17/toolchain/arm-none-eabi/bin/../lib/gcc/arm-none-eabi/14.2.1/../../../../arm-none-eabi/lib/thumb/v7-m/nofp/libc.a(libc_a-findfp.o) (__sread)
/home/ry/.local/share/pebble-sdk/SDKs/4.17/toolchain/arm-none-eabi/bin/../lib/gcc/arm-none-eabi/14.2.1/../../../../arm-none-eabi/lib/thumb/v7-m/nofp/libc.a(libc_a-closer.o)
                              /home/ry/.local/share/pebble-sdk/SDKs/4.17/toolchain/arm-none-eabi/bin/../lib/gcc/arm-none-eabi/14.2.1/../../../../arm-none-eabi/lib/thumb/v7-m/nofp/libc.a(libc_a-stdio.o) (_close_r)
/home/ry/.local/share/pebble-sdk/SDKs/4.17/toolchain/arm-none-eabi/bin/../lib/gcc/arm-none-eabi/14.2.1/../../../../arm-none-eabi/lib/thumb/v7-m/nofp/libc.a(libc_a-reent.o)
                              /home/ry/.local/share/pebble-sdk/SDKs/4.17/toolchain/arm-none-eabi/bin/../lib/gcc/arm-none-eabi/14.2.1/../../../../arm-none-eabi/lib/thumb/v7-m/nofp/libc.a(libc_a-closer.o) (errno)
/home/ry/.local/share/pebble-sdk/SDKs/4.17/toolchain/arm-none-eabi/bin/../lib/gcc/arm-none-eabi/14.2.1/../../../../arm-none-eabi/lib/thumb/v7-m/nofp/libc.a(libc_a-impure.o)
                              /home/ry/.local/share/pebble-sdk/SDKs/4.17/toolchain/arm-none-eabi/bin/../lib/gcc/arm-none-eabi/14.2.1/../../../../arm-none-eabi/lib/thumb/v7-m/nofp/libc.a(libc_a-reent.o) (_impure_ptr)
/home/ry/.local/share/pebble-sdk/SDKs/4.17/toolchain/arm-none-eabi/bin/../lib/gcc/arm-none-eabi/14.2.1/../../../../arm-none-eabi/lib/thumb/v7-m/nofp/libc.a(libc_a-lseekr.o)
                              /home/ry/.local/share/pebble-sdk/SDKs/4.17/toolchain/arm-none-eabi/bin/../lib/gcc/arm-none-eabi/14.2.1/../../../../arm-none-eabi/lib/thumb/v7-m/nofp/libc.a(libc_a-stdio.o) (_lseek_r)
/home/ry/.local/share/pebble-sdk/SDKs/4.17/toolchain/arm-none-eabi/bin/../lib/gcc/arm-none-eabi/14.2.1/../../../../arm-none-eabi/lib/thumb/v7-m/nofp/libc.a(libc_a-readr.o)
                              /home/ry/.local/share/pebble-sdk/SDKs/4.17/toolchain/arm-none-eabi/bin/../lib/gcc/arm-none-eabi/14.2.1/../../../../arm-none-eabi/lib/thumb/v7-m/nofp/libc.a(libc_a-stdio.o) (_read_r)
[...]
Memory Configuration

Name             Origin             Length             Attributes
APP              0x00000000         0x00006000         xrw
*default*        0x00000000         0xffffffff

Linker script and memory map

LOAD /home/ry/.local/share/pebble-sdk/SDKs/4.17/toolchain/arm-none-eabi/bin/../lib/gcc/arm-none-eabi/14.2.1/thumb/v7-m/nofp/crti.o
LOAD /home/ry/.local/share/pebble-sdk/SDKs/4.17/toolchain/arm-none-eabi/bin/../lib/gcc/arm-none-eabi/14.2.1/thumb/v7-m/nofp/crtbegin.o
LOAD /home/ry/.local/share/pebble-sdk/SDKs/4.17/toolchain/arm-none-eabi/bin/../lib/gcc/arm-none-eabi/14.2.1/../../../../arm-none-eabi/lib/thumb/v7-m/nofp/crt0.o
LOAD src/c/comm.c.57.o
LOAD src/c/controls.c.57.o
LOAD src/c/list.c.57.o
LOAD src/c/main.c.57.o
LOAD src/c/marquee.c.57.o
LOAD src/c/menu.c.57.o
LOAD src/c/more.c.57.o
LOAD src/c/touch_input.c.57.o
LOAD src/c/tutorial.c.57.o
LOAD src/c/ui.c.57.o
LOAD aplite/appinfo.auto.c.57.o
LOAD aplite/src/resource_ids.auto.c.57.o
LOAD src/message_keys.auto.c.57.o
LOAD /home/ry/.local/share/pebble-sdk/SDKs/current/sdk-core/pebble/aplite/lib/libpebble.a
START GROUP
LOAD /home/ry/.local/share/pebble-sdk/SDKs/4.17/toolchain/arm-none-eabi/bin/../lib/gcc/arm-none-eabi/14.2.1/thumb/v7-m/nofp/libgcc.a
LOAD /home/ry/.local/share/pebble-sdk/SDKs/4.17/toolchain/arm-none-eabi/bin/../lib/gcc/arm-none-eabi/14.2.1/../../../../arm-none-eabi/lib/thumb/v7-m/nofp/libc.a
END GROUP
LOAD /home/ry/.local/share/pebble-sdk/SDKs/4.17/toolchain/arm-none-eabi/bin/../lib/gcc/arm-none-eabi/14.2.1/thumb/v7-m/nofp/crtend.o
LOAD /home/ry/.local/share/pebble-sdk/SDKs/4.17/toolchain/arm-none-eabi/bin/../lib/gcc/arm-none-eabi/14.2.1/thumb/v7-m/nofp/crtn.o

.header         0x00000000       0x82
 *(.pbl_header)
 .pbl_header    0x00000000       0x82 aplite/appinfo.auto.c.57.o
                0x00000000                __pbl_app_info

.note.gnu.build-id
                0x00000082       0x26
                [!provide]                        PROVIDE (BUILD_ID = .)
 *(.note.gnu.build-id)
 *fill*         0x00000082        0x2 
 .note.gnu.build-id
                0x00000084       0x24 linker stubs

.text           0x000000a8     0x393f
 *(.text)
 .text          0x000000a8       0x14 /home/ry/.local/share/pebble-sdk/SDKs/current/sdk-core/pebble/aplite/lib/libpebble.a(tmp7jpKUopebble.o)
 .text          0x000000bc       0xa0 /home/ry/.local/share/pebble-sdk/SDKs/4.17/toolchain/arm-none-eabi/bin/../lib/gcc/arm-none-eabi/14.2.1/thumb/v7-m/nofp/libgcc.a(_aeabi_ldivmod.o)
                0x000000bc                __aeabi_ldivmod
 .text          0x0000015c        0x4 /home/ry/.local/share/pebble-sdk/SDKs/4.17/toolchain/arm-none-eabi/bin/../lib/gcc/arm-none-eabi/14.2.1/thumb/v7-m/nofp/libgcc.a(_dvmd_tls.o)
                0x0000015c                __aeabi_ldiv0
                0x0000015c                __aeabi_idiv0
 *(.text.*)
 .text.outbox_sent_handler
                0x00000160       0x1c src/c/comm.c.57.o
 .text.outbox_failed_handler
                0x0000017c       0x54 src/c/comm.c.57.o
 .text.inbox_dropped_handler
                0x000001d0       0x54 src/c/comm.c.57.o
 .text.send_command_msg
                0x00000224       0x7c src/c/comm.c.57.o
 .text.inbox_received_handler
                0x000002a0      0x87c src/c/comm.c.57.o
 .text.comm_init
                0x00000b1c       0x88 src/c/comm.c.57.o
                0x00000b1c                comm_init
 .text.comm_release_old_art
                0x00000ba4       0x18 src/c/comm.c.57.o
                0x00000ba4                comm_release_old_art
 .text.comm_free_all_art
                0x00000bbc       0x4c src/c/comm.c.57.o
                0x00000bbc                comm_free_all_art
 .text.comm_deinit
                0x00000c08       0x44 src/c/comm.c.57.o
                0x00000c08                comm_deinit
 .text.comm_send_command
                0x00000c4c       0x90 src/c/comm.c.57.o
                0x00000c4c                comm_send_command
 .text.comm_get_cached_art
                0x00000cdc        0xc src/c/comm.c.57.o
                0x00000cdc                comm_get_cached_art
 .text.controls_init
                0x00000ce8       0x24 src/c/controls.c.57.o
                0x00000ce8                controls_init
 .text.controls_deinit
                0x00000d0c       0x18 src/c/controls.c.57.o
                0x00000d0c                controls_deinit
 .text.get_num_sections
                0x00000d24        0x4 src/c/list.c.57.o
 .text.get_num_rows
                0x00000d28       0x28 src/c/list.c.57.o
 .text.get_header_height
                0x00000d50        0x4 src/c/list.c.57.o
 .text.refresh_row_marquee
                0x00000d54       0x20 src/c/list.c.57.o
 .text.window_unload
                0x00000d74       0x50 src/c/list.c.57.o
 .text.window_load
                0x00000dc4       0xe0 src/c/list.c.57.o
 .text.reset_dismiss_timer
                0x00000ea4       0x38 src/c/list.c.57.o
 .text.selection_changed
                0x00000edc       0x10 src/c/list.c.57.o
 .text.dismiss_timer_cb
                0x00000eec       0x20 src/c/list.c.57.o
 .text.draw_header
                0x00000f0c       0x30 src/c/list.c.57.o
 .text.draw_scrolling_row
                0x00000f3c       0xc0 src/c/list.c.57.o
 .text.draw_row
                0x00000ffc      0x180 src/c/list.c.57.o
 .text.list_status_clear_cb
                0x0000117c       0x34 src/c/list.c.57.o
 .text.select_callback
                0x000011b0       0xa0 src/c/list.c.57.o
 .text.list_window_push
                0x00001250       0x90 src/c/list.c.57.o
                0x00001250                list_window_push
 .text.list_add_item
                0x000012e0       0x90 src/c/list.c.57.o
                0x000012e0                list_add_item
 .text.list_set_count
                0x00001370        0x2 src/c/list.c.57.o
                0x00001370                list_set_count
 *fill*         0x00001372        0x2 
 .text.list_mark_done
                0x00001374       0x48 src/c/list.c.57.o
                0x00001374                list_mark_done
 .text.list_set_status
                0x000013bc       0x6c src/c/list.c.57.o
                0x000013bc                list_set_status
 .text.select_long_callback
                0x00001428       0x44 src/c/list.c.57.o
 .text.list_set_queue_current_track
                0x0000146c       0x34 src/c/list.c.57.o
                0x0000146c                list_set_queue_current_track
 .text.list_set_auto_dismiss
                0x000014a0       0x10 src/c/list.c.57.o
                0x000014a0                list_set_auto_dismiss
 .text.stop_ticking
                0x000014b0       0x18 src/c/main.c.57.o
 .text.np_window_unload
                0x000014c8       0x20 src/c/main.c.57.o
 .text.np_window_load
                0x000014e8       0x34 src/c/main.c.57.o
 .text.image_ready_cb
                0x0000151c        0x4 src/c/main.c.57.o
 .text.np_click_config_provider
                0x00001520       0x30 src/c/main.c.57.o
 .text.np_select_click
                0x00001550       0x30 src/c/main.c.57.o
 .text.np_down_click
                0x00001580       0x14 src/c/main.c.57.o
 .text.np_up_click
                0x00001594       0x14 src/c/main.c.57.o
 .text.music_command_cb
                0x000015a8      0x120 src/c/main.c.57.o
 .text.list_done_cb
                0x000016c8        0x4 src/c/main.c.57.o
 .text.list_item_cb
                0x000016cc       0x22 src/c/main.c.57.o
 *fill*         0x000016ee        0x2 
 .text.track_info_cb
                0x000016f0      0x148 src/c/main.c.57.o
 .text.status_cb
                0x00001838       0x28 src/c/main.c.57.o
 .text.mode_changed_cb
                0x00001860       0x1c src/c/main.c.57.o
 .text.auth_status_cb
                0x0000187c       0x2c src/c/main.c.57.o
 .text.tick_cb  0x000018a8       0x50 src/c/main.c.57.o
 .text.now_playing_window_push
                0x000018f8       0x4c src/c/main.c.57.o
                0x000018f8                now_playing_window_push
 .text.startup.main
                0x00001944       0x7c src/c/main.c.57.o
                0x00001944                main
 .text.ml_update_proc
                0x000019c0       0x7e src/c/marquee.c.57.o
 .text.ml_redraw_cb
                0x00001a3e        0xc src/c/marquee.c.57.o
 *fill*         0x00001a4a        0x2 
 .text.schedule_timer
                0x00001a4c       0x2c src/c/marquee.c.57.o
 .text.tick_cb  0x00001a78       0x7c src/c/marquee.c.57.o
 .text.marquee_unregister
                0x00001af4       0x70 src/c/marquee.c.57.o
                0x00001af4                marquee_unregister
 .text.marquee_set
                0x00001b64       0xf8 src/c/marquee.c.57.o
                0x00001b64                marquee_set
 .text.marquee_layer_create
                0x00001c5c       0x5c src/c/marquee.c.57.o
                0x00001c5c                marquee_layer_create
 .text.marquee_layer_destroy
                0x00001cb8       0x20 src/c/marquee.c.57.o
                0x00001cb8                marquee_layer_destroy
 .text.marquee_layer_get_layer
                0x00001cd8        0x6 src/c/marquee.c.57.o
                0x00001cd8                marquee_layer_get_layer
 *fill*         0x00001cde        0x2 
 .text.marquee_layer_set_font
                0x00001ce0       0x3c src/c/marquee.c.57.o
                0x00001ce0                marquee_layer_set_font
 .text.marquee_layer_set_text_color
                0x00001d1c       0x10 src/c/marquee.c.57.o
                0x00001d1c                marquee_layer_set_text_color
 .text.marquee_layer_set_alignment
                0x00001d2c       0x10 src/c/marquee.c.57.o
                0x00001d2c                marquee_layer_set_alignment
 .text.marquee_layer_set_text
                0x00001d3c       0x30 src/c/marquee.c.57.o
                0x00001d3c                marquee_layer_set_text
 .text.marquee_layer_stop
                0x00001d6c       0x1e src/c/marquee.c.57.o
                0x00001d6c                marquee_layer_stop
 .text.about_get_num_rows
                0x00001d8a        0x4 src/c/menu.c.57.o
 .text.about_select
                0x00001d8e        0x2 src/c/menu.c.57.o
 .text.get_num_sections
                0x00001d90        0x4 src/c/menu.c.57.o
 .text.get_num_rows
                0x00001d94        0x4 src/c/menu.c.57.o
 .text.get_header_height
                0x00001d98        0x4 src/c/menu.c.57.o
 .text.window_unload
                0x00001d9c       0x2c src/c/menu.c.57.o
 .text.about_unload
                0x00001dc8       0x18 src/c/menu.c.57.o
 .text.about_load
                0x00001de0       0xac src/c/menu.c.57.o
 .text.select_long_callback
                0x00001e8c        0xa src/c/menu.c.57.o
 *fill*         0x00001e96        0x2 
 .text.select_callback
                0x00001e98       0xbc src/c/menu.c.57.o
 .text.refresh_np_marquee
                0x00001f54       0x74 src/c/menu.c.57.o
 .text.window_load
                0x00001fc8       0xe0 src/c/menu.c.57.o
 .text.menu_selection_changed
                0x000020a8       0x1c src/c/menu.c.57.o
 .text.np_marquee_redraw
                0x000020c4       0x1c src/c/menu.c.57.o
 .text.about_draw_row
                0x000020e0       0x40 src/c/menu.c.57.o
 .text.draw_row
                0x00002120       0xe4 src/c/menu.c.57.o
 .text.menu_window_push
                0x00002204       0x4c src/c/menu.c.57.o
                0x00002204                menu_window_push
 .text.menu_set_now_playing_subtitle
                0x00002250       0x34 src/c/menu.c.57.o
                0x00002250                menu_set_now_playing_subtitle
 .text.more_window_push
                0x00002284        0x2 src/c/more.c.57.o
                0x00002284                more_window_push
 .text.touch_input_init
                0x00002286        0x2 src/c/touch_input.c.57.o
                0x00002286                touch_input_init
 .text.touch_input_deinit
                0x00002288        0x2 src/c/touch_input.c.57.o
                0x00002288                touch_input_deinit
 *fill*         0x0000228a        0x2 
 .text.progress_update_proc
                0x0000228c       0x88 src/c/ui.c.57.o
 .text.overlay_update_proc
                0x00002314      0x294 src/c/ui.c.57.o
 .text.marquee_stop_cb
                0x000025a8       0x1c src/c/ui.c.57.o
 .text.reset_marquee_timer
                0x000025c4       0x30 src/c/ui.c.57.o
 .text.apply_text_content
                0x000025f4       0x58 src/c/ui.c.57.o
 .text.set_text_x_delta.constprop.0
                0x0000264c       0x64 src/c/ui.c.57.o
 .text.no_track_timeout_cb
                0x000026b0       0x6c src/c/ui.c.57.o
 .text.text_debounce_cb
                0x0000271c       0x1c src/c/ui.c.57.o
 .text.ui_init  0x00002738      0x304 src/c/ui.c.57.o
                0x00002738                ui_init
 .text.ui_deinit
                0x00002a3c       0xa0 src/c/ui.c.57.o
                0x00002a3c                ui_deinit
 .text.ui_set_album_art
                0x00002adc       0x5c src/c/ui.c.57.o
                0x00002adc                ui_set_album_art
 .text.ui_set_status
                0x00002b38        0x2 src/c/ui.c.57.o
                0x00002b38                ui_set_status
 *fill*         0x00002b3a        0x2 
 .text.ui_start_loading
                0x00002b3c       0x74 src/c/ui.c.57.o
                0x00002b3c                ui_start_loading
 .text.ui_set_track_info
                0x00002bb0       0xb0 src/c/ui.c.57.o
                0x00002bb0                ui_set_track_info
 .text.ui_set_shuffle
                0x00002c60       0x24 src/c/ui.c.57.o
                0x00002c60                ui_set_shuffle
 .text.ui_set_repeat
                0x00002c84       0x24 src/c/ui.c.57.o
                0x00002c84                ui_set_repeat
 .text.ui_hint_animation_dir
                0x00002ca8        0x2 src/c/ui.c.57.o
                0x00002ca8                ui_hint_animation_dir
 *fill*         0x00002caa        0x2 
 .text.ui_set_progress
                0x00002cac       0x8c src/c/ui.c.57.o
                0x00002cac                ui_set_progress
 .text.app_event_loop
                0x00002d38        0xc /home/ry/.local/share/pebble-sdk/SDKs/current/sdk-core/pebble/aplite/lib/libpebble.a(tmp7jpKUopebble.o)
                0x00002d38                app_event_loop
 .text.app_log  0x00002d44        0xc /home/ry/.local/share/pebble-sdk/SDKs/current/sdk-core/pebble/aplite/lib/libpebble.a(tmp7jpKUopebble.o)
                0x00002d44                app_log
 .text.app_message_deregister_callbacks
                0x00002d50        0xc /home/ry/.local/share/pebble-sdk/SDKs/current/sdk-core/pebble/aplite/lib/libpebble.a(tmp7jpKUopebble.o)
                0x00002d50                app_message_deregister_callbacks
 .text.app_message_open
                0x00002d5c        0xc /home/ry/.local/share/pebble-sdk/SDKs/current/sdk-core/pebble/aplite/lib/libpebble.a(tmp7jpKUopebble.o)
                0x00002d5c                app_message_open
 .text.app_timer_cancel
                0x00002d68        0xc /home/ry/.local/share/pebble-sdk/SDKs/current/sdk-core/pebble/aplite/lib/libpebble.a(tmp7jpKUopebble.o)
                0x00002d68                app_timer_cancel
 .text.app_timer_register
                0x00002d74        0xc /home/ry/.local/share/pebble-sdk/SDKs/current/sdk-core/pebble/aplite/lib/libpebble.a(tmp7jpKUopebble.o)
                0x00002d74                app_timer_register
 .text.app_timer_reschedule
                0x00002d80        0xc /home/ry/.local/share/pebble-sdk/SDKs/current/sdk-core/pebble/aplite/lib/libpebble.a(tmp7jpKUopebble.o)
                0x00002d80                app_timer_reschedule
 .text.bitmap_layer_create
                0x00002d8c        0xc /home/ry/.local/share/pebble-sdk/SDKs/current/sdk-core/pebble/aplite/lib/libpebble.a(tmp7jpKUopebble.o)
                0x00002d8c                bitmap_layer_create
 .text.bitmap_layer_destroy
                0x00002d98        0xc /home/ry/.local/share/pebble-sdk/SDKs/current/sdk-core/pebble/aplite/lib/libpebble.a(tmp7jpKUopebble.o)
                0x00002d98                bitmap_layer_destroy
 .text.bitmap_layer_get_layer
                0x00002da4        0xc /home/ry/.local/share/pebble-sdk/SDKs/current/sdk-core/pebble/aplite/lib/libpebble.a(tmp7jpKUopebble.o)
                0x00002da4                bitmap_layer_get_layer
 .text.bitmap_layer_set_alignment
                0x00002db0        0xc /home/ry/.local/share/pebble-sdk/SDKs/current/sdk-core/pebble/aplite/lib/libpebble.a(tmp7jpKUopebble.o)
                0x00002db0                bitmap_layer_set_alignment
 .text.bitmap_layer_set_bitmap
                0x00002dbc        0xc /home/ry/.local/share/pebble-sdk/SDKs/current/sdk-core/pebble/aplite/lib/libpebble.a(tmp7jpKUopebble.o)
                0x00002dbc                bitmap_layer_set_bitmap
 .text.bitmap_layer_set_compositing_mode
                0x00002dc8        0xc /home/ry/.local/share/pebble-sdk/SDKs/current/sdk-core/pebble/aplite/lib/libpebble.a(tmp7jpKUopebble.o)
                0x00002dc8                bitmap_layer_set_compositing_mode
 .text.dict_find
                0x00002dd4        0xc /home/ry/.local/share/pebble-sdk/SDKs/current/sdk-core/pebble/aplite/lib/libpebble.a(tmp7jpKUopebble.o)
                0x00002dd4                dict_find
 .text.dict_write_cstring
                0x00002de0        0xc /home/ry/.local/share/pebble-sdk/SDKs/current/sdk-core/pebble/aplite/lib/libpebble.a(tmp7jpKUopebble.o)
                0x00002de0                dict_write_cstring
 .text.dict_write_int32
                0x00002dec        0xc /home/ry/.local/share/pebble-sdk/SDKs/current/sdk-core/pebble/aplite/lib/libpebble.a(tmp7jpKUopebble.o)
                0x00002dec                dict_write_int32
 .text.fonts_get_system_font
                0x00002df8        0xc /home/ry/.local/share/pebble-sdk/SDKs/current/sdk-core/pebble/aplite/lib/libpebble.a(tmp7jpKUopebble.o)
                0x00002df8                fonts_get_system_font
 .text.free     0x00002e04        0xc /home/ry/.local/share/pebble-sdk/SDKs/current/sdk-core/pebble/aplite/lib/libpebble.a(tmp7jpKUopebble.o)
                0x00002e04                free
 .text.gbitmap_destroy
                0x00002e10        0xc /home/ry/.local/share/pebble-sdk/SDKs/current/sdk-core/pebble/aplite/lib/libpebble.a(tmp7jpKUopebble.o)
                0x00002e10                gbitmap_destroy
 .text.graphics_draw_line
                0x00002e1c        0xc /home/ry/.local/share/pebble-sdk/SDKs/current/sdk-core/pebble/aplite/lib/libpebble.a(tmp7jpKUopebble.o)
                0x00002e1c                graphics_draw_line
 .text.graphics_draw_pixel
                0x00002e28        0xc /home/ry/.local/share/pebble-sdk/SDKs/current/sdk-core/pebble/aplite/lib/libpebble.a(tmp7jpKUopebble.o)
                0x00002e28                graphics_draw_pixel
 .text.graphics_fill_rect
                0x00002e34        0xc /home/ry/.local/share/pebble-sdk/SDKs/current/sdk-core/pebble/aplite/lib/libpebble.a(tmp7jpKUopebble.o)
                0x00002e34                graphics_fill_rect
 .text.layer_add_child
                0x00002e40        0xc /home/ry/.local/share/pebble-sdk/SDKs/current/sdk-core/pebble/aplite/lib/libpebble.a(tmp7jpKUopebble.o)
                0x00002e40                layer_add_child
 .text.layer_create
                0x00002e4c        0xc /home/ry/.local/share/pebble-sdk/SDKs/current/sdk-core/pebble/aplite/lib/libpebble.a(tmp7jpKUopebble.o)
                0x00002e4c                layer_create
 .text.layer_create_with_data
                0x00002e58        0xc /home/ry/.local/share/pebble-sdk/SDKs/current/sdk-core/pebble/aplite/lib/libpebble.a(tmp7jpKUopebble.o)
                0x00002e58                layer_create_with_data
 .text.layer_destroy
                0x00002e64        0xc /home/ry/.local/share/pebble-sdk/SDKs/current/sdk-core/pebble/aplite/lib/libpebble.a(tmp7jpKUopebble.o)
                0x00002e64                layer_destroy
 .text.layer_get_bounds
                0x00002e70        0xc /home/ry/.local/share/pebble-sdk/SDKs/current/sdk-core/pebble/aplite/lib/libpebble.a(tmp7jpKUopebble.o)
                0x00002e70                layer_get_bounds
 .text.layer_get_data
                0x00002e7c        0xc /home/ry/.local/share/pebble-sdk/SDKs/current/sdk-core/pebble/aplite/lib/libpebble.a(tmp7jpKUopebble.o)
                0x00002e7c                layer_get_data
 .text.layer_get_frame
                0x00002e88        0xc /home/ry/.local/share/pebble-sdk/SDKs/current/sdk-core/pebble/aplite/lib/libpebble.a(tmp7jpKUopebble.o)
                0x00002e88                layer_get_frame
 .text.layer_mark_dirty
                0x00002e94        0xc /home/ry/.local/share/pebble-sdk/SDKs/current/sdk-core/pebble/aplite/lib/libpebble.a(tmp7jpKUopebble.o)
                0x00002e94                layer_mark_dirty
 .text.layer_set_frame
                0x00002ea0        0xc /home/ry/.local/share/pebble-sdk/SDKs/current/sdk-core/pebble/aplite/lib/libpebble.a(tmp7jpKUopebble.o)
                0x00002ea0                layer_set_frame
 .text.layer_set_update_proc
                0x00002eac        0xc /home/ry/.local/share/pebble-sdk/SDKs/current/sdk-core/pebble/aplite/lib/libpebble.a(tmp7jpKUopebble.o)
                0x00002eac                layer_set_update_proc
 .text.malloc   0x00002eb8        0xc /home/ry/.local/share/pebble-sdk/SDKs/current/sdk-core/pebble/aplite/lib/libpebble.a(tmp7jpKUopebble.o)
                0x00002eb8                malloc
 .text.memcpy   0x00002ec4        0xc /home/ry/.local/share/pebble-sdk/SDKs/current/sdk-core/pebble/aplite/lib/libpebble.a(tmp7jpKUopebble.o)
                0x00002ec4                memcpy
 .text.memset   0x00002ed0        0xc /home/ry/.local/share/pebble-sdk/SDKs/current/sdk-core/pebble/aplite/lib/libpebble.a(tmp7jpKUopebble.o)
                0x00002ed0                memset
 .text.menu_cell_basic_draw
                0x00002edc        0xc /home/ry/.local/share/pebble-sdk/SDKs/current/sdk-core/pebble/aplite/lib/libpebble.a(tmp7jpKUopebble.o)
                0x00002edc                menu_cell_basic_draw
 .text.menu_cell_basic_header_draw
                0x00002ee8        0xc /home/ry/.local/share/pebble-sdk/SDKs/current/sdk-core/pebble/aplite/lib/libpebble.a(tmp7jpKUopebble.o)
                0x00002ee8                menu_cell_basic_header_draw
 .text.menu_layer_destroy
                0x00002ef4        0xc /home/ry/.local/share/pebble-sdk/SDKs/current/sdk-core/pebble/aplite/lib/libpebble.a(tmp7jpKUopebble.o)
                0x00002ef4                menu_layer_destroy
 .text.menu_layer_get_layer
                0x00002f00        0xc /home/ry/.local/share/pebble-sdk/SDKs/current/sdk-core/pebble/aplite/lib/libpebble.a(tmp7jpKUopebble.o)
                0x00002f00                menu_layer_get_layer
 .text.menu_layer_reload_data
                0x00002f0c        0xc /home/ry/.local/share/pebble-sdk/SDKs/current/sdk-core/pebble/aplite/lib/libpebble.a(tmp7jpKUopebble.o)
                0x00002f0c                menu_layer_reload_data
 .text.menu_layer_set_click_config_onto_window
                0x00002f18        0xc /home/ry/.local/share/pebble-sdk/SDKs/current/sdk-core/pebble/aplite/lib/libpebble.a(tmp7jpKUopebble.o)
                0x00002f18                menu_layer_set_click_config_onto_window
 .text.persist_read_int
                0x00002f24        0xc /home/ry/.local/share/pebble-sdk/SDKs/current/sdk-core/pebble/aplite/lib/libpebble.a(tmp7jpKUopebble.o)
                0x00002f24                persist_read_int
 .text.snprintf
                0x00002f30        0xc /home/ry/.local/share/pebble-sdk/SDKs/current/sdk-core/pebble/aplite/lib/libpebble.a(tmp7jpKUopebble.o)
                0x00002f30                snprintf
 .text.strcmp   0x00002f3c        0xc /home/ry/.local/share/pebble-sdk/SDKs/current/sdk-core/pebble/aplite/lib/libpebble.a(tmp7jpKUopebble.o)
                0x00002f3c                strcmp
 .text.strcpy   0x00002f48        0xc /home/ry/.local/share/pebble-sdk/SDKs/current/sdk-core/pebble/aplite/lib/libpebble.a(tmp7jpKUopebble.o)
                0x00002f48                strcpy
 .text.strlen   0x00002f54        0xc /home/ry/.local/share/pebble-sdk/SDKs/current/sdk-core/pebble/aplite/lib/libpebble.a(tmp7jpKUopebble.o)
                0x00002f54                strlen
 .text.strncmp  0x00002f60        0xc /home/ry/.local/share/pebble-sdk/SDKs/current/sdk-core/pebble/aplite/lib/libpebble.a(tmp7jpKUopebble.o)
                0x00002f60                strncmp
 .text.strncpy  0x00002f6c        0xc /home/ry/.local/share/pebble-sdk/SDKs/current/sdk-core/pebble/aplite/lib/libpebble.a(tmp7jpKUopebble.o)
                0x00002f6c                strncpy
 .text.vibes_short_pulse
                0x00002f78        0xc /home/ry/.local/share/pebble-sdk/SDKs/current/sdk-core/pebble/aplite/lib/libpebble.a(tmp7jpKUopebble.o)
                0x00002f78                vibes_short_pulse
 .text.window_create
                0x00002f84        0xc /home/ry/.local/share/pebble-sdk/SDKs/current/sdk-core/pebble/aplite/lib/libpebble.a(tmp7jpKUopebble.o)
                0x00002f84                window_create
 .text.window_get_root_layer
                0x00002f90        0xc /home/ry/.local/share/pebble-sdk/SDKs/current/sdk-core/pebble/aplite/lib/libpebble.a(tmp7jpKUopebble.o)
                0x00002f90                window_get_root_layer
 .text.window_set_click_config_provider
                0x00002f9c        0xc /home/ry/.local/share/pebble-sdk/SDKs/current/sdk-core/pebble/aplite/lib/libpebble.a(tmp7jpKUopebble.o)
                0x00002f9c                window_set_click_config_provider
 .text.window_set_window_handlers
                0x00002fa8        0xc /home/ry/.local/share/pebble-sdk/SDKs/current/sdk-core/pebble/aplite/lib/libpebble.a(tmp7jpKUopebble.o)
                0x00002fa8                window_set_window_handlers
 .text.window_stack_push
                0x00002fb4        0xc /home/ry/.local/share/pebble-sdk/SDKs/current/sdk-core/pebble/aplite/lib/libpebble.a(tmp7jpKUopebble.o)
                0x00002fb4                window_stack_push
 .text.window_stack_remove
                0x00002fc0        0xc /home/ry/.local/share/pebble-sdk/SDKs/current/sdk-core/pebble/aplite/lib/libpebble.a(tmp7jpKUopebble.o)
                0x00002fc0                window_stack_remove
 .text.app_message_outbox_begin
                0x00002fcc        0xc /home/ry/.local/share/pebble-sdk/SDKs/current/sdk-core/pebble/aplite/lib/libpebble.a(tmp7jpKUopebble.o)
                0x00002fcc                app_message_outbox_begin
 .text.app_message_outbox_send
                0x00002fd8        0xc /home/ry/.local/share/pebble-sdk/SDKs/current/sdk-core/pebble/aplite/lib/libpebble.a(tmp7jpKUopebble.o)
                0x00002fd8                app_message_outbox_send
 .text.app_message_register_inbox_dropped
                0x00002fe4        0xc /home/ry/.local/share/pebble-sdk/SDKs/current/sdk-core/pebble/aplite/lib/libpebble.a(tmp7jpKUopebble.o)
                0x00002fe4                app_message_register_inbox_dropped
 .text.app_message_register_inbox_received
                0x00002ff0        0xc /home/ry/.local/share/pebble-sdk/SDKs/current/sdk-core/pebble/aplite/lib/libpebble.a(tmp7jpKUopebble.o)
                0x00002ff0                app_message_register_inbox_received
 .text.app_message_register_outbox_failed
                0x00002ffc        0xc /home/ry/.local/share/pebble-sdk/SDKs/current/sdk-core/pebble/aplite/lib/libpebble.a(tmp7jpKUopebble.o)
                0x00002ffc                app_message_register_outbox_failed
 .text.app_message_register_outbox_sent
                0x00003008        0xc /home/ry/.local/share/pebble-sdk/SDKs/current/sdk-core/pebble/aplite/lib/libpebble.a(tmp7jpKUopebble.o)
                0x00003008                app_message_register_outbox_sent
 .text.window_single_click_subscribe
                0x00003014        0xc /home/ry/.local/share/pebble-sdk/SDKs/current/sdk-core/pebble/aplite/lib/libpebble.a(tmp7jpKUopebble.o)
                0x00003014                window_single_click_subscribe
 .text.graphics_draw_text
                0x00003020        0xc /home/ry/.local/share/pebble-sdk/SDKs/current/sdk-core/pebble/aplite/lib/libpebble.a(tmp7jpKUopebble.o)
                0x00003020                graphics_draw_text
 .text.graphics_text_layout_get_content_size
                0x0000302c        0xc /home/ry/.local/share/pebble-sdk/SDKs/current/sdk-core/pebble/aplite/lib/libpebble.a(tmp7jpKUopebble.o)
                0x0000302c                graphics_text_layout_get_content_size
 .text.launch_reason
                0x00003038        0xc /home/ry/.local/share/pebble-sdk/SDKs/current/sdk-core/pebble/aplite/lib/libpebble.a(tmp7jpKUopebble.o)
                0x00003038                launch_reason
 .text.bitmap_layer_set_background_color
                0x00003044        0xc /home/ry/.local/share/pebble-sdk/SDKs/current/sdk-core/pebble/aplite/lib/libpebble.a(tmp7jpKUopebble.o)
                0x00003044                bitmap_layer_set_background_color
 .text.graphics_context_set_fill_color
                0x00003050        0xc /home/ry/.local/share/pebble-sdk/SDKs/current/sdk-core/pebble/aplite/lib/libpebble.a(tmp7jpKUopebble.o)
                0x00003050                graphics_context_set_fill_color
 .text.graphics_context_set_stroke_color
                0x0000305c        0xc /home/ry/.local/share/pebble-sdk/SDKs/current/sdk-core/pebble/aplite/lib/libpebble.a(tmp7jpKUopebble.o)
                0x0000305c                graphics_context_set_stroke_color
 .text.graphics_context_set_text_color
                0x00003068        0xc /home/ry/.local/share/pebble-sdk/SDKs/current/sdk-core/pebble/aplite/lib/libpebble.a(tmp7jpKUopebble.o)
                0x00003068                graphics_context_set_text_color
 .text.window_set_background_color
                0x00003074        0xc /home/ry/.local/share/pebble-sdk/SDKs/current/sdk-core/pebble/aplite/lib/libpebble.a(tmp7jpKUopebble.o)
                0x00003074                window_set_background_color
 .text.gbitmap_create_blank
                0x00003080        0xc /home/ry/.local/share/pebble-sdk/SDKs/current/sdk-core/pebble/aplite/lib/libpebble.a(tmp7jpKUopebble.o)
                0x00003080                gbitmap_create_blank
 .text.gbitmap_get_bytes_per_row
                0x0000308c        0xc /home/ry/.local/share/pebble-sdk/SDKs/current/sdk-core/pebble/aplite/lib/libpebble.a(tmp7jpKUopebble.o)
                0x0000308c                gbitmap_get_bytes_per_row
 .text.gbitmap_get_data
                0x00003098        0xc /home/ry/.local/share/pebble-sdk/SDKs/current/sdk-core/pebble/aplite/lib/libpebble.a(tmp7jpKUopebble.o)
                0x00003098                gbitmap_get_data
 .text.menu_layer_create
                0x000030a4        0xc /home/ry/.local/share/pebble-sdk/SDKs/current/sdk-core/pebble/aplite/lib/libpebble.a(tmp7jpKUopebble.o)
                0x000030a4                menu_layer_create
 .text.text_layer_create
                0x000030b0        0xc /home/ry/.local/share/pebble-sdk/SDKs/current/sdk-core/pebble/aplite/lib/libpebble.a(tmp7jpKUopebble.o)
                0x000030b0                text_layer_create
 .text.text_layer_destroy
                0x000030bc        0xc /home/ry/.local/share/pebble-sdk/SDKs/current/sdk-core/pebble/aplite/lib/libpebble.a(tmp7jpKUopebble.o)
                0x000030bc                text_layer_destroy
 .text.text_layer_get_layer
                0x000030c8        0xc /home/ry/.local/share/pebble-sdk/SDKs/current/sdk-core/pebble/aplite/lib/libpebble.a(tmp7jpKUopebble.o)
                0x000030c8                text_layer_get_layer
 .text.text_layer_set_background_color
                0x000030d4        0xc /home/ry/.local/share/pebble-sdk/SDKs/current/sdk-core/pebble/aplite/lib/libpebble.a(tmp7jpKUopebble.o)
                0x000030d4                text_layer_set_background_color
 .text.text_layer_set_font
                0x000030e0        0xc /home/ry/.local/share/pebble-sdk/SDKs/current/sdk-core/pebble/aplite/lib/libpebble.a(tmp7jpKUopebble.o)
                0x000030e0                text_layer_set_font
 .text.text_layer_set_overflow_mode
                0x000030ec        0xc /home/ry/.local/share/pebble-sdk/SDKs/current/sdk-core/pebble/aplite/lib/libpebble.a(tmp7jpKUopebble.o)
                0x000030ec                text_layer_set_overflow_mode
 .text.text_layer_set_text
                0x000030f8        0xc /home/ry/.local/share/pebble-sdk/SDKs/current/sdk-core/pebble/aplite/lib/libpebble.a(tmp7jpKUopebble.o)
                0x000030f8                text_layer_set_text
 .text.text_layer_set_text_color
                0x00003104        0xc /home/ry/.local/share/pebble-sdk/SDKs/current/sdk-core/pebble/aplite/lib/libpebble.a(tmp7jpKUopebble.o)
                0x00003104                text_layer_set_text_color
 .text.menu_layer_set_highlight_colors
                0x00003110        0xc /home/ry/.local/share/pebble-sdk/SDKs/current/sdk-core/pebble/aplite/lib/libpebble.a(tmp7jpKUopebble.o)
                0x00003110                menu_layer_set_highlight_colors
 .text.menu_layer_set_normal_colors
                0x0000311c        0xc /home/ry/.local/share/pebble-sdk/SDKs/current/sdk-core/pebble/aplite/lib/libpebble.a(tmp7jpKUopebble.o)
                0x0000311c                menu_layer_set_normal_colors
 .text.menu_layer_set_callbacks
                0x00003128        0xc /home/ry/.local/share/pebble-sdk/SDKs/current/sdk-core/pebble/aplite/lib/libpebble.a(tmp7jpKUopebble.o)
                0x00003128                menu_layer_set_callbacks
 .text.__udivmoddi4
                0x00003134      0x2f4 /home/ry/.local/share/pebble-sdk/SDKs/4.17/toolchain/arm-none-eabi/bin/../lib/gcc/arm-none-eabi/14.2.1/thumb/v7-m/nofp/libgcc.a(_udivmoddi4.o)
                0x00003134                __udivmoddi4
 *(.rodata)
 *(.rodata*)
 .rodata.outbox_sent_handler.str1.1
                0x00003428      0x5bf src/c/comm.c.57.o
                                 0x16 (size before relaxing)
 .rodata.outbox_failed_handler.str1.1
                0x000039e7       0x22 src/c/comm.c.57.o
 .rodata.inbox_dropped_handler.str1.1
                0x000039e7       0x24 src/c/comm.c.57.o
 .rodata.send_command_msg.str1.1
                0x000039e7       0x2f src/c/comm.c.57.o
 .rodata.inbox_received_handler.str1.1
                0x000039e7      0x23c src/c/comm.c.57.o
 .rodata.comm_init.str1.1
                0x000039e7       0x26 src/c/comm.c.57.o
 .rodata.comm_send_command.str1.1
                0x000039e7       0x36 src/c/comm.c.57.o
 .rodata.draw_scrolling_row.str1.1
                0x000039e7       0x31 src/c/list.c.57.o
 .rodata.draw_row.str1.1
                0x000039e7       0x85 src/c/list.c.57.o
 .rodata.select_long_callback.str1.1
                0x000039e7       0x12 src/c/list.c.57.o
 .rodata.str1.1
                0x000039e7       0x34 src/c/list.c.57.o
 .rodata.music_command_cb.str1.1
                0x000039e7       0x51 src/c/main.c.57.o
 .rodata.track_info_cb.str1.1
                0x000039e7       0x79 src/c/main.c.57.o
 .rodata.status_cb.str1.1
                0x000039e7        0xf src/c/main.c.57.o
 .rodata.mode_changed_cb.str1.1
                0x000039e7       0x17 src/c/main.c.57.o
 .rodata.auth_status_cb.str1.1
                0x000039e7       0x29 src/c/main.c.57.o
 .rodata.marquee_set.str1.1
                0x000039e7        0x1 src/c/marquee.c.57.o
 .rodata.refresh_np_marquee.str1.1
                0x000039e7       0x16 src/c/menu.c.57.o
 .rodata.about_draw_row.str1.1
                0x000039e7       0x1f src/c/menu.c.57.o
 .rodata.draw_row.str1.1
                0x000039e7       0x27 src/c/menu.c.57.o
 .rodata.str1.1
                0x000039e7       0x44 src/c/menu.c.57.o
 .rodata.overlay_update_proc.str1.1
                0x000039e7       0x16 src/c/ui.c.57.o
 .rodata.no_track_timeout_cb.str1.1
                0x000039e7       0x1a src/c/ui.c.57.o
 .rodata.ui_init.str1.1
                0x000039e7       0x27 src/c/ui.c.57.o
 .rodata.ui_set_progress.str1.1
                0x000039e7       0x12 src/c/ui.c.57.o

.glue_7         0x000039e8        0x0
 .glue_7        0x000039e8        0x0 linker stubs

.glue_7t        0x000039e8        0x0
 .glue_7t       0x000039e8        0x0 linker stubs

.vfp11_veneer   0x000039e8        0x0
 .vfp11_veneer  0x000039e8        0x0 linker stubs

.v4_bx          0x000039e8        0x0
 .v4_bx         0x000039e8        0x0 linker stubs

.init           0x000039e8        0x4
 .init          0x000039e8        0x4 /home/ry/.local/share/pebble-sdk/SDKs/4.17/toolchain/arm-none-eabi/bin/../lib/gcc/arm-none-eabi/14.2.1/thumb/v7-m/nofp/crti.o
                0x000039e8                _init

.fini           0x000039ec        0x4
 .fini          0x000039ec        0x4 /home/ry/.local/share/pebble-sdk/SDKs/4.17/toolchain/arm-none-eabi/bin/../lib/gcc/arm-none-eabi/14.2.1/thumb/v7-m/nofp/crti.o
                0x000039ec                _fini

.iplt           0x000039f0        0x0
 .iplt          0x000039f0        0x0 src/c/comm.c.57.o

.rel.dyn        0x000039f0        0x0
 .rel.iplt      0x000039f0        0x0 src/c/comm.c.57.o
 .rel.got       0x000039f0        0x0 src/c/comm.c.57.o

.ARM.exidx.text.__udivmoddi4
                0x000039f0        0x8
 .ARM.exidx.text.__udivmoddi4
                0x000039f0        0x8 /home/ry/.local/share/pebble-sdk/SDKs/4.17/toolchain/arm-none-eabi/bin/../lib/gcc/arm-none-eabi/14.2.1/thumb/v7-m/nofp/libgcc.a(_udivmoddi4.o)

.data           0x000039f8      0x104
 *(.data)
 .data          0x000039f8        0x0 /home/ry/.local/share/pebble-sdk/SDKs/4.17/toolchain/arm-none-eabi/bin/../lib/gcc/arm-none-eabi/14.2.1/thumb/v7-m/nofp/crti.o
 .data          0x000039f8        0x0 /home/ry/.local/share/pebble-sdk/SDKs/4.17/toolchain/arm-none-eabi/bin/../lib/gcc/arm-none-eabi/14.2.1/thumb/v7-m/nofp/crtbegin.o
 .data          0x000039f8        0x0 /home/ry/.local/share/pebble-sdk/SDKs/4.17/toolchain/arm-none-eabi/bin/../lib/gcc/arm-none-eabi/14.2.1/../../../../arm-none-eabi/lib/thumb/v7-m/nofp/crt0.o
 .data          0x000039f8        0x0 src/c/comm.c.57.o
 .data          0x000039f8        0x0 src/c/controls.c.57.o
 .data          0x000039f8        0x0 src/c/list.c.57.o
 .data          0x000039f8       0x18 src/c/main.c.57.o
 .data          0x00003a10        0x0 src/c/marquee.c.57.o
 .data          0x00003a10        0x0 src/c/menu.c.57.o
 .data          0x00003a10        0x0 src/c/more.c.57.o
 .data          0x00003a10        0x0 src/c/touch_input.c.57.o
 .data          0x00003a10        0x0 src/c/tutorial.c.57.o
 .data          0x00003a10        0x0 src/c/ui.c.57.o
 .data          0x00003a10        0x0 aplite/appinfo.auto.c.57.o
 .data          0x00003a10        0x0 aplite/src/resource_ids.auto.c.57.o
 .data          0x00003a10        0x0 src/message_keys.auto.c.57.o
 .data          0x00003a10        0x0 /home/ry/.local/share/pebble-sdk/SDKs/current/sdk-core/pebble/aplite/lib/libpebble.a(tmp7jpKUopebble.o)
 .data          0x00003a10        0x0 /home/ry/.local/share/pebble-sdk/SDKs/4.17/toolchain/arm-none-eabi/bin/../lib/gcc/arm-none-eabi/14.2.1/thumb/v7-m/nofp/libgcc.a(_aeabi_ldivmod.o)
 .data          0x00003a10        0x0 /home/ry/.local/share/pebble-sdk/SDKs/4.17/toolchain/arm-none-eabi/bin/../lib/gcc/arm-none-eabi/14.2.1/thumb/v7-m/nofp/libgcc.a(_udivmoddi4.o)
 .data          0x00003a10        0x0 /home/ry/.local/share/pebble-sdk/SDKs/4.17/toolchain/arm-none-eabi/bin/../lib/gcc/arm-none-eabi/14.2.1/thumb/v7-m/nofp/libgcc.a(_dvmd_tls.o)
 .data          0x00003a10        0x0 /home/ry/.local/share/pebble-sdk/SDKs/4.17/toolchain/arm-none-eabi/bin/../lib/gcc/arm-none-eabi/14.2.1/../../../../arm-none-eabi/lib/thumb/v7-m/nofp/libc.a(libc_a-atexit.o)
 .data          0x00003a10        0x0 /home/ry/.local/share/pebble-sdk/SDKs/4.17/toolchain/arm-none-eabi/bin/../lib/gcc/arm-none-eabi/14.2.1/../../../../arm-none-eabi/lib/thumb/v7-m/nofp/libc.a(libc_a-exit.o)
 .data          0x00003a10        0x0 /home/ry/.local/share/pebble-sdk/SDKs/4.17/toolchain/arm-none-eabi/bin/../lib/gcc/arm-none-eabi/14.2.1/../../../../arm-none-eabi/lib/thumb/v7-m/nofp/libc.a(libc_a-findfp.o)
 .data          0x00003a10        0x0 /home/ry/.local/share/pebble-sdk/SDKs/4.17/toolchain/arm-none-eabi/bin/../lib/gcc/arm-none-eabi/14.2.1/../../../../arm-none-eabi/lib/thumb/v7-m/nofp/libc.a(libc_a-fwalk.o)
 .data          0x00003a10        0x0 /home/ry/.local/share/pebble-sdk/SDKs/4.17/toolchain/arm-none-eabi/bin/../lib/gcc/arm-none-eabi/14.2.1/../../../../arm-none-eabi/lib/thumb/v7-m/nofp/libc.a(libc_a-stdio.o)
 .data          0x00003a10        0x0 /home/ry/.local/share/pebble-sdk/SDKs/4.17/toolchain/arm-none-eabi/bin/../lib/gcc/arm-none-eabi/14.2.1/../../../../arm-none-eabi/lib/thumb/v7-m/nofp/libc.a(libc_a-closer.o)
 .data          0x00003a10        0x0 /home/ry/.local/share/pebble-sdk/SDKs/4.17/toolchain/arm-none-eabi/bin/../lib/gcc/arm-none-eabi/14.2.1/../../../../arm-none-eabi/lib/thumb/v7-m/nofp/libc.a(libc_a-reent.o)
 .data          0x00003a10        0x0 /home/ry/.local/share/pebble-sdk/SDKs/4.17/toolchain/arm-none-eabi/bin/../lib/gcc/arm-none-eabi/14.2.1/../../../../arm-none-eabi/lib/thumb/v7-m/nofp/libc.a(libc_a-impure.o)
 .data          0x00003a10        0x0 /home/ry/.local/share/pebble-sdk/SDKs/4.17/toolchain/arm-none-eabi/bin/../lib/gcc/arm-none-eabi/14.2.1/../../../../arm-none-eabi/lib/thumb/v7-m/nofp/libc.a(libc_a-lseekr.o)
 .data          0x00003a10        0x0 /home/ry/.local/share/pebble-sdk/SDKs/4.17/toolchain/arm-none-eabi/bin/../lib/gcc/arm-none-eabi/14.2.1/../../../../arm-none-eabi/lib/thumb/v7-m/nofp/libc.a(libc_a-readr.o)
 .data          0x00003a10        0x0 /home/ry/.local/share/pebble-sdk/SDKs/4.17/toolchain/arm-none-eabi/bin/../lib/gcc/arm-none-eabi/14.2.1/../../../../arm-none-eabi/lib/thumb/v7-m/nofp/libc.a(libc_a-writer.o)
 .data          0x00003a10        0x0 /home/ry/.local/share/pebble-sdk/SDKs/4.17/toolchain/arm-none-eabi/bin/../lib/gcc/arm-none-eabi/14.2.1/../../../../arm-none-eabi/lib/thumb/v7-m/nofp/libc.a(libc_a-init.o)
 .data          0x00003a10        0x0 /home/ry/.local/share/pebble-sdk/SDKs/4.17/toolchain/arm-none-eabi/bin/../lib/gcc/arm-none-eabi/14.2.1/../../../../arm-none-eabi/lib/thumb/v7-m/nofp/libc.a(libc_a-fini.o)
 .data          0x00003a10        0x0 /home/ry/.local/share/pebble-sdk/SDKs/4.17/toolchain/arm-none-eabi/bin/../lib/gcc/arm-none-eabi/14.2.1/../../../../arm-none-eabi/lib/thumb/v7-m/nofp/libc.a(libc_a-lock.o)
 .data          0x00003a10        0x0 /home/ry/.local/share/pebble-sdk/SDKs/4.17/toolchain/arm-none-eabi/bin/../lib/gcc/arm-none-eabi/14.2.1/../../../../arm-none-eabi/lib/thumb/v7-m/nofp/libc.a(libc_a-__atexit.o)
 .data          0x00003a10        0x0 /home/ry/.local/share/pebble-sdk/SDKs/4.17/toolchain/arm-none-eabi/bin/../lib/gcc/arm-none-eabi/14.2.1/../../../../arm-none-eabi/lib/thumb/v7-m/nofp/libc.a(libc_a-__call_atexit.o)
 .data          0x00003a10        0x0 /home/ry/.local/share/pebble-sdk/SDKs/4.17/toolchain/arm-none-eabi/bin/../lib/gcc/arm-none-eabi/14.2.1/../../../../arm-none-eabi/lib/thumb/v7-m/nofp/libc.a(libc_a-freer.o)
 .data          0x00003a10        0x0 /home/ry/.local/share/pebble-sdk/SDKs/4.17/toolchain/arm-none-eabi/bin/../lib/gcc/arm-none-eabi/14.2.1/../../../../arm-none-eabi/lib/thumb/v7-m/nofp/libc.a(libc_a-mallocr.o)
 .data          0x00003a10        0x0 /home/ry/.local/share/pebble-sdk/SDKs/4.17/toolchain/arm-none-eabi/bin/../lib/gcc/arm-none-eabi/14.2.1/../../../../arm-none-eabi/lib/thumb/v7-m/nofp/libc.a(libc_a-mlock.o)
 .data          0x00003a10        0x0 /home/ry/.local/share/pebble-sdk/SDKs/4.17/toolchain/arm-none-eabi/bin/../lib/gcc/arm-none-eabi/14.2.1/../../../../arm-none-eabi/lib/thumb/v7-m/nofp/libc.a(libc_a-fclose.o)
 .data          0x00003a10        0x0 /home/ry/.local/share/pebble-sdk/SDKs/4.17/toolchain/arm-none-eabi/bin/../lib/gcc/arm-none-eabi/14.2.1/../../../../arm-none-eabi/lib/thumb/v7-m/nofp/libc.a(libc_a-fflush.o)
 .data          0x00003a10        0x0 /home/ry/.local/share/pebble-sdk/SDKs/4.17/toolchain/arm-none-eabi/bin/../lib/gcc/arm-none-eabi/14.2.1/../../../../arm-none-eabi/lib/thumb/v7-m/nofp/libc.a(libc_a-sbrkr.o)
 .data          0x00003a10        0x0 /home/ry/.local/share/pebble-sdk/SDKs/4.17/toolchain/arm-none-eabi/bin/../lib/gcc/arm-none-eabi/14.2.1/../../../../arm-none-eabi/lib/thumb/v7-m/nofp/libc.a(libc_a-sysconf.o)
 .data          0x00003a10        0x0 /home/ry/.local/share/pebble-sdk/SDKs/4.17/toolchain/arm-none-eabi/bin/../lib/gcc/arm-none-eabi/14.2.1/../../../../arm-none-eabi/lib/thumb/v7-m/nofp/libc.a(libc_a-errno.o)
 .data          0x00003a10        0x0 /home/ry/.local/share/pebble-sdk/SDKs/4.17/toolchain/arm-none-eabi/bin/../lib/gcc/arm-none-eabi/14.2.1/thumb/v7-m/nofp/crtend.o
 .data          0x00003a10        0x0 /home/ry/.local/share/pebble-sdk/SDKs/4.17/toolchain/arm-none-eabi/bin/../lib/gcc/arm-none-eabi/14.2.1/thumb/v7-m/nofp/crtn.o
 *(.data.*)
 .data.rel.ro.local.s_type_titles
                0x00003a10       0x18 src/c/list.c.57.o
 .data.s_marquee_row
                0x00003a28        0x4 src/c/list.c.57.o
 .data.s_loading
                0x00003a2c        0x1 src/c/list.c.57.o
 *fill*         0x00003a2d        0x3 
 .data.rel.ro.local.s_titles
                0x00003a30       0x20 src/c/menu.c.57.o
 .data.s_now_playing_subtitle
                0x00003a50       0x40 src/c/menu.c.57.o
 .data.MESSAGE_KEY_TrackTitle
                0x00003a90        0x4 src/message_keys.auto.c.57.o
                0x00003a90                MESSAGE_KEY_TrackTitle
 .data.MESSAGE_KEY_TrackIsPlaying
                0x00003a94        0x4 src/message_keys.auto.c.57.o
                0x00003a94                MESSAGE_KEY_TrackIsPlaying
 .data.MESSAGE_KEY_TrackElapsed
                0x00003a98        0x4 src/message_keys.auto.c.57.o
                0x00003a98                MESSAGE_KEY_TrackElapsed
 .data.MESSAGE_KEY_TrackDuration
                0x00003a9c        0x4 src/message_keys.auto.c.57.o
                0x00003a9c                MESSAGE_KEY_TrackDuration
 .data.MESSAGE_KEY_TrackArtist
                0x00003aa0        0x4 src/message_keys.auto.c.57.o
                0x00003aa0                MESSAGE_KEY_TrackArtist
 .data.MESSAGE_KEY_StatusMsg
                0x00003aa4        0x4 src/message_keys.auto.c.57.o
                0x00003aa4                MESSAGE_KEY_StatusMsg
 .data.MESSAGE_KEY_ShuffleState
                0x00003aa8        0x4 src/message_keys.auto.c.57.o
                0x00003aa8                MESSAGE_KEY_ShuffleState
 .data.MESSAGE_KEY_RepeatState
                0x00003aac        0x4 src/message_keys.auto.c.57.o
                0x00003aac                MESSAGE_KEY_RepeatState
 .data.MESSAGE_KEY_ListType
                0x00003ab0        0x4 src/message_keys.auto.c.57.o
                0x00003ab0                MESSAGE_KEY_ListType
 .data.MESSAGE_KEY_ListItemUri
                0x00003ab4        0x4 src/message_keys.auto.c.57.o
                0x00003ab4                MESSAGE_KEY_ListItemUri
 .data.MESSAGE_KEY_ListItemTitle
                0x00003ab8        0x4 src/message_keys.auto.c.57.o
                0x00003ab8                MESSAGE_KEY_ListItemTitle
 .data.MESSAGE_KEY_ListItemSubtitle
                0x00003abc        0x4 src/message_keys.auto.c.57.o
                0x00003abc                MESSAGE_KEY_ListItemSubtitle
 .data.MESSAGE_KEY_ListIndex
                0x00003ac0        0x4 src/message_keys.auto.c.57.o
                0x00003ac0                MESSAGE_KEY_ListIndex
 .data.MESSAGE_KEY_ListDone
                0x00003ac4        0x4 src/message_keys.auto.c.57.o
                0x00003ac4                MESSAGE_KEY_ListDone
 .data.MESSAGE_KEY_ListCount
                0x00003ac8        0x4 src/message_keys.auto.c.57.o
                0x00003ac8                MESSAGE_KEY_ListCount
 .data.MESSAGE_KEY_JsReady
                0x00003acc        0x4 src/message_keys.auto.c.57.o
                0x00003acc                MESSAGE_KEY_JsReady
 .data.MESSAGE_KEY_ImageSlot
                0x00003ad0        0x4 src/message_keys.auto.c.57.o
                0x00003ad0                MESSAGE_KEY_ImageSlot
 .data.MESSAGE_KEY_ImagePromote
                0x00003ad4        0x4 src/message_keys.auto.c.57.o
                0x00003ad4                MESSAGE_KEY_ImagePromote
 .data.MESSAGE_KEY_ImageHeight
                0x00003ad8        0x4 src/message_keys.auto.c.57.o
                0x00003ad8                MESSAGE_KEY_ImageHeight
 .data.MESSAGE_KEY_ImageDataSize
                0x00003adc        0x4 src/message_keys.auto.c.57.o
                0x00003adc                MESSAGE_KEY_ImageDataSize
 .data.MESSAGE_KEY_ImageChunksTotal
                0x00003ae0        0x4 src/message_keys.auto.c.57.o
                0x00003ae0                MESSAGE_KEY_ImageChunksTotal
 .data.MESSAGE_KEY_ImageChunkIndex
                0x00003ae4        0x4 src/message_keys.auto.c.57.o
                0x00003ae4                MESSAGE_KEY_ImageChunkIndex
 .data.MESSAGE_KEY_ImageChunkData
                0x00003ae8        0x4 src/message_keys.auto.c.57.o
                0x00003ae8                MESSAGE_KEY_ImageChunkData
 .data.MESSAGE_KEY_ErrorMsg
                0x00003aec        0x4 src/message_keys.auto.c.57.o
                0x00003aec                MESSAGE_KEY_ErrorMsg
 .data.MESSAGE_KEY_CommandContext
                0x00003af0        0x4 src/message_keys.auto.c.57.o
                0x00003af0                MESSAGE_KEY_CommandContext
 .data.MESSAGE_KEY_Command
                0x00003af4        0x4 src/message_keys.auto.c.57.o
                0x00003af4                MESSAGE_KEY_Command
 .data.MESSAGE_KEY_AuthStatus
                0x00003af8        0x4 src/message_keys.auto.c.57.o
                0x00003af8                MESSAGE_KEY_AuthStatus

.igot.plt       0x00003afc        0x0
 .igot.plt      0x00003afc        0x0 src/c/comm.c.57.o

.got            0x00003afc       0x70
 .got           0x00003afc       0x70 src/c/comm.c.57.o

.got.plt        0x00003b6c        0xc
 .got.plt       0x00003b6c        0xc src/c/comm.c.57.o
                0x00003b6c                _GLOBAL_OFFSET_TABLE_

.bss            0x00003b78      0x814
 *(.bss)
 *(.bss.*)
 .bss.s_status_buf
                0x00003b78       0x40 src/c/comm.c.57.o
 .bss.s_queued_context
                0x00003bb8       0x80 src/c/comm.c.57.o
 .bss.s_queued_cmd
                0x00003c38        0x1 src/c/comm.c.57.o
 .bss.s_has_queued_command
                0x00003c39        0x1 src/c/comm.c.57.o
 .bss.s_js_ready
                0x00003c3a        0x1 src/c/comm.c.57.o
 *fill*         0x00003c3b        0x1 
 .bss.s_bytes_received
                0x00003c3c        0x4 src/c/comm.c.57.o
 .bss.s_received_chunks
                0x00003c40        0x2 src/c/comm.c.57.o
 .bss.s_total_chunks
                0x00003c42        0x2 src/c/comm.c.57.o
 .bss.s_image_data_size
                0x00003c44        0x4 src/c/comm.c.57.o
 .bss.s_art_data
                0x00003c48        0x4 src/c/comm.c.57.o
 .bss.s_art_pending
                0x00003c4c        0x4 src/c/comm.c.57.o
 .bss.s_art_bitmap_prev
                0x00003c50        0x4 src/c/comm.c.57.o
 .bss.s_art_bitmap
                0x00003c54        0x4 src/c/comm.c.57.o
 .bss.s_callbacks
                0x00003c58       0x18 src/c/comm.c.57.o
 .bss.s_revert_timer
                0x00003c70        0x4 src/c/controls.c.57.o
 .bss.s_mode_cb
                0x00003c74        0x4 src/c/controls.c.57.o
 .bss.s_cmd_cb  0x00003c78        0x4 src/c/controls.c.57.o
 .bss.s_mode    0x00003c7c        0x1 src/c/controls.c.57.o
 *fill*         0x00003c7d        0x3 
 .bss.s_list_status_timer
                0x00003c80        0x4 src/c/list.c.57.o
 .bss.s_showing_list_status
                0x00003c84        0x1 src/c/list.c.57.o
 .bss.s_status_buf_list
                0x00003c85       0x40 src/c/list.c.57.o
 *fill*         0x00003cc5        0x3 
 .bss.s_row_marquee
                0x00003cc8       0x88 src/c/list.c.57.o
 .bss.s_dismiss_ms
                0x00003d50        0x4 src/c/list.c.57.o
 .bss.s_dismiss_timer
                0x00003d54        0x4 src/c/list.c.57.o
 .bss.s_queue_staged
                0x00003d58        0x1 src/c/list.c.57.o
 .bss.s_queue_current_artist
                0x00003d59       0x20 src/c/list.c.57.o
 .bss.s_queue_current_title
                0x00003d79       0x28 src/c/list.c.57.o
 .bss.s_current_type
                0x00003da1        0x1 src/c/list.c.57.o
 *fill*         0x00003da2        0x2 
 .bss.s_items_received
                0x00003da4        0x4 src/c/list.c.57.o
 .bss.s_items   0x00003da8      0x380 src/c/list.c.57.o
 .bss.s_list_menu
                0x00004128        0x4 src/c/list.c.57.o
 .bss.s_list_window
                0x0000412c        0x4 src/c/list.c.57.o
 .bss.s_long_press_mode
                0x00004130        0x1 src/c/main.c.57.o
 .bss.s_current_artist
                0x00004131       0x20 src/c/main.c.57.o
 .bss.s_current_title
                0x00004151       0x28 src/c/main.c.57.o
 *fill*         0x00004179        0x3 
 .bss.s_tick_timer
                0x0000417c        0x4 src/c/main.c.57.o
 .bss.s_repeat_state
                0x00004180        0x4 src/c/main.c.57.o
 .bss.s_shuffle
                0x00004184        0x1 src/c/main.c.57.o
 *fill*         0x00004185        0x3 
 .bss.s_total   0x00004188        0x4 src/c/main.c.57.o
 .bss.s_elapsed
                0x0000418c        0x4 src/c/main.c.57.o
 .bss.s_playing
                0x00004190        0x1 src/c/main.c.57.o
 .bss.s_np_visible
                0x00004191        0x1 src/c/main.c.57.o
 *fill*         0x00004192        0x2 
 .bss.s_np_window
                0x00004194        0x4 src/c/main.c.57.o
 .bss.s_timer   0x00004198        0x4 src/c/marquee.c.57.o
 .bss.s_active_count
                0x0000419c        0x4 src/c/marquee.c.57.o
 .bss.s_active  0x000041a0       0x20 src/c/marquee.c.57.o
 .bss.s_np_row_highlighted
                0x000041c0        0x1 src/c/menu.c.57.o
 *fill*         0x000041c1        0x3 
 .bss.s_np_subtitle_marquee
                0x000041c4       0x88 src/c/menu.c.57.o
 .bss.s_menu_layer
                0x0000424c        0x4 src/c/menu.c.57.o
 .bss.s_menu_window
                0x00004250        0x4 src/c/menu.c.57.o
 .bss.s_about_menu
                0x00004254        0x4 src/c/menu.c.57.o
 .bss.s_about_window
                0x00004258        0x4 src/c/menu.c.57.o
 .bss.s_art_pending_bmp
                0x0000425c        0x4 src/c/ui.c.57.o
 .bss.s_art_home
                0x00004260        0x8 src/c/ui.c.57.o
 .bss.s_artist_home
                0x00004268        0x8 src/c/ui.c.57.o
 .bss.s_title_home
                0x00004270        0x8 src/c/ui.c.57.o
 .bss.s_track_received
                0x00004278        0x1 src/c/ui.c.57.o
 *fill*         0x00004279        0x3 
 .bss.s_text_debounce_timer
                0x0000427c        0x4 src/c/ui.c.57.o
 .bss.s_no_track_timer
                0x00004280        0x4 src/c/ui.c.57.o
 .bss.s_marquee_timer
                0x00004284        0x4 src/c/ui.c.57.o
 .bss.s_repeat_state
                0x00004288        0x4 src/c/ui.c.57.o
 .bss.s_shuffle_on
                0x0000428c        0x1 src/c/ui.c.57.o
 *fill*         0x0000428d        0x3 
 .bss.s_total_sec
                0x00004290        0x4 src/c/ui.c.57.o
 .bss.s_elapsed_sec
                0x00004294        0x4 src/c/ui.c.57.o
 .bss.s_time_buf
                0x00004298       0x18 src/c/ui.c.57.o
 .bss.s_artist_display_buf
                0x000042b0       0x40 src/c/ui.c.57.o
 .bss.s_artist_buf
                0x000042f0       0x40 src/c/ui.c.57.o
 .bss.s_title_pending
                0x00004330       0x40 src/c/ui.c.57.o
 .bss.s_progress_layer
                0x00004370        0x4 src/c/ui.c.57.o
 .bss.s_overlay_layer
                0x00004374        0x4 src/c/ui.c.57.o
 .bss.s_time_layer
                0x00004378        0x4 src/c/ui.c.57.o
 .bss.s_artist_layer
                0x0000437c        0x4 src/c/ui.c.57.o
 .bss.s_title_layer
                0x00004380        0x4 src/c/ui.c.57.o
 .bss.s_art_layer
                0x00004384        0x4 src/c/ui.c.57.o
 .bss.MESSAGE_KEY_ImageWidth
                0x00004388        0x4 src/message_keys.auto.c.57.o
                0x00004388                MESSAGE_KEY_ImageWidth

DISCARD
 libc.a(*)
 libm.a(*)
 libgcc.a(*)
 *(.eh_frame)
OUTPUT(/tmp/Playback-for-Spotify/build/aplite/pebble-app.elf elf32-littlearm)
LOAD linker stubs
LOAD /home/ry/.local/share/pebble-sdk/SDKs/4.17/toolchain/arm-none-eabi/bin/../lib/gcc/arm-none-eabi/14.2.1/../../../../arm-none-eabi/lib/thumb/v7-m/nofp/libc.a
LOAD /home/ry/.local/share/pebble-sdk/SDKs/4.17/toolchain/arm-none-eabi/bin/../lib/gcc/arm-none-eabi/14.2.1/../../../../arm-none-eabi/lib/thumb/v7-m/nofp/libm.a
LOAD /home/ry/.local/share/pebble-sdk/SDKs/4.17/toolchain/arm-none-eabi/bin/../lib/gcc/arm-none-eabi/14.2.1/thumb/v7-m/nofp/libgcc.a

.ARM.attributes
                0x00000000       0x29
 .ARM.attributes
                0x00000000       0x1d /home/ry/.local/share/pebble-sdk/SDKs/4.17/toolchain/arm-none-eabi/bin/../lib/gcc/arm-none-eabi/14.2.1/thumb/v7-m/nofp/crti.o
 .ARM.attributes
                0x0000001d       0x2d /home/ry/.local/share/pebble-sdk/SDKs/4.17/toolchain/arm-none-eabi/bin/../lib/gcc/arm-none-eabi/14.2.1/thumb/v7-m/nofp/crtbegin.o
 .ARM.attributes
                0x0000004a       0x1b /home/ry/.local/share/pebble-sdk/SDKs/4.17/toolchain/arm-none-eabi/bin/../lib/gcc/arm-none-eabi/14.2.1/../../../../arm-none-eabi/lib/thumb/v7-m/nofp/crt0.o
 .ARM.attributes
                0x00000065       0x2d src/c/comm.c.57.o
 .ARM.attributes
                0x00000092       0x2d src/c/controls.c.57.o
 .ARM.attributes
                0x000000bf       0x2d src/c/list.c.57.o
 .ARM.attributes
                0x000000ec       0x2d src/c/main.c.57.o
 .ARM.attributes
                0x00000119       0x2d src/c/marquee.c.57.o
 .ARM.attributes
                0x00000146       0x2d src/c/menu.c.57.o
 .ARM.attributes
                0x00000173       0x2d src/c/more.c.57.o
 .ARM.attributes
                0x000001a0       0x2d src/c/touch_input.c.57.o
 .ARM.attributes
                0x000001cd       0x2d src/c/tutorial.c.57.o
 .ARM.attributes
                0x000001fa       0x2d src/c/ui.c.57.o
 .ARM.attributes
                0x00000227       0x2d aplite/appinfo.auto.c.57.o
 .ARM.attributes
                0x00000254       0x2d aplite/src/resource_ids.auto.c.57.o
 .ARM.attributes
                0x00000281       0x2d src/message_keys.auto.c.57.o
 .ARM.attributes
                0x000002ae       0x21 /home/ry/.local/share/pebble-sdk/SDKs/current/sdk-core/pebble/aplite/lib/libpebble.a(tmp7jpKUopebble.o)
 .ARM.attributes
                0x000002cf       0x1d /home/ry/.local/share/pebble-sdk/SDKs/4.17/toolchain/arm-none-eabi/bin/../lib/gcc/arm-none-eabi/14.2.1/thumb/v7-m/nofp/libgcc.a(_aeabi_ldivmod.o)
 .ARM.attributes
                0x000002ec       0x2d /home/ry/.local/share/pebble-sdk/SDKs/4.17/toolchain/arm-none-eabi/bin/../lib/gcc/arm-none-eabi/14.2.1/thumb/v7-m/nofp/libgcc.a(_udivmoddi4.o)
 .ARM.attributes
                0x00000319       0x1d /home/ry/.local/share/pebble-sdk/SDKs/4.17/toolchain/arm-none-eabi/bin/../lib/gcc/arm-none-eabi/14.2.1/thumb/v7-m/nofp/libgcc.a(_dvmd_tls.o)
 .ARM.attributes
                0x00000336       0x2d /home/ry/.local/share/pebble-sdk/SDKs/4.17/toolchain/arm-none-eabi/bin/../lib/gcc/arm-none-eabi/14.2.1/../../../../arm-none-eabi/lib/thumb/v7-m/nofp/libc.a(libc_a-atexit.o)
 .ARM.attributes
                0x00000363       0x2d /home/ry/.local/share/pebble-sdk/SDKs/4.17/toolchain/arm-none-eabi/bin/../lib/gcc/arm-none-eabi/14.2.1/../../../../arm-none-eabi/lib/thumb/v7-m/nofp/libc.a(libc_a-exit.o)
 .ARM.attributes
                0x00000390       0x2d /home/ry/.local/share/pebble-sdk/SDKs/4.17/toolchain/arm-none-eabi/bin/../lib/gcc/arm-none-eabi/14.2.1/../../../../arm-none-eabi/lib/thumb/v7-m/nofp/libc.a(libc_a-findfp.o)
 .ARM.attributes
                0x000003bd       0x2d /home/ry/.local/share/pebble-sdk/SDKs/4.17/toolchain/arm-none-eabi/bin/../lib/gcc/arm-none-eabi/14.2.1/../../../../arm-none-eabi/lib/thumb/v7-m/nofp/libc.a(libc_a-fwalk.o)
 .ARM.attributes
                0x000003ea       0x2d /home/ry/.local/share/pebble-sdk/SDKs/4.17/toolchain/arm-none-eabi/bin/../lib/gcc/arm-none-eabi/14.2.1/../../../../arm-none-eabi/lib/thumb/v7-m/nofp/libc.a(libc_a-stdio.o)
 .ARM.attributes
                0x00000417       0x2d /home/ry/.local/share/pebble-sdk/SDKs/4.17/toolchain/arm-none-eabi/bin/../lib/gcc/arm-none-eabi/14.2.1/../../../../arm-none-eabi/lib/thumb/v7-m/nofp/libc.a(libc_a-closer.o)
 .ARM.attributes
                0x00000444       0x2d /home/ry/.local/share/pebble-sdk/SDKs/4.17/toolchain/arm-none-eabi/bin/../lib/gcc/arm-none-eabi/14.2.1/../../../../arm-none-eabi/lib/thumb/v7-m/nofp/libc.a(libc_a-reent.o)
 .ARM.attributes
                0x00000471       0x2d /home/ry/.local/share/pebble-sdk/SDKs/4.17/toolchain/arm-none-eabi/bin/../lib/gcc/arm-none-eabi/14.2.1/../../../../arm-none-eabi/lib/thumb/v7-m/nofp/libc.a(libc_a-impure.o)
 .ARM.attributes
                0x0000049e       0x2d /home/ry/.local/share/pebble-sdk/SDKs/4.17/toolchain/arm-none-eabi/bin/../lib/gcc/arm-none-eabi/14.2.1/../../../../arm-none-eabi/lib/thumb/v7-m/nofp/libc.a(libc_a-lseekr.o)
 .ARM.attributes
                0x000004cb       0x2d /home/ry/.local/share/pebble-sdk/SDKs/4.17/toolchain/arm-none-eabi/bin/../lib/gcc/arm-none-eabi/14.2.1/../../../../arm-none-eabi/lib/thumb/v7-m/nofp/libc.a(libc_a-readr.o)
 .ARM.attributes
                0x000004f8       0x2d /home/ry/.local/share/pebble-sdk/SDKs/4.17/toolchain/arm-none-eabi/bin/../lib/gcc/arm-none-eabi/14.2.1/../../../../arm-none-eabi/lib/thumb/v7-m/nofp/libc.a(libc_a-writer.o)
 .ARM.attributes
                0x00000525       0x2d /home/ry/.local/share/pebble-sdk/SDKs/4.17/toolchain/arm-none-eabi/bin/../lib/gcc/arm-none-eabi/14.2.1/../../../../arm-none-eabi/lib/thumb/v7-m/nofp/libc.a(libc_a-init.o)
 .ARM.attributes
                0x00000552       0x2d /home/ry/.local/share/pebble-sdk/SDKs/4.17/toolchain/arm-none-eabi/bin/../lib/gcc/arm-none-eabi/14.2.1/../../../../arm-none-eabi/lib/thumb/v7-m/nofp/libc.a(libc_a-fini.o)
 .ARM.attributes
                0x0000057f       0x2d /home/ry/.local/share/pebble-sdk/SDKs/4.17/toolchain/arm-none-eabi/bin/../lib/gcc/arm-none-eabi/14.2.1/../../../../arm-none-eabi/lib/thumb/v7-m/nofp/libc.a(libc_a-lock.o)
 .ARM.attributes
                0x000005ac       0x2d /home/ry/.local/share/pebble-sdk/SDKs/4.17/toolchain/arm-none-eabi/bin/../lib/gcc/arm-none-eabi/14.2.1/../../../../arm-none-eabi/lib/thumb/v7-m/nofp/libc.a(libc_a-__atexit.o)
 .ARM.attributes
                0x000005d9       0x2d /home/ry/.local/share/pebble-sdk/SDKs/4.17/toolchain/arm-none-eabi/bin/../lib/gcc/arm-none-eabi/14.2.1/../../../../arm-none-eabi/lib/thumb/v7-m/nofp/libc.a(libc_a-__call_atexit.o)
 .ARM.attributes
                0x00000606       0x2d /home/ry/.local/share/pebble-sdk/SDKs/4.17/toolchain/arm-none-eabi/bin/../lib/gcc/arm-none-eabi/14.2.1/../../../../arm-none-eabi/lib/thumb/v7-m/nofp/libc.a(libc_a-freer.o)
 .ARM.attributes
                0x00000633       0x2d /home/ry/.local/share/pebble-sdk/SDKs/4.17/toolchain/arm-none-eabi/bin/../lib/gcc/arm-none-eabi/14.2.1/../../../../arm-none-eabi/lib/thumb/v7-m/nofp/libc.a(libc_a-mallocr.o)
 .ARM.attributes
                0x00000660       0x2d /home/ry/.local/share/pebble-sdk/SDKs/4.17/toolchain/arm-none-eabi/bin/../lib/gcc/arm-none-eabi/14.2.1/../../../../arm-none-eabi/lib/thumb/v7-m/nofp/libc.a(libc_a-mlock.o)
 .ARM.attributes
                0x0000068d       0x2d /home/ry/.local/share/pebble-sdk/SDKs/4.17/toolchain/arm-none-eabi/bin/../lib/gcc/arm-none-eabi/14.2.1/../../../../arm-none-eabi/lib/thumb/v7-m/nofp/libc.a(libc_a-fclose.o)
 .ARM.attributes
                0x000006ba       0x2d /home/ry/.local/share/pebble-sdk/SDKs/4.17/toolchain/arm-none-eabi/bin/../lib/gcc/arm-none-eabi/14.2.1/../../../../arm-none-eabi/lib/thumb/v7-m/nofp/libc.a(libc_a-fflush.o)
 .ARM.attributes
                0x000006e7       0x2d /home/ry/.local/share/pebble-sdk/SDKs/4.17/toolchain/arm-none-eabi/bin/../lib/gcc/arm-none-eabi/14.2.1/../../../../arm-none-eabi/lib/thumb/v7-m/nofp/libc.a(libc_a-sbrkr.o)
 .ARM.attributes
                0x00000714       0x2d /home/ry/.local/share/pebble-sdk/SDKs/4.17/toolchain/arm-none-eabi/bin/../lib/gcc/arm-none-eabi/14.2.1/../../../../arm-none-eabi/lib/thumb/v7-m/nofp/libc.a(libc_a-sysconf.o)
 .ARM.attributes
                0x00000741       0x2d /home/ry/.local/share/pebble-sdk/SDKs/4.17/toolchain/arm-none-eabi/bin/../lib/gcc/arm-none-eabi/14.2.1/../../../../arm-none-eabi/lib/thumb/v7-m/nofp/libc.a(libc_a-errno.o)
 .ARM.attributes
                0x0000076e       0x2d /home/ry/.local/share/pebble-sdk/SDKs/4.17/toolchain/arm-none-eabi/bin/../lib/gcc/arm-none-eabi/14.2.1/thumb/v7-m/nofp/crtend.o
 .ARM.attributes
                0x0000079b       0x1d /home/ry/.local/share/pebble-sdk/SDKs/4.17/toolchain/arm-none-eabi/bin/../lib/gcc/arm-none-eabi/14.2.1/thumb/v7-m/nofp/crtn.o

.comment        0x00000000       0x39
 .comment       0x00000000       0x39 /home/ry/.local/share/pebble-sdk/SDKs/4.17/toolchain/arm-none-eabi/bin/../lib/gcc/arm-none-eabi/14.2.1/thumb/v7-m/nofp/crtbegin.o
                                 0x3a (size before relaxing)
 .comment       0x00000039       0x3a src/c/comm.c.57.o
 .comment       0x00000039       0x3a src/c/controls.c.57.o
 .comment       0x00000039       0x3a src/c/list.c.57.o
 .comment       0x00000039       0x3a src/c/main.c.57.o
 .comment       0x00000039       0x3a src/c/marquee.c.57.o
 .comment       0x00000039       0x3a src/c/menu.c.57.o
 .comment       0x00000039       0x3a src/c/more.c.57.o
 .comment       0x00000039       0x3a src/c/touch_input.c.57.o
 .comment       0x00000039       0x3a src/c/tutorial.c.57.o
 .comment       0x00000039       0x3a src/c/ui.c.57.o
 .comment       0x00000039       0x3a aplite/appinfo.auto.c.57.o
 .comment       0x00000039       0x3a aplite/src/resource_ids.auto.c.57.o
 .comment       0x00000039       0x3a src/message_keys.auto.c.57.o
 .comment       0x00000039       0x3a /home/ry/.local/share/pebble-sdk/SDKs/4.17/toolchain/arm-none-eabi/bin/../lib/gcc/arm-none-eabi/14.2.1/thumb/v7-m/nofp/libgcc.a(_udivmoddi4.o)
 .comment       0x00000039       0x3a /home/ry/.local/share/pebble-sdk/SDKs/4.17/toolchain/arm-none-eabi/bin/../lib/gcc/arm-none-eabi/14.2.1/../../../../arm-none-eabi/lib/thumb/v7-m/nofp/libc.a(libc_a-atexit.o)
 .comment       0x00000039       0x3a /home/ry/.local/share/pebble-sdk/SDKs/4.17/toolchain/arm-none-eabi/bin/../lib/gcc/arm-none-eabi/14.2.1/../../../../arm-none-eabi/lib/thumb/v7-m/nofp/libc.a(libc_a-exit.o)
 .comment       0x00000039       0x3a /home/ry/.local/share/pebble-sdk/SDKs/4.17/toolchain/arm-none-eabi/bin/../lib/gcc/arm-none-eabi/14.2.1/../../../../arm-none-eabi/lib/thumb/v7-m/nofp/libc.a(libc_a-findfp.o)
 .comment       0x00000039       0x3a /home/ry/.local/share/pebble-sdk/SDKs/4.17/toolchain/arm-none-eabi/bin/../lib/gcc/arm-none-eabi/14.2.1/../../../../arm-none-eabi/lib/thumb/v7-m/nofp/libc.a(libc_a-fwalk.o)
 .comment       0x00000039       0x3a /home/ry/.local/share/pebble-sdk/SDKs/4.17/toolchain/arm-none-eabi/bin/../lib/gcc/arm-none-eabi/14.2.1/../../../../arm-none-eabi/lib/thumb/v7-m/nofp/libc.a(libc_a-stdio.o)
 .comment       0x00000039       0x3a /home/ry/.local/share/pebble-sdk/SDKs/4.17/toolchain/arm-none-eabi/bin/../lib/gcc/arm-none-eabi/14.2.1/../../../../arm-none-eabi/lib/thumb/v7-m/nofp/libc.a(libc_a-closer.o)
 .comment       0x00000039       0x3a /home/ry/.local/share/pebble-sdk/SDKs/4.17/toolchain/arm-none-eabi/bin/../lib/gcc/arm-none-eabi/14.2.1/../../../../arm-none-eabi/lib/thumb/v7-m/nofp/libc.a(libc_a-reent.o)
 .comment       0x00000039       0x3a /home/ry/.local/share/pebble-sdk/SDKs/4.17/toolchain/arm-none-eabi/bin/../lib/gcc/arm-none-eabi/14.2.1/../../../../arm-none-eabi/lib/thumb/v7-m/nofp/libc.a(libc_a-impure.o)
 .comment       0x00000039       0x3a /home/ry/.local/share/pebble-sdk/SDKs/4.17/toolchain/arm-none-eabi/bin/../lib/gcc/arm-none-eabi/14.2.1/../../../../arm-none-eabi/lib/thumb/v7-m/nofp/libc.a(libc_a-lseekr.o)
 .comment       0x00000039       0x3a /home/ry/.local/share/pebble-sdk/SDKs/4.17/toolchain/arm-none-eabi/bin/../lib/gcc/arm-none-eabi/14.2.1/../../../../arm-none-eabi/lib/thumb/v7-m/nofp/libc.a(libc_a-readr.o)
 .comment       0x00000039       0x3a /home/ry/.local/share/pebble-sdk/SDKs/4.17/toolchain/arm-none-eabi/bin/../lib/gcc/arm-none-eabi/14.2.1/../../../../arm-none-eabi/lib/thumb/v7-m/nofp/libc.a(libc_a-writer.o)
 .comment       0x00000039       0x3a /home/ry/.local/share/pebble-sdk/SDKs/4.17/toolchain/arm-none-eabi/bin/../lib/gcc/arm-none-eabi/14.2.1/../../../../arm-none-eabi/lib/thumb/v7-m/nofp/libc.a(libc_a-init.o)
 .comment       0x00000039       0x3a /home/ry/.local/share/pebble-sdk/SDKs/4.17/toolchain/arm-none-eabi/bin/../lib/gcc/arm-none-eabi/14.2.1/../../../../arm-none-eabi/lib/thumb/v7-m/nofp/libc.a(libc_a-fini.o)
 .comment       0x00000039       0x3a /home/ry/.local/share/pebble-sdk/SDKs/4.17/toolchain/arm-none-eabi/bin/../lib/gcc/arm-none-eabi/14.2.1/../../../../arm-none-eabi/lib/thumb/v7-m/nofp/libc.a(libc_a-lock.o)
 .comment       0x00000039       0x3a /home/ry/.local/share/pebble-sdk/SDKs/4.17/toolchain/arm-none-eabi/bin/../lib/gcc/arm-none-eabi/14.2.1/../../../../arm-none-eabi/lib/thumb/v7-m/nofp/libc.a(libc_a-__atexit.o)
 .comment       0x00000039       0x3a /home/ry/.local/share/pebble-sdk/SDKs/4.17/toolchain/arm-none-eabi/bin/../lib/gcc/arm-none-eabi/14.2.1/../../../../arm-none-eabi/lib/thumb/v7-m/nofp/libc.a(libc_a-__call_atexit.o)
 .comment       0x00000039       0x3a /home/ry/.local/share/pebble-sdk/SDKs/4.17/toolchain/arm-none-eabi/bin/../lib/gcc/arm-none-eabi/14.2.1/../../../../arm-none-eabi/lib/thumb/v7-m/nofp/libc.a(libc_a-freer.o)
 .comment       0x00000039       0x3a /home/ry/.local/share/pebble-sdk/SDKs/4.17/toolchain/arm-none-eabi/bin/../lib/gcc/arm-none-eabi/14.2.1/../../../../arm-none-eabi/lib/thumb/v7-m/nofp/libc.a(libc_a-mallocr.o)
 .comment       0x00000039       0x3a /home/ry/.local/share/pebble-sdk/SDKs/4.17/toolchain/arm-none-eabi/bin/../lib/gcc/arm-none-eabi/14.2.1/../../../../arm-none-eabi/lib/thumb/v7-m/nofp/libc.a(libc_a-mlock.o)
 .comment       0x00000039       0x3a /home/ry/.local/share/pebble-sdk/SDKs/4.17/toolchain/arm-none-eabi/bin/../lib/gcc/arm-none-eabi/14.2.1/../../../../arm-none-eabi/lib/thumb/v7-m/nofp/libc.a(libc_a-fclose.o)
 .comment       0x00000039       0x3a /home/ry/.local/share/pebble-sdk/SDKs/4.17/toolchain/arm-none-eabi/bin/../lib/gcc/arm-none-eabi/14.2.1/../../../../arm-none-eabi/lib/thumb/v7-m/nofp/libc.a(libc_a-fflush.o)
 .comment       0x00000039       0x3a /home/ry/.local/share/pebble-sdk/SDKs/4.17/toolchain/arm-none-eabi/bin/../lib/gcc/arm-none-eabi/14.2.1/../../../../arm-none-eabi/lib/thumb/v7-m/nofp/libc.a(libc_a-sbrkr.o)
 .comment       0x00000039       0x3a /home/ry/.local/share/pebble-sdk/SDKs/4.17/toolchain/arm-none-eabi/bin/../lib/gcc/arm-none-eabi/14.2.1/../../../../arm-none-eabi/lib/thumb/v7-m/nofp/libc.a(libc_a-sysconf.o)
 .comment       0x00000039       0x3a /home/ry/.local/share/pebble-sdk/SDKs/4.17/toolchain/arm-none-eabi/bin/../lib/gcc/arm-none-eabi/14.2.1/../../../../arm-none-eabi/lib/thumb/v7-m/nofp/libc.a(libc_a-errno.o)
 .comment       0x00000039       0x3a /home/ry/.local/share/pebble-sdk/SDKs/4.17/toolchain/arm-none-eabi/bin/../lib/gcc/arm-none-eabi/14.2.1/thumb/v7-m/nofp/crtend.o

.debug_info     0x00000000     0x94fc
 .debug_info    0x00000000     0x1b55 src/c/comm.c.57.o
 .debug_info    0x00001b55      0x783 src/c/controls.c.57.o
 .debug_info    0x000022d8     0x1888 src/c/list.c.57.o
 .debug_info    0x00003b60     0x1427 src/c/main.c.57.o
 .debug_info    0x00004f87      0xd70 src/c/marquee.c.57.o
 .debug_info    0x00005cf7     0x14fd src/c/menu.c.57.o
 .debug_info    0x000071f4       0x8d src/c/more.c.57.o
 .debug_info    0x00007281      0x16a src/c/touch_input.c.57.o
 .debug_info    0x000073eb       0xbd src/c/tutorial.c.57.o
 .debug_info    0x000074a8     0x1a1a src/c/ui.c.57.o
 .debug_info    0x00008ec2      0x33e aplite/appinfo.auto.c.57.o
 .debug_info    0x00009200       0x8f aplite/src/resource_ids.auto.c.57.o
 .debug_info    0x0000928f      0x26d src/message_keys.auto.c.57.o

.debug_abbrev   0x00000000     0x20be
 .debug_abbrev  0x00000000      0x4ae src/c/comm.c.57.o
 .debug_abbrev  0x000004ae      0x294 src/c/controls.c.57.o
 .debug_abbrev  0x00000742      0x517 src/c/list.c.57.o
 .debug_abbrev  0x00000c59      0x472 src/c/main.c.57.o
 .debug_abbrev  0x000010cb      0x428 src/c/marquee.c.57.o
 .debug_abbrev  0x000014f3      0x468 src/c/menu.c.57.o
 .debug_abbrev  0x0000195b       0x43 src/c/more.c.57.o
 .debug_abbrev  0x0000199e      0x103 src/c/touch_input.c.57.o
 .debug_abbrev  0x00001aa1       0x81 src/c/tutorial.c.57.o
 .debug_abbrev  0x00001b22      0x451 src/c/ui.c.57.o
 .debug_abbrev  0x00001f73       0xb9 aplite/appinfo.auto.c.57.o
 .debug_abbrev  0x0000202c       0x48 aplite/src/resource_ids.auto.c.57.o
 .debug_abbrev  0x00002074       0x4a src/message_keys.auto.c.57.o

.debug_loclists
                0x00000000     0x2ac3
 .debug_loclists
                0x00000000      0x928 src/c/comm.c.57.o
 .debug_loclists
                0x00000928      0x360 src/c/controls.c.57.o
 .debug_loclists
                0x00000c88      0x81e src/c/list.c.57.o
 .debug_loclists
                0x000014a6      0x433 src/c/main.c.57.o
 .debug_loclists
                0x000018d9      0x502 src/c/marquee.c.57.o
 .debug_loclists
                0x00001ddb      0x693 src/c/menu.c.57.o
 .debug_loclists
                0x0000246e      0x655 src/c/ui.c.57.o

.debug_aranges  0x00000000      0x528
 .debug_aranges
                0x00000000       0x80 src/c/comm.c.57.o
 .debug_aranges
                0x00000080       0x78 src/c/controls.c.57.o
 .debug_aranges
                0x000000f8       0xc8 src/c/list.c.57.o
 .debug_aranges
                0x000001c0       0xc8 src/c/main.c.57.o
 .debug_aranges
                0x00000288       0x88 src/c/marquee.c.57.o
 .debug_aranges
                0x00000310       0xa8 src/c/menu.c.57.o
 .debug_aranges
                0x000003b8       0x20 src/c/more.c.57.o
 .debug_aranges
                0x000003d8       0x38 src/c/touch_input.c.57.o
 .debug_aranges
                0x00000410       0x28 src/c/tutorial.c.57.o
 .debug_aranges
                0x00000438       0xa8 src/c/ui.c.57.o
 .debug_aranges
                0x000004e0       0x18 aplite/appinfo.auto.c.57.o
 .debug_aranges
                0x000004f8       0x18 aplite/src/resource_ids.auto.c.57.o
 .debug_aranges
                0x00000510       0x18 src/message_keys.auto.c.57.o

.debug_rnglists
                0x00000000      0x51f
 .debug_rnglists
                0x00000000       0xc5 src/c/comm.c.57.o
 .debug_rnglists
                0x000000c5       0x6d src/c/controls.c.57.o
 .debug_rnglists
                0x00000132       0xcd src/c/list.c.57.o
 .debug_rnglists
                0x000001ff       0xae src/c/main.c.57.o
 .debug_rnglists
                0x000002ad       0xce src/c/marquee.c.57.o
 .debug_rnglists
                0x0000037b       0x89 src/c/menu.c.57.o
 .debug_rnglists
                0x00000404       0x13 src/c/more.c.57.o
 .debug_rnglists
                0x00000417       0x25 src/c/touch_input.c.57.o
 .debug_rnglists
                0x0000043c       0x19 src/c/tutorial.c.57.o
 .debug_rnglists
                0x00000455       0xca src/c/ui.c.57.o

.debug_line     0x00000000     0x430f
 .debug_line    0x00000000      0xbdd src/c/comm.c.57.o
 .debug_line    0x00000bdd      0x4b5 src/c/controls.c.57.o
 .debug_line    0x00001092      0xa8e src/c/list.c.57.o
 .debug_line    0x00001b20      0x72f src/c/main.c.57.o
 .debug_line    0x0000224f      0x8d0 src/c/marquee.c.57.o
 .debug_line    0x00002b1f      0x70d src/c/menu.c.57.o
 .debug_line    0x0000322c       0x45 src/c/more.c.57.o
 .debug_line    0x00003271      0x100 src/c/touch_input.c.57.o
 .debug_line    0x00003371       0x60 src/c/tutorial.c.57.o
 .debug_line    0x000033d1      0xb8e src/c/ui.c.57.o
 .debug_line    0x00003f5f      0x17b aplite/appinfo.auto.c.57.o
 .debug_line    0x000040da      0x11e aplite/src/resource_ids.auto.c.57.o
 .debug_line    0x000041f8      0x117 src/message_keys.auto.c.57.o

.debug_str      0x00000000     0x2e5d
 .debug_str     0x00000000     0x2e5d src/c/comm.c.57.o
                               0x101f (size before relaxing)
 .debug_str     0x00002e5d      0x47d src/c/controls.c.57.o
 .debug_str     0x00002e5d      0xdb0 src/c/list.c.57.o
 .debug_str     0x00002e5d      0xd26 src/c/main.c.57.o
 .debug_str     0x00002e5d      0x62f src/c/marquee.c.57.o
 .debug_str     0x00002e5d      0xc14 src/c/menu.c.57.o
 .debug_str     0x00002e5d      0x163 src/c/more.c.57.o
 .debug_str     0x00002e5d      0x23a src/c/touch_input.c.57.o
 .debug_str     0x00002e5d      0x17c src/c/tutorial.c.57.o
 .debug_str     0x00002e5d      0xccb src/c/ui.c.57.o
 .debug_str     0x00002e5d      0x4c2 aplite/appinfo.auto.c.57.o
 .debug_str     0x00002e5d      0x186 aplite/src/resource_ids.auto.c.57.o
 .debug_str     0x00002e5d      0x454 src/message_keys.auto.c.57.o

.debug_frame    0x00000000      0xf0c
 .debug_frame   0x00000000      0x1e0 src/c/comm.c.57.o
 .debug_frame   0x000001e0      0x14c src/c/controls.c.57.o
 .debug_frame   0x0000032c      0x288 src/c/list.c.57.o
 .debug_frame   0x000005b4      0x270 src/c/main.c.57.o
 .debug_frame   0x00000824      0x1cc src/c/marquee.c.57.o
 .debug_frame   0x000009f0      0x22c src/c/menu.c.57.o
 .debug_frame   0x00000c1c       0x20 src/c/more.c.57.o
 .debug_frame   0x00000c3c       0x50 src/c/touch_input.c.57.o
 .debug_frame   0x00000c8c       0x30 src/c/tutorial.c.57.o
 .debug_frame   0x00000cbc      0x250 src/c/ui.c.57.o
